******************************************************************************
                  TI ARM Linker PC v18.12.4                    
******************************************************************************
>> Linked Sun May 31 00:33:48 2020

OUTPUT FILE NAME:   <Assignment.out>
ENTRY POINT SYMBOL: "_c_int00"  address: 0000b261


MEMORY CONFIGURATION

         name            origin    length      used     unused   attr    fill
----------------------  --------  ---------  --------  --------  ----  --------
  FLASH                 00000000   00100000  000132b0  000ecd50  R  X
  SRAM                  20000000   00040000  0000875c  000378a4  RW X


SEGMENT ALLOCATION MAP

run origin  load origin   length   init length attrs members
----------  ----------- ---------- ----------- ----- -------
00000000    00000000    000132c0   000132c0    r-x
  00000000    00000000    0000003c   0000003c    r-- .resetVecs
  00000040    00000040    0000ed0a   0000ed0a    r-x .text
  0000ed50    0000ed50    00004152   00004152    r-- .const
  00012ea8    00012ea8    00000418   00000418    r-- .cinit
20000000    20000000    0000875c   00000000    rw-
  20000000    20000000    00000360   00000000    rw- .vecs
  20000360    20000360    00004000   00000000    rw- .stack
  20004360    20004360    000036f4   00000000    rw- .bss
  20007a54    20007a54    00000d08   00000000    rw- .data


SECTION ALLOCATION MAP

 output                                  attributes/
section   page    origin      length       input sections
--------  ----  ----------  ----------   ----------------
.text      0    00000040    0000ed0a     
                  00000040    00000a4e     rtsv7M4_T_le_v4SPD16_eabi.lib : _printfi.c.obj (.text:__TI_printfi)
                  00000a8e    00000002                                   : _lock.c.obj (.text:_nop)
                  00000a90    000006a4     motorlib.lib : motorlib.obj (.text)
                  00001134    00000004     driverlib.lib : i2c.obj (.text:I2CMasterControl)
                  00001138    00000430     sysbios.aem4f : BIOS.obj (.text:ti_sysbios_family_arm_m3_Hwi_excDumpRegs__I)
                  00001568    000003ec     user_interface.obj (.text:DrawDataOnGraph)
                  00001954    00000370     grlib.lib : image.obj (.text:InternalImageDraw)
                  00001cc4    0000034c     ti.targets.arm.rtsarm.aem4f : System.oem4f (.text:xdc_runtime_System_doPrint__I)
                  00002010    000002e4     grlib.lib : image.obj (.text:PixelTransparentDraw)
                  000022f4    000002a0     rtsv7M4_T_le_v4SPD16_eabi.lib : mktime.c.obj (.text:__mktime32)
                  00002594    00000270                                   : _printfi.c.obj (.text:_pconv_a)
                  00002804    0000026c     pinout.obj (.text:PinoutSet)
                  00002a70    00000268     touch.obj (.text:TouchScreenDebouncer)
                  00002cd8    00000256     grlib.lib : string.obj (.text:GrFontGlyphRender)
                  00002f2e    00000002     rtsv7M4_T_le_v4SPD16_eabi.lib : div0.asm.obj (.text)
                  00002f30    0000024c     sensor_api.obj (.text:swiCurrent)
                  0000317c    0000020c     drivers_tivaware.aem4f : UARTTiva.oem4f (.text:UARTTiva_open)
                  00003388    00000204     Boot.aem4f : Boot_sysctl.oem4f (.text:ti_catalog_arm_cortexm4_tiva_ce_Boot_sysCtlClockFreqSetI__I)
                  0000358c    00000200     driverlib.lib : sysctl.obj (.text:SysCtlClockFreqSet)
                  0000378c    00000200     rtsv7M4_T_le_v4SPD16_eabi.lib : s_exp2.c.obj (.text:exp2)
                  0000398c    00000004     driverlib.lib : i2c.obj (.text:I2CMasterDataGet)
                  00003990    000001f4     sysbios.aem4f : BIOS.obj (.text:ti_sysbios_family_arm_m3_Hwi_excHandlerMax__I)
                  00003b84    000001e8     empty_min_pem4f.oem4f (.text:xdc_runtime_System_printfExtend__I)
                  00003d6c    000001e4     Kentec320x240x16_ssd2119_spi.obj (.text:Kentec320x240x16_SSD2119Init)
                  00003f50    000001dc     Kentec320x240x16_ssd2119_spi.obj (.text:Kentec320x240x16_SSD2119PixelDrawMultiple)
                  0000412c    000001d8     user_interface.obj (.text:setupGraphScreen)
                  00004304    000001d0     rtsv7M4_T_le_v4SPD16_eabi.lib : _printfi.c.obj (.text:_pconv_g)
                  000044d4    000001b6                                   : fd_add_t2.asm.obj (.text)
                  0000468a    00000002     empty_min_pem4f.oem4f (.text:ti_sysbios_BIOS_nullFunc__I)
                  0000468c    000001a4     user_interface.obj (.text:UserInterfaceInit)
                  00004830    00000194     grlib.lib : canvas.obj (.text:CanvasPaint)
                  000049c4    00000188     user_interface.obj (.text:doChangeToSetting)
                  00004b4c    00000178     touch.obj (.text:TouchScreenIntHandler)
                  00004cc4    00000176     grlib.lib : pushbutton.obj (.text:RectangularButtonPaint)
                  00004e3a    00000006     driverlib.lib : gpio.obj (.text:GPIOIntClear)
                  00004e40    00000174     sysbios.aem4f : BIOS.obj (.text:ti_sysbios_family_arm_m3_Hwi_excBusFault__I)
                  00004fb4    00000170     drivers_tivaware.aem4f : PWMTiva.oem4f (.text:PWMTiva_open)
                  00005124    00000004     driverlib.lib : i2c.obj (.text:I2CMasterDataPut)
                  00005128    00000164     sysbios.aem4f : BIOS.obj (.text:ti_sysbios_family_arm_m3_Hwi_excUsageFault__I)
                  0000528c    0000015c     motor_api.obj (.text:checkSpeedSwi)
                  000053e8    00000158     rtsv7M4_T_le_v4SPD16_eabi.lib : e_sqrt.c.obj (.text:sqrt)
                  00005540    00000154     empty_min.obj (.text:setupSensorsAndGUI)
                  00005694    00000004     driverlib.lib : uart.obj (.text:UARTIntClear)
                  00005698    00000154     sysbios.aem4f : BIOS.obj (.text:ti_sysbios_knl_Semaphore_pend__E)
                  000057ec    00000150     drivers_tivaware.aem4f : GPIOTiva.oem4f (.text:GPIO_setConfig)
                  0000593c    0000014c     bmi160.obj (.text:BMI160GetAccelData)
                  00005a88    00000148     sysbios.aem4f : BIOS.obj (.text:ti_sysbios_family_arm_m3_Hwi_excMemFault__I)
                  00005bd0    0000013c     rtsv7M4_T_le_v4SPD16_eabi.lib : _printfi.c.obj (.text:_pconv_e)
                  00005d0c    00000136                                   : fd_div_t2.asm.obj (.text)
                  00005e42    00000002     empty_min_pem4f.oem4f (.text:xdc_runtime_Startup_reset__I)
                  00005e44    00000134     rtsv7M4_T_le_v4SPD16_eabi.lib : localtim.c.obj (.text:__localtime32)
                  00005f78    00000132     driverlib.lib : gpio.obj (.text:GPIOPadConfigSet)
                  000060aa    00000002     --HOLE-- [fill = 0]
                  000060ac    00000124     rtsv7M4_T_le_v4SPD16_eabi.lib : _printfi.c.obj (.text:fcvt)
                  000061d0    00000118     ti.targets.arm.rtsarm.aem4f : Error.oem4f (.text:xdc_runtime_Error_policyDefault__E)
                  000062e8    00000114     drivers_tivaware.aem4f : PWMTimerTiva.oem4f (.text:PWMTimerTiva_open)
                  000063fc    00000110     sensor_api.obj (.text:initSensors)
                  0000650c    00000110     rtsv7M4_T_le_v4SPD16_eabi.lib : s_scalbn.c.obj (.text:scalbn)
                  0000661c    0000010c     Kentec320x240x16_ssd2119_spi.obj (.text:Kentec320x240x16_SSD2119RectFill)
                  00006728    0000010c     touch.obj (.text:TouchScreenInit)
                  00006834    00000004     grlib.lib : widget.obj (.text:WidgetDefaultMsgProc)
                  00006838    00000108     sysbios.aem4f : BIOS.obj (.text:ti_sysbios_family_arm_lm4_Timer_start__E)
                  00006940    00000106     grlib.lib : line.obj (.text:GrLineDraw)
                  00006a46    00000002     --HOLE-- [fill = 0]
                  00006a48    00000100     ti.targets.arm.rtsarm.aem4f : Core-mem.oem4f (.text:xdc_runtime_Core_createObject__I)
                  00006b48    000000fc     rtsv7M4_T_le_v4SPD16_eabi.lib : fd_mul_t2.asm.obj (.text)
                  00006c44    000000f8     ti.targets.arm.rtsarm.aem4f : Startup.oem4f (.text:xdc_runtime_Startup_startMods__I)
                  00006d3c    000000f4     sensor_api.obj (.text:initTemp)
                  00006e30    000000f4     sysbios.aem4f : m3_Hwi_asm.obj (.text:ti_sysbios_family_arm_m3_Hwi_dispatch__I)
                  00006f24    000000f2     grlib.lib : pushbutton.obj (.text:RectangularButtonClick)
                  00007016    000000f0     drivers_tivaware.aem4f : PWMTiva.oem4f (.text:PWMTiva_setDuty)
                  00007106    00000002     --HOLE-- [fill = 0]
                  00007108    000000e8     grlib.lib : widget.obj (.text:WidgetMessageQueueAdd)
                  000071f0    000000e4     sensor_api.obj (.text:taskTemp)
                  000072d4    000000e0     drivers_tivaware.aem4f : I2CTiva.oem4f (.text:I2CTiva_open)
                  000073b4    00000004     rtsv7M4_T_le_v4SPD16_eabi.lib : exit.c.obj (.text:abort:abort)
                  000073b8    000000dc     sysbios.aem4f : BIOS.obj (.text:ti_sysbios_knl_Task_sleep__E)
                  00007494    000000d6     drivers_tivaware.aem4f : I2CTiva.oem4f (.text:I2CTiva_hwiFxn)
                  0000756a    00000006     driverlib.lib : gpio.obj (.text:GPIOPinRead)
                  00007570    000000d4     sysbios.aem4f : BIOS.obj (.text:ti_sysbios_heaps_HeapMem_alloc__E)
                  00007644    000000d0     user_interface.obj (.text:drawDayNight)
                  00007714    000000d0     sensor_api.obj (.text:taskAcceleration)
                  000077e4    00000004     empty_min_pem4f.oem4f (.text:ti_sysbios_BIOS_RtsGateProxy_enter__E)
                  000077e8    000000cc     sysbios.aem4f : BIOS.obj (.text:ti_sysbios_knl_Task_Instance_init__E)
                  000078b4    000000cc     ti.targets.arm.rtsarm.aem4f : Core-smem.oem4f (.text:xdc_runtime_Core_constructObject__I)
                  00007980    000000c8     sensor_api.obj (.text:initAcceleration)
                  00007a48    000000c8     motor_api.obj (.text:setSpeed)
                  00007b10    000000c4     driverlib.lib : eeprom.obj (.text:EEPROMProgram)
                  00007bd4    000000c4     grlib.lib : string.obj (.text:GrDefaultStringRenderer)
                  00007c98    000000c0               : line.obj (.text:GrLineClip)
                  00007d58    000000bc     sysbios.aem4f : BIOS.obj (.text:ti_sysbios_family_arm_m3_Hwi_excDebugMon__I)
                  00007e14    00000004     empty_min_pem4f.oem4f (.text:ti_sysbios_BIOS_RtsGateProxy_leave__E)
                  00007e18    000000bc     sysbios.aem4f : BIOS.obj (.text:ti_sysbios_family_arm_m3_Hwi_excHardFault__I)
                  00007ed4    00000004                   : BIOS.obj (.text:ti_sysbios_family_arm_lm4_Timer_masterEnable__I)
                  00007ed8    000000bc                   : BIOS.obj (.text:ti_sysbios_knl_Task_Instance_finalize__E)
                  00007f94    000000b8     EK_TM4C1294XL.obj (.text:EK_TM4C1294XL_initGeneral)
                  0000804c    000000b8     Kentec320x240x16_ssd2119_spi.obj (.text:InitSPILCDInterface)
                  00008104    000000b8     drivers_tivaware.aem4f : PWMTimerTiva.oem4f (.text:PWMTimerTiva_setDuty)
                  000081bc    000000b4     grlib.lib : widget.obj (.text:WidgetMessageSendPostOrder)
                  00008270    000000b4     sensor_api.obj (.text:initLight)
                  00008324    000000b1     rtsv7M4_T_le_v4SPD16_eabi.lib : _printfi.c.obj (.text:_ltostr)
                  000083d5    00000001     --HOLE-- [fill = 0]
                  000083d6    000000b0     bmi160.obj (.text:BMI160Init)
                  00008486    000000ac     drivers_tivaware.aem4f : UARTTiva.oem4f (.text:readTaskBlocking)
                  00008532    00000006     driverlib.lib : gpio.obj (.text:GPIOPinWrite)
                  00008538    000000ac     sysbios.aem4f : BIOS.obj (.text:ti_sysbios_family_arm_lm4_Timer_enableTiva__I)
                  000085e4    000000a4     user_interface.obj (.text:initSettingValues)
                  00008688    000000a0     empty_min.obj (.text:DrawDateTime)
                  00008728    000000a0     auto_init.aem4f : auto_init.oem4f (.text)
                  000087c8    000000a0     sensor_api.obj (.text:initCurrent)
                  00008868    000000a0     ti.targets.arm.rtsarm.aem4f : Text.oem4f (.text:xdc_runtime_Text_putMod__E)
                  00008908    0000009c     user_interface.obj (.text:decreaseSetting)
                  000089a4    0000009c     motor_api.obj (.text:initMotor)
                  00008a40    0000009c     rtsv7M4_T_le_v4SPD16_eabi.lib : memcpy_t2.asm.obj (.text)
                  00008adc    0000009a     ti.targets.arm.rtsarm.aem4f : Text.oem4f (.text:xdc_runtime_Text_putSite__E)
                  00008b76    00000098     drivers_tivaware.aem4f : UARTTiva.oem4f (.text:UARTTiva_readPolling)
                  00008c0e    00000002     --HOLE-- [fill = 0]
                  00008c10    00000098     Boot.aem4f : Boot.oem4f (.text:ti_catalog_arm_cortexm4_tiva_ce_Boot_sysCtlClockFreqSet__E)
                  00008ca8    00000098     empty_min.obj (.text:userInterfaceFxn)
                  00008d40    00000096     rtsv7M4_T_le_v4SPD16_eabi.lib : ull_div_t2.asm.obj (.text)
                  00008dd6    00000094     drivers_tivaware.aem4f : UARTTiva.oem4f (.text:UARTTiva_write)
                  00008e6a    00000006     grlib.lib : string.obj (.text:GrContextFontSet)
                  00008e70    00000094     sysbios.aem4f : BIOS.obj (.text:ti_sysbios_family_arm_m3_Hwi_Instance_init__E)
                  00008f04    00000004     empty_min_pem4f.oem4f (.text:ti_sysbios_family_arm_m3_Hwi_destruct)
                  00008f08    00000094     sysbios.aem4f : BIOS.obj (.text:ti_sysbios_family_arm_m3_Hwi_initNVIC__E)
                  00008f9c    00000004     empty_min_pem4f.oem4f (.text:ti_sysbios_family_arm_m3_TaskSupport_Module__startupDone__S)
                  00008fa0    00000094     sysbios.aem4f : BIOS.obj (.text:ti_sysbios_knl_Task_postInit__I)
                  00009034    0000008c     drivers_tivaware.aem4f : GPIOTiva.oem4f (.text:GPIO_init)
                  000090c0    0000008c                            : UARTTiva.oem4f (.text:UARTTiva_control)
                  0000914c    0000008c     empty_min.obj (.text:main)
                  000091d8    0000008c     sysbios.aem4f : m3_TaskSupport_asm.obj (.text:ti_sysbios_family_arm_m3_TaskSupport_buildTaskStack)
                  00009264    0000008a     drivers_tivaware.aem4f : UARTTiva.oem4f (.text:readIsrTextBlocking)
                  000092ee    00000002     --HOLE-- [fill = 0]
                  000092f0    00000088                            : PWMTiva.oem4f (.text:PWMTiva_control)
                  00009378    00000086     grlib.lib : rectangle.obj (.text:GrRectFill)
                  000093fe    00000086     rtsv7M4_T_le_v4SPD16_eabi.lib : fd_cmp_t2.asm.obj (.text:__aeabi_cdcmple)
                  00009484    00000086                                   : fd_cmp_t2.asm.obj (.text:__aeabi_cdrcmple)
                  0000950a    00000006     driverlib.lib : i2c.obj (.text:I2CMasterIntDisable)
                  00009510    00000084     sysbios.aem4f : BIOS.obj (.text:ti_sysbios_family_arm_m3_Hwi_postInit__I)
                  00009594    00000082     drivers_tivaware.aem4f : UARTTiva.oem4f (.text:readIsrTextCallback)
                  00009616    00000002     --HOLE-- [fill = 0]
                  00009618    00000080     user_interface.obj (.text:StartStopMotor)
                  00009698    0000007e     drivers_tivaware.aem4f : I2CTiva.oem4f (.text:I2CTiva_transfer)
                  00009716    00000002     --HOLE-- [fill = 0]
                  00009718    0000007c     user_interface.obj (.text:increaseSetting)
                  00009794    00000004     empty_min_pem4f.oem4f (.text:ti_sysbios_hal_Hwi_HwiProxy_delete)
                  00009798    0000007c     sysbios.aem4f : BIOS.obj (.text:ti_sysbios_heaps_HeapMem_free__E)
                  00009814    0000007a     driverlib.lib : adc.obj (.text:ADCSequenceStepConfigure)
                  0000988e    0000007a     drivers_tivaware.aem4f : UARTTiva.oem4f (.text:readTaskCallback)
                  00009908    0000007a     rtsv7M4_T_le_v4SPD16_eabi.lib : memset_t2.asm.obj (.text)
                  00009982    00000002     --HOLE-- [fill = 0]
                  00009984    00000074     user_interface.obj (.text:DrawSettingsParameters)
                  000099f8    00000070     opt3001.obj (.text:OPT3001Convert)
                  00009a68    00000070     sysbios.aem4f : BIOS.obj (.text:ti_sysbios_knl_Clock_workFunc__E)
                  00009ad8    00000070                   : BIOS.obj (.text:ti_sysbios_knl_Task_exit__E)
                  00009b48    0000006e     tmp107.obj (.text:TMP107WaitForEcho)
                  00009bb6    0000006e     rtsv7M4_T_le_v4SPD16_eabi.lib : _printfi.c.obj (.text:_mcpy)
                  00009c24    0000006e                                   : fd_tos_t2.asm.obj (.text)
                  00009c92    0000006e                                   : ll_div_t2.asm.obj (.text)
                  00009d00    0000006d     ti.targets.arm.rtsarm.aem4f : System.oem4f (.text:xdc_runtime_System_formatNum__I)
                  00009d6d    00000003     --HOLE-- [fill = 0]
                  00009d70    0000006c     drivers_tivaware.aem4f : PWMTimerTiva.oem4f (.text:PWMTimerTiva_control)
                  00009ddc    0000006c     rtsv7M4_T_le_v4SPD16_eabi.lib : asctime.c.obj (.text:asctime)
                  00009e48    0000006c     empty_min_pem4f.oem4f (.text:ti_sysbios_family_arm_m3_Hwi_Object__create__S)
                  00009eb4    00000004     empty_min_pem4f.oem4f (.text:ti_sysbios_heaps_HeapMem_Module_GateProxy_enter__E)
                  00009eb8    0000006c     sysbios.aem4f : BIOS.obj (.text:ti_sysbios_knl_Swi_restoreHwi__E)
                  00009f24    0000006c     drivers_tivaware.aem4f : UARTTiva.oem4f (.text:writeData)
                  00009f90    0000006c     ti.targets.arm.rtsarm.aem4f : Error.oem4f (.text:xdc_runtime_Error_print__E)
                  00009ffc    0000006c                                 : Memory.oem4f (.text:xdc_runtime_Memory_alloc__E)
                  0000a068    0000006a     grlib.lib : string.obj (.text:GrStringWidthGet)
                  0000a0d2    0000006a     drivers_tivaware.aem4f : PWMTiva.oem4f (.text:PWMTiva_close)
                  0000a13c    0000006a     tmp107.obj (.text:TMP107InitUart)
                  0000a1a6    00000002     --HOLE-- [fill = 0]
                  0000a1a8    00000068     grlib.lib : context.obj (.text:GrContextInit)
                  0000a210    00000068     driverlib.lib : interrupt.obj (.text:IntEnable)
                  0000a278    00000068     Kentec320x240x16_ssd2119_spi.obj (.text:Kentec320x240x16_SSD2119LineDrawH)
                  0000a2e0    00000068     Kentec320x240x16_ssd2119_spi.obj (.text:Kentec320x240x16_SSD2119LineDrawV)
                  0000a348    00000068     rtsv7M4_T_le_v4SPD16_eabi.lib : copy_decompress_lzss.c.obj (.text:decompress:lzss:__TI_decompress_lzss)
                  0000a3b0    00000066     grlib.lib : rectangle.obj (.text:GrRectDraw)
                  0000a416    00000066     opt3001.obj (.text:OPT3001ReadLight)
                  0000a47c    00000066     ti.targets.arm.rtsarm.aem4f : Core-mem.oem4f (.text:xdc_runtime_Core_deleteObject__I)
                  0000a4e2    00000002     --HOLE-- [fill = 0]
                  0000a4e4    00000064     user_interface.obj (.text:DrawAccelerationSettingsPage)
                  0000a548    00000064     user_interface.obj (.text:DrawCurrentSettingsPage)
                  0000a5ac    00000064     user_interface.obj (.text:DrawTemperatureSettingsPage)
                  0000a610    00000064     drivers_tivaware.aem4f : GPIOTiva.oem4f (.text:GPIO_hwiIntFxn)
                  0000a674    00000064     opt3001.obj (.text:OPT3001Test)
                  0000a6d8    00000064     grlib.lib : widget.obj (.text:WidgetMessageQueueProcess)
                  0000a73c    00000064     user_interface.obj (.text:eStopGUI)
                  0000a7a0    00000064     rtsv7M4_T_le_v4SPD16_eabi.lib : s_frexp.c.obj (.text:frexp)
                  0000a804    00000004     empty_min_pem4f.oem4f (.text:ti_sysbios_heaps_HeapMem_Module_GateProxy_leave__E)
                  0000a808    00000064     sysbios.aem4f : BIOS.obj (.text:ti_sysbios_family_arm_lm4_Timer_Module_startup__E)
                  0000a86c    00000064     empty_min_pem4f.oem4f (.text:ti_sysbios_family_arm_m3_Hwi_create)
                  0000a8d0    00000064     sysbios.aem4f : BIOS.obj (.text:ti_sysbios_family_arm_m3_Hwi_dispatchC__I)
                  0000a934    00000064     empty_min_pem4f.oem4f (.text:ti_sysbios_hal_Hwi_create)
                  0000a998    00000064     sysbios.aem4f : BIOS.obj (.text:ti_sysbios_knl_Semaphore_post__E)
                  0000a9fc    00000062     grlib.lib : context.obj (.text:GrContextClipRegionSet)
                  0000aa5e    00000062     drivers_tivaware.aem4f : I2CTiva.oem4f (.text:I2CTiva_primeTransfer)
                  0000aac0    00000060     driverlib.lib : timer.obj (.text:TimerConfigure)
                  0000ab20    00000060     Kentec320x240x16_ssd2119_spi.obj (.text:WriteDataSPI)
                  0000ab80    00000060     sensor_api.obj (.text:taskLight)
                  0000abe0    0000005e     tmp107.obj (.text:TMP107Init)
                  0000ac3e    0000005e     drivers_tivaware.aem4f : UARTTiva.oem4f (.text:readIsrBinaryBlocking)
                  0000ac9c    0000005c     grlib.lib : widget.obj (.text:WidgetMessageSendPreOrder)
                  0000acf8    0000005c     Kentec320x240x16_ssd2119_spi.obj (.text:WriteCommandSPI)
                  0000ad54    0000005c     sensor_api.obj (.text:getAcceleration)
                  0000adb0    0000005c     sensor_api.obj (.text:getBoardTemp)
                  0000ae0c    0000005c     sensor_api.obj (.text:getCurrent)
                  0000ae68    0000005c     sensor_api.obj (.text:getLight)
                  0000aec4    0000005c     sensor_api.obj (.text:getMotorTemp)
                  0000af20    0000005c     sysbios.aem4f : BIOS.obj (.text:ti_sysbios_knl_Swi_run__I)
                  0000af7c    00000004     empty_min_pem4f.oem4f (.text:ti_sysbios_knl_Clock_TimerProxy_getMaxTicks__E)
                  0000af80    0000005c     sysbios.aem4f : BIOS.obj (.text:ti_sysbios_knl_Swi_schedule__I)
                  0000afdc    00000004     empty_min_pem4f.oem4f (.text:ti_sysbios_knl_Clock_destruct)
                  0000afe0    0000005c     sysbios.aem4f : BIOS.obj (.text:ti_sysbios_knl_Task_Module_startup__E)
                  0000b03c    0000005c     empty_min_pem4f.oem4f (.text:ti_sysbios_knl_Task_create)
                  0000b098    0000005c     sysbios.aem4f : BIOS.obj (.text:ti_sysbios_knl_Task_startCore__E)
                  0000b0f4    0000005b     ti.targets.arm.rtsarm.aem4f : Text.oem4f (.text:xdc_runtime_Text_putLab__E)
                  0000b14f    00000001     --HOLE-- [fill = 0]
                  0000b150    0000005a     grlib.lib : string.obj (.text:FontWideGlyphDataGet)
                  0000b1aa    0000005a     tmp107.obj (.text:TMP107Decode5bitAddress)
                  0000b204    0000005a     tmp107.obj (.text:TMP107Encode5bitAddress)
                  0000b25e    00000002     --HOLE-- [fill = 0]
                  0000b260    00000058     boot.aem4f : boot.oem4f (.text)
                  0000b2b8    00000058     user_interface.obj (.text:DrawMotorSettingsPage)
                  0000b310    00000058     rtsv7M4_T_le_v4SPD16_eabi.lib : hostwrite.c.obj (.text:HOSTwrite)
                  0000b368    00000058     driverlib.lib : timer.obj (.text:TimerControlTrigger)
                  0000b3c0    00000058     empty_min_pem4f.oem4f (.text:ti_sysbios_family_arm_m3_Hwi_construct)
                  0000b418    00000058     sysbios.aem4f : m3_Hwi_asm_switch.obj (.text:ti_sysbios_family_arm_m3_Hwi_initStacks__E)
                  0000b470    00000056     driverlib.lib : gpio.obj (.text:GPIOIntTypeSet)
                  0000b4c6    00000056     rtsv7M4_T_le_v4SPD16_eabi.lib : _printfi.c.obj (.text:_pconv_f)
                  0000b51c    00000054     driverlib.lib : eeprom.obj (.text:EEPROMMassErase)
                  0000b570    00000054     EK_TM4C1294XL.obj (.text:EK_TM4C1294XL_initUART)
                  0000b5c4    00000054     rtsv7M4_T_le_v4SPD16_eabi.lib : ltoa.c.obj (.text:ltoa)
                  0000b618    00000054     drivers_tivaware.aem4f : UARTTiva.oem4f (.text:readIsrBinaryCallback)
                  0000b66c    00000004     empty_min_pem4f.oem4f (.text:ti_sysbios_knl_Queue_destruct)
                  0000b670    00000054     sysbios.aem4f : BIOS.obj (.text:ti_sysbios_family_arm_lm4_Timer_initDevice__I)
                  0000b6c4    00000054     ti.targets.arm.rtsarm.aem4f : Assert.oem4f (.text:xdc_runtime_Assert_raise__I)
                  0000b718    00000052     tmp107.obj (.text:TMP107SetConfig)
                  0000b76a    00000052     rtsv7M4_T_le_v4SPD16_eabi.lib : _printfi.c.obj (.text:_ecpy)
                  0000b7bc    00000050     driverlib.lib : adc.obj (.text:ADCSequenceConfigure)
                  0000b80c    00000050     drivers_tivaware.aem4f : GPIOTiva.oem4f (.text:GPIO_setCallback)
                  0000b85c    00000050                            : GPIOTiva.oem4f (.text:GPIO_write)
                  0000b8ac    00000050     opt3001.obj (.text:OPT3001WriteI2C)
                  0000b8fc    00000050     driverlib.lib : sysctl.obj (.text:SysCtlPeripheralReset)
                  0000b94c    00000050     tmp107.obj (.text:TMP107LastDevicePoll)
                  0000b99c    00000050     drivers_tivaware.aem4f : UARTTiva.oem4f (.text:UARTTiva_writeCancel)
                  0000b9ec    00000050     Boot.aem4f : Boot_sysctl.oem4f (.text:_SysCtlFrequencyGet)
                  0000ba3c    00000050     empty_min.obj (.text:getCurrentDateTime)
                  0000ba8c    00000004     empty_min_pem4f.oem4f (.text:ti_sysbios_knl_Semaphore_destruct)
                  0000ba90    00000050     sysbios.aem4f : BIOS.obj (.text:ti_sysbios_family_arm_m3_Hwi_Module_startup__E)
                  0000bae0    00000050                   : BIOS.obj (.text:ti_sysbios_knl_Clock_Instance_init__E)
                  0000bb30    00000050     ti.targets.arm.rtsarm.aem4f : Startup.oem4f (.text:xdc_runtime_Startup_exec__E)
                  0000bb80    00000050                                 : Text.oem4f (.text:xdc_runtime_Text_visitRope2__I)
                  0000bbd0    0000004c     driverlib.lib : i2c.obj (.text:I2CMasterInitExpClk)
                  0000bc1c    0000004c     drivers_tivaware.aem4f : UARTTiva.oem4f (.text:UARTTiva_close)
                  0000bc68    0000004c     grlib.lib : widget.obj (.text:WidgetRemove)
                  0000bcb4    0000004c     rtsv7M4_T_le_v4SPD16_eabi.lib : atoi.c.obj (.text:atoi)
                  0000bd00    0000004c                                   : cpy_tbl.c.obj (.text:copy_in)
                  0000bd4c    0000004c                                   : snprintf.c.obj (.text:snprintf)
                  0000bd98    0000004c     sysbios.aem4f : BIOS.obj (.text:ti_sysbios_family_arm_lm4_Timer_setAvailMask__E)
                  0000bde4    00000004     ti.targets.arm.rtsarm.aem4f : Error.oem4f (.text:xdc_runtime_Error_getSite__E)
                  0000bde8    0000004c     sysbios.aem4f : BIOS.obj (.text:ti_sysbios_heaps_HeapMem_getStats__E)
                  0000be34    00000004     empty_min_pem4f.oem4f (.text:xdc_runtime_System_Module_GateProxy_enter__E)
                  0000be38    0000004c     sysbios.aem4f : BIOS.obj (.text:ti_sysbios_knl_Swi_runLoop__I)
                  0000be84    00000004     empty_min_pem4f.oem4f (.text:xdc_runtime_System_Module_GateProxy_leave__E)
                  0000be88    0000004c     sysbios.aem4f : BIOS.obj (.text:ti_sysbios_knl_Task_allBlockedFunction__I)
                  0000bed4    00000004     ti.targets.arm.rtsarm.aem4f : System.oem4f (.text:xdc_runtime_System_aprintf_va__F)
                  0000bed8    0000004c     sysbios.aem4f : BIOS.obj (.text:ti_sysbios_knl_Task_schedule__I)
                  0000bf24    0000004a     drivers_tivaware.aem4f : PWMTimerTiva.oem4f (.text:PWMTimerTiva_close)
                  0000bf6e    0000004a     grlib.lib : string.obj (.text:UpdateContextCharMapping)
                  0000bfb8    00000048     bmi160.obj (.text:BMI160WriteI2C)
                  0000c000    00000048     driverlib.lib : gpio.obj (.text:GPIOPinConfigure)
                  0000c048    00000048     rtsv7M4_T_le_v4SPD16_eabi.lib : hosttime.c.obj (.text:HOSTtime)
                  0000c090    00000048     driverlib.lib : sysctl.obj (.text:_SysCtlFrequencyGet)
                  0000c0d8    00000048     rtsv7M4_T_le_v4SPD16_eabi.lib : fd_toi_t2.asm.obj (.text)
                  0000c120    00000048     user_interface.obj (.text:setupEEPROM)
                  0000c168    00000048     sysbios.aem4f : BIOS.obj (.text:ti_sysbios_family_arm_lm4_Timer_enableTimers__I)
                  0000c1b0    00000048                   : BIOS.obj (.text:ti_sysbios_family_arm_m3_Hwi_disableInterrupt__E)
                  0000c1f8    00000048                   : BIOS.obj (.text:ti_sysbios_family_arm_m3_Hwi_enableInterrupt__E)
                  0000c240    00000048                   : BIOS.obj (.text:ti_sysbios_family_arm_m3_Hwi_excReserved__I)
                  0000c288    00000046     grlib.lib : line.obj (.text:GrLineDrawH)
                  0000c2ce    00000046               : line.obj (.text:GrLineDrawV)
                  0000c314    00000046     Kentec320x240x16_ssd2119_spi.obj (.text:Kentec320x240x16_SSD2119PixelDraw)
                  0000c35a    00000046     drivers_tivaware.aem4f : RingBuf.oem4f (.text:RingBuf_put)
                  0000c3a0    00000046     driverlib.lib : uart.obj (.text:UARTConfigSetExpClk)
                  0000c3e6    00000046     ti.targets.arm.rtsarm.aem4f : Core-params.oem4f (.text:xdc_runtime_Core_assignParams__I)
                  0000c42c    00000044     bmi160.obj (.text:BMI160InterruptThreshold)
                  0000c470    00000044     rtsv7M4_T_le_v4SPD16_eabi.lib : fd_tou_t2.asm.obj (.text)
                  0000c4b4    00000004     ti.targets.arm.rtsarm.aem4f : System.oem4f (.text:xdc_runtime_System_printf_va__F)
                  0000c4b8    00000044     sysbios.aem4f : BIOS.obj (.text:ti_sysbios_family_arm_lm4_Timer_isrStub__E)
                  0000c4fc    00000004     --HOLE-- [fill = 0]
                  0000c500    00000044                   : BIOS.obj (.text:ti_sysbios_family_arm_m3_Hwi_getStackInfo__E)
                  0000c544    00000004     --HOLE-- [fill = 0]
                  0000c548    00000044                   : BIOS.obj (.text:ti_sysbios_knl_Swi_post__E)
                  0000c58c    00000044     ti.targets.arm.rtsarm.aem4f : Error.oem4f (.text:xdc_runtime_Error_setX__E)
                  0000c5d0    00000044                                 : SysMin.oem4f (.text:xdc_runtime_SysMin_flush__E)
                  0000c614    00000044                                 : Text.oem4f (.text:xdc_runtime_Text_xprintf__I)
                  0000c658    00000042     bmi160.obj (.text:BMI160ReadI2C)
                  0000c69a    00000042     drivers_tivaware.aem4f : UARTTiva.oem4f (.text:UARTTiva_hwiIntFxn)
                  0000c6dc    00000042                            : UARTTiva.oem4f (.text:UARTTiva_writePolling)
                  0000c71e    00000002     --HOLE-- [fill = 0]
                  0000c720    00000040     driverlib.lib : eeprom.obj (.text:EEPROMInit)
                  0000c760    00000040     opt3001.obj (.text:OPT3001ReadI2C)
                  0000c7a0    00000040     drivers_tivaware.aem4f : RingBuf.oem4f (.text:RingBuf_get)
                  0000c7e0    00000040                            : UARTTiva.oem4f (.text:UARTTiva_read)
                  0000c820    00000040     user_interface.obj (.text:removeAllWidgets)
                  0000c860    00000040     rtsv7M4_T_le_v4SPD16_eabi.lib : u_divt2.asm.obj (.text)
                  0000c8a0    00000040                                   : sprintf.c.obj (.text:sprintf)
                  0000c8e0    00000040     sysbios.aem4f : BIOS.obj (.text:ti_sysbios_family_arm_lm4_Timer_startup__E)
                  0000c920    00000040                   : BIOS.obj (.text:ti_sysbios_heaps_HeapMem_Instance_init__E)
                  0000c960    0000003e     rtsv7M4_T_le_v4SPD16_eabi.lib : _printfi.c.obj (.text:_fcpy)
                  0000c99e    00000002     --HOLE-- [fill = 0]
                  0000c9a0    0000003c     EK_TM4C1294XL.obj (.text:EK_TM4C1294XL_initI2C)
                  0000c9dc    0000003c     driverlib.lib : ssi.obj (.text:SSIConfigSetExpClk)
                  0000ca18    0000003c     tmp107.obj (.text:TMP107DecodeTemperatureResult)
                  0000ca54    0000003c     driverlib.lib : eeprom.obj (.text:_EEPROMSectorMaskSet)
                  0000ca90    0000003c     sysbios.aem4f : BIOS.obj (.text:ti_sysbios_family_arm_m3_Hwi_excSvCall__I)
                  0000cacc    00000004     --HOLE-- [fill = 0]
                  0000cad0    0000003c                   : BIOS.obj (.text:ti_sysbios_heaps_HeapMem_init__I)
                  0000cb0c    00000004     --HOLE-- [fill = 0]
                  0000cb10    0000003c                   : BIOS.obj (.text:ti_sysbios_knl_Swi_restore__E)
                  0000cb4c    0000003a     grlib.lib : string.obj (.text:FontGlyphDataGet)
                  0000cb86    0000003a     drivers_tivaware.aem4f : I2CTiva.oem4f (.text:I2CTiva_completeTransfer)
                  0000cbc0    00000038     user_interface.obj (.text:DrawHomeScreen)
                  0000cbf8    00000038     driverlib.lib : eeprom.obj (.text:EEPROMRead)
                  0000cc30    00000038     drivers_tivaware.aem4f : I2C.oem4f (.text:I2C_init)
                  0000cc68    00000038                            : PWM.oem4f (.text:PWM_init)
                  0000cca0    00000038     driverlib.lib : sysctl.obj (.text:SysCtlPeripheralReady)
                  0000ccd8    00000038     drivers_tivaware.aem4f : UART.oem4f (.text:UART_init)
                  0000cd10    00000038     rtsv7M4_T_le_v4SPD16_eabi.lib : trgmsg.c.obj (.text:__TI_writemsg)
                  0000cd48    00000038                                   : fs_tod_t2.asm.obj (.text)
                  0000cd80    00000038     motor_api.obj (.text:startMotor)
                  0000cdb8    00000038     sysbios.aem4f : BIOS.obj (.text:ti_sysbios_family_arm_m3_Hwi_excNoIsr__I)
                  0000cdf0    00000038                   : BIOS.obj (.text:ti_sysbios_knl_Task_processVitalTaskFlag__I)
                  0000ce28    00000038     ti.targets.arm.rtsarm.aem4f : SysMin.oem4f (.text:xdc_runtime_SysMin_putch__E)
                  0000ce60    00000038                                 : System.oem4f (.text:xdc_runtime_System_atexit__E)
                  0000ce98    00000036     grlib.lib : line.obj (.text:GrClipCodeGet)
                  0000cece    00000036     drivers_tivaware.aem4f : I2CTiva.oem4f (.text:I2CTiva_close)
                  0000cf04    00000036                            : UARTTiva.oem4f (.text:UARTTiva_readCancel)
                  0000cf3a    00000002     --HOLE-- [fill = 0]
                  0000cf3c    00000034     driverlib.lib : sysctl.obj (.text:SysCtlPeripheralEnable)
                  0000cf70    00000034                   : eeprom.obj (.text:_EEPROMSectorMaskClear)
                  0000cfa4    00000034     rtsv7M4_T_le_v4SPD16_eabi.lib : trgmsg.c.obj (.text:__TI_readmsg)
                  0000cfd8    00000034     motor_api.obj (.text:motorUpdateFunc)
                  0000d00c    00000004     --HOLE-- [fill = 0]
                  0000d010    00000034     sysbios.aem4f : BIOS.obj (.text:ti_sysbios_family_arm_m3_Hwi_Instance_finalize__E)
                  0000d044    00000004     --HOLE-- [fill = 0]
                  0000d048    00000034                   : BIOS.obj (.text:ti_sysbios_family_arm_m3_Hwi_excNmi__I)
                  0000d07c    00000034     empty_min_pem4f.oem4f (.text:ti_sysbios_knl_Clock_construct)
                  0000d0b0    00000034     ti.targets.arm.rtsarm.aem4f : Core-label.oem4f (.text:xdc_runtime_Core_assignLabel__I)
                  0000d0e4    00000033                                 : Text.oem4f (.text:xdc_runtime_Text_printVisFxn__I)
                  0000d117    00000001     --HOLE-- [fill = 0]
                  0000d118    00000032     sysbios.aem4f : BIOS.obj (.text:ti_sysbios_hal_Hwi_initStack)
                  0000d14a    00000002     --HOLE-- [fill = 0]
                  0000d14c    00000030     drivers_tivaware.aem4f : GPIOTiva.oem4f (.text:GPIO_enableInt)
                  0000d17c    00000030                            : GPIOTiva.oem4f (.text:GPIO_read)
                  0000d1ac    00000030                            : I2C.oem4f (.text:I2C_open)
                  0000d1dc    00000030                            : PWMTiva.oem4f (.text:PWMTiva_init)
                  0000d20c    00000030                            : PWM.oem4f (.text:PWM_open)
                  0000d23c    00000030                            : UART.oem4f (.text:UART_open)
                  0000d26c    00000030     rtsv7M4_T_le_v4SPD16_eabi.lib : snprintf.c.obj (.text:_outs)
                  0000d29c    00000030     user_interface.obj (.text:drawAccelerationGraph)
                  0000d2cc    00000030     user_interface.obj (.text:drawAmbientTemperatureGraph)
                  0000d2fc    00000030     user_interface.obj (.text:drawMotorTemperatureGraph)
                  0000d32c    00000030     motor_api.obj (.text:rotationCallbackFxn)
                  0000d35c    00000030     sensor_api.obj (.text:setThresholdAccel)
                  0000d38c    00000030     sensor_api.obj (.text:setThresholdCurrent)
                  0000d3bc    00000030     empty_min_pem4f.oem4f (.text:ti_sysbios_BIOS_atExitFunc__I)
                  0000d3ec    00000004     --HOLE-- [fill = 0]
                  0000d3f0    00000030     sysbios.aem4f : BIOS.obj (.text:ti_sysbios_family_arm_lm4_Timer_stop__E)
                  0000d420    00000030                   : BIOS.obj (.text:ti_sysbios_family_arm_m3_TaskSupport_start__E)
                  0000d450    00000030     empty_min_pem4f.oem4f (.text:ti_sysbios_gates_GateHwi_Object__create__S)
                  0000d480    00000030     empty_min_pem4f.oem4f (.text:ti_sysbios_gates_GateMutex_Object__create__S)
                  0000d4b0    00000030     sysbios.aem4f : BIOS.obj (.text:ti_sysbios_gates_GateMutex_enter__E)
                  0000d4e0    00000030     empty_min_pem4f.oem4f (.text:ti_sysbios_heaps_HeapMem_Object__create__S)
                  0000d510    00000030     empty_min_pem4f.oem4f (.text:ti_sysbios_knl_Semaphore_construct)
                  0000d540    00000030     sysbios.aem4f : BIOS.obj (.text:ti_sysbios_knl_Semaphore_pendTimeout__I)
                  0000d570    00000030                   : BIOS.obj (.text:ti_sysbios_knl_Task_unblockI__E)
                  0000d5a0    00000030     ti.targets.arm.rtsarm.aem4f : SysMin.oem4f (.text:xdc_runtime_SysMin_abort__E)
                  0000d5d0    00000030                                 : System.oem4f (.text:xdc_runtime_System_processAtExit__E)
                  0000d600    0000002f     empty_min.obj (.text:sensorsFxn)
                  0000d62f    00000001     --HOLE-- [fill = 0]
                  0000d630    0000002e     driverlib.lib : adc.obj (.text:ADCIntStatus)
                  0000d65e    0000002e     grlib.lib : string.obj (.text:GrStringNextCharGet)
                  0000d68c    0000002e     opt3001.obj (.text:OPT3001Enable)
                  0000d6ba    0000002e     rtsv7M4_T_le_v4SPD16_eabi.lib : i_tofd_t2.asm.obj (.text)
                  0000d6e8    0000002c     user_interface.obj (.text:DrawGraphMenuScreen)
                  0000d714    0000002c     user_interface.obj (.text:DrawSetMenuScreen)
                  0000d740    0000002c     grlib.lib : string.obj (.text:GrFontBaselineGet)
                  0000d76c    0000002c               : string.obj (.text:GrFontHeightGet)
                  0000d798    0000002c     user_interface.obj (.text:drawPowerGraph)
                  0000d7c4    0000002c     empty_min_pem4f.oem4f (.text:ti_sysbios_knl_Clock_doTick__I)
                  0000d7f0    0000002c     empty_min_pem4f.oem4f (.text:ti_sysbios_knl_Queue_construct)
                  0000d81c    00000004     --HOLE-- [fill = 0]
                  0000d820    0000002c     sysbios.aem4f : BIOS.obj (.text:ti_sysbios_knl_Task_restore__E)
                  0000d84c    0000002c     ti.targets.arm.rtsarm.aem4f : Text.oem4f (.text:xdc_runtime_Text_cordText__E)
                  0000d878    0000002a     driverlib.lib : gpio.obj (.text:GPIODirModeSet)
                  0000d8a2    0000002a     grlib.lib : widget.obj (.text:WidgetIsInTree)
                  0000d8cc    0000002a     ti.targets.arm.rtsarm.aem4f : System.oem4f (.text:xdc_runtime_System_putchar__I)
                  0000d8f6    00000028     Kentec320x240x16_ssd2119_spi.obj (.text:Kentec320x240x16_SSD2119ColorTranslate)
                  0000d91e    00000028     grlib.lib : pushbutton.obj (.text:RectangularButtonMsgProc)
                  0000d946    00000002     --HOLE-- [fill = 0]
                  0000d948    00000028     user_interface.obj (.text:drawLightGraph)
                  0000d970    00000028     user_interface.obj (.text:drawSpeedGraph)
                  0000d998    00000028     motor_api.obj (.text:getSpeed)
                  0000d9c0    00000028     user_interface.obj (.text:returnFromGraph)
                  0000d9e8    00000028     motor_api.obj (.text:setDesiredSpeed)
                  0000da10    00000028     sysbios.aem4f : BIOS.obj (.text:ti_sysbios_hal_Hwi_Instance_init__E)
                  0000da38    00000028                   : BIOS.obj (.text:ti_sysbios_knl_Swi_Module_startup__E)
                  0000da60    00000026     grlib.lib : string.obj (.text:GrFontInfoGet)
                  0000da86    00000026     sysbios.aem4f : m3_Hwi_asm.obj (.text:ti_sysbios_family_arm_m3_Hwi_pendSV__I)
                  0000daac    00000026     ti.targets.arm.rtsarm.aem4f : System.oem4f (.text:xdc_runtime_System_avprintf__E)
                  0000dad2    00000024     grlib.lib : widget.obj (.text:WidgetAdd)
                  0000daf6    00000002     --HOLE-- [fill = 0]
                  0000daf8    00000024     empty_min_pem4f.oem4f (.text:ti_sysbios_BIOS_errorRaiseHook__I)
                  0000db1c    00000024     empty_min_pem4f.oem4f (.text:ti_sysbios_BIOS_registerRTSLock__I)
                  0000db40    00000024     empty_min_pem4f.oem4f (.text:ti_sysbios_BIOS_removeRTSLock__I)
                  0000db64    00000024     empty_min_pem4f.oem4f (.text:ti_sysbios_BIOS_startFunc__I)
                  0000db88    00000024     empty_min_pem4f.oem4f (.text:ti_sysbios_gates_GateMutex_Object__delete__S)
                  0000dbac    00000004     --HOLE-- [fill = 0]
                  0000dbb0    00000024     sysbios.aem4f : BIOS.obj (.text:ti_sysbios_knl_Clock_Module_startup__E)
                  0000dbd4    00000004     --HOLE-- [fill = 0]
                  0000dbd8    00000024                   : BIOS.obj (.text:ti_sysbios_knl_Clock_start__E)
                  0000dbfc    00000004     --HOLE-- [fill = 0]
                  0000dc00    00000024                   : BIOS.obj (.text:ti_sysbios_knl_Semaphore_Instance_init__E)
                  0000dc24    00000004     --HOLE-- [fill = 0]
                  0000dc28    00000024                   : BIOS.obj (.text:ti_sysbios_knl_Task_restoreHwi__E)
                  0000dc4c    00000024     ti.targets.arm.rtsarm.aem4f : System.oem4f (.text:xdc_runtime_System_vprintf__E)
                  0000dc70    00000022     grlib.lib : string.obj (.text:GrFontGlyphDataGet)
                  0000dc92    00000022     driverlib.lib : pwm.obj (.text:PWMGenConfigure)
                  0000dcb4    00000022     drivers_tivaware.aem4f : PWMTiva.oem4f (.text:PWMTiva_getPeriodCounts)
                  0000dcd6    00000002     --HOLE-- [fill = 0]
                  0000dcd8    00000022     sysbios.aem4f : BIOS.obj (.text:ti_sysbios_family_arm_lm4_Timer_write__I)
                  0000dcfa    00000022     empty_min_pem4f.oem4f (.text:xdc_runtime_SysMin_output__I)
                  0000dd1c    00000020     empty_min.obj (.text:ClockFxn)
                  0000dd3c    00000020     driverlib.lib : uart.obj (.text:UARTDisable)
                  0000dd5c    00000020     Boot.aem4f : Boot_sysctl.oem4f (.text:_SysCtlMemTimingGet)
                  0000dd7c    00000020     driverlib.lib : sysctl.obj (.text:_SysCtlMemTimingGet)
                  0000dd9c    00000020     sensor_api.obj (.text:callbackTriggerAccelEStop)
                  0000ddbc    00000020     motor_api.obj (.text:eStopMotor)
                  0000dddc    00000020     rtsv7M4_T_le_v4SPD16_eabi.lib : u_tofd_t2.asm.obj (.text)
                  0000ddfc    00000020     empty_min_pem4f.oem4f (.text:ti_sysbios_BIOS_rtsLock__I)
                  0000de1c    00000020     empty_min_pem4f.oem4f (.text:ti_sysbios_family_arm_m3_Hwi_Object__delete__S)
                  0000de3c    00000020     sysbios.aem4f : m3_Hwi_asm.obj (.text:ti_sysbios_family_arm_m3_Hwi_excHandlerAsm__I)
                  0000de5c    00000004     --HOLE-- [fill = 0]
                  0000de60    00000020                   : BIOS.obj (.text:ti_sysbios_family_arm_m3_Hwi_excHandler__I)
                  0000de80    00000020     empty_min_pem4f.oem4f (.text:ti_sysbios_gates_GateHwi_Object__delete__S)
                  0000dea0    00000020     empty_min_pem4f.oem4f (.text:ti_sysbios_heaps_HeapMem_Object__delete__S)
                  0000dec0    00000020     empty_min_pem4f.oem4f (.text:ti_sysbios_knl_Clock_Object__destruct__S)
                  0000dee0    00000020     sysbios.aem4f : BIOS.obj (.text:ti_sysbios_knl_Idle_run__E)
                  0000df00    00000020     empty_min_pem4f.oem4f (.text:ti_sysbios_knl_Semaphore_Object__destruct__S)
                  0000df20    00000020     ti.targets.arm.rtsarm.aem4f : Registry.oem4f (.text:xdc_runtime_Registry_findById__E)
                  0000df40    00000020                                 : SysMin.oem4f (.text:xdc_runtime_SysMin_Module_startup__E)
                  0000df60    0000001e     driverlib.lib : adc.obj (.text:ADCSequenceDataGet)
                  0000df7e    0000001e     grlib.lib : string.obj (.text:GrFontCodepageGet)
                  0000df9c    0000001e     driverlib.lib : pwm.obj (.text:PWMPulseWidthSet)
                  0000dfba    0000001e     drivers_tivaware.aem4f : PWMTiva.oem4f (.text:PWMTiva_getPeriodMicroSecs)
                  0000dfd8    0000001e     sysbios.aem4f : m3_Hwi_asm_switch.obj (.text:ti_sysbios_family_xxx_Hwi_switchAndRunFunc)
                  0000dff6    00000002     --HOLE-- [fill = 0]
                  0000dff8    0000001c     grlib.lib : widget.obj (.text:WidgetPointerMessage)
                  0000e014    0000001c     drivers_tivaware.aem4f : GPIOTiva.oem4f (.text:getGpioIntIndex)
                  0000e030    0000001c     rtsv7M4_T_le_v4SPD16_eabi.lib : memccpy.c.obj (.text:memccpy)
                  0000e04c    0000001c     empty_min_pem4f.oem4f (.text:ti_sysbios_family_arm_m3_Hwi_Object__destruct__S)
                  0000e068    0000001c     sysbios.aem4f : BIOS.obj (.text:ti_sysbios_gates_GateMutex_Instance_init__E)
                  0000e084    0000001c     empty_min_pem4f.oem4f (.text:ti_sysbios_hal_Hwi_HwiProxy_create)
                  0000e0a0    0000001c     sysbios.aem4f : BIOS.obj (.text:ti_sysbios_knl_Clock_Instance_finalize__E)
                  0000e0bc    0000001c     empty_min_pem4f.oem4f (.text:ti_sysbios_knl_Queue_Object__destruct__S)
                  0000e0d8    0000001c     sysbios.aem4f : BIOS.obj (.text:ti_sysbios_knl_Queue_put__E)
                  0000e0f4    00000004     --HOLE-- [fill = 0]
                  0000e0f8    0000001c                   : BIOS.obj (.text:ti_sysbios_knl_Task_enter__I)
                  0000e114    0000001c     ti.targets.arm.rtsarm.aem4f : Error.oem4f (.text:xdc_runtime_Error_raiseX__E)
                  0000e130    0000001c                                 : Memory.oem4f (.text:xdc_runtime_Memory_valloc__E)
                  0000e14c    0000001c                                 : SysMin.oem4f (.text:xdc_runtime_SysMin_exit__E)
                  0000e168    0000001c                                 : System.oem4f (.text:xdc_runtime_System_abort__E)
                  0000e184    0000001a     rtsv7M4_T_le_v4SPD16_eabi.lib : s_copysign.c.obj (.text:copysign)
                  0000e19e    0000001a     empty_min_pem4f.oem4f (.text:ti_sysbios_family_arm_m3_Hwi_Handle__label__S)
                  0000e1b8    0000001a     empty_min_pem4f.oem4f (.text:ti_sysbios_gates_GateHwi_Handle__label__S)
                  0000e1d2    0000001a     empty_min_pem4f.oem4f (.text:ti_sysbios_gates_GateMutex_Handle__label__S)
                  0000e1ec    0000001a     empty_min_pem4f.oem4f (.text:ti_sysbios_heaps_HeapMem_Handle__label__S)
                  0000e206    0000001a     empty_min_pem4f.oem4f (.text:ti_sysbios_knl_Swi_Handle__label__S)
                  0000e220    0000001a     empty_min_pem4f.oem4f (.text:ti_sysbios_knl_Task_Handle__label__S)
                  0000e23a    0000001a     empty_min_pem4f.oem4f (.text:xdc_runtime_System_aprintf__E)
                  0000e254    0000001a     empty_min_pem4f.oem4f (.text:xdc_runtime_System_printf__E)
                  0000e26e    00000018     driverlib.lib : adc.obj (.text:ADCProcessorTrigger)
                  0000e286    00000018                   : gpio.obj (.text:GPIOPinTypeGPIOOutput)
                  0000e29e    00000018     tmp107.obj (.text:TMP107Transmit)
                  0000e2b6    00000018     driverlib.lib : timer.obj (.text:TimerControlLevel)
                  0000e2ce    00000002     --HOLE-- [fill = 0]
                  0000e2d0    00000018                   : timer.obj (.text:TimerDisable)
                  0000e2e8    00000018     drivers_tivaware.aem4f : UART.oem4f (.text:UART_Params_init)
                  0000e300    00000018     rtsv7M4_T_le_v4SPD16_eabi.lib : args_main.c.obj (.text:_args_main)
                  0000e318    00000018                                   : snprintf.c.obj (.text:_outc)
                  0000e330    00000018                                   : sprintf.c.obj (.text:_outs)
                  0000e348    00000018     sensor_api.obj (.text:setThresholdTemp)
                  0000e360    00000018     motor_api.obj (.text:stopMotor_api)
                  0000e378    00000018     empty_min_pem4f.oem4f (.text:ti_sysbios_BIOS_rtsUnlock__I)
                  0000e390    00000018     empty_min_pem4f.oem4f (.text:ti_sysbios_family_arm_lm4_Timer_Module__startupDone__F)
                  0000e3a8    00000018     empty_min_pem4f.oem4f (.text:ti_sysbios_family_arm_m3_Hwi_Module__startupDone__F)
                  0000e3c0    00000018     sysbios.aem4f : m3_TaskSupport_asm.obj (.text:ti_sysbios_family_arm_m3_TaskSupport_swap__E)
                  0000e3d8    00000018                   : BIOS.obj (.text:ti_sysbios_gates_GateMutex_leave__E)
                  0000e3f0    00000018                   : BIOS.obj (.text:ti_sysbios_knl_Task_sleepTimeout__I)
                  0000e408    00000018     ti.targets.arm.rtsarm.aem4f : Error.oem4f (.text:xdc_runtime_Error_check__E)
                  0000e420    00000018                                 : System.oem4f (.text:xdc_runtime_System_exit__E)
                  0000e438    00000018                                 : Text.oem4f (.text:xdc_runtime_Text_ropeText__E)
                  0000e450    00000016     grlib.lib : string.obj (.text:GrStringDraw)
                  0000e466    00000016     driverlib.lib : i2c.obj (.text:I2CMasterErr)
                  0000e47c    00000016     rtsv7M4_T_le_v4SPD16_eabi.lib : strchr.c.obj (.text:strchr)
                  0000e492    00000016     empty_min_pem4f.oem4f (.text:ti_sysbios_BIOS_exitFunc__I)
                  0000e4a8    00000016     empty_min.obj (.text:ti_sysbios_hal_Hwi_Params_init)
                  0000e4be    00000016     empty_min.obj (.text:ti_sysbios_knl_Clock_Params_init)
                  0000e4d4    00000016     sensor_api.obj (.text:ti_sysbios_knl_Clock_Params_init)
                  0000e4ea    00000016     sensor_api.obj (.text:ti_sysbios_knl_Semaphore_Params_init)
                  0000e500    00000016     empty_min.obj (.text:ti_sysbios_knl_Task_Params_init)
                  0000e516    00000016     sensor_api.obj (.text:ti_sysbios_knl_Task_Params_init)
                  0000e52c    00000014     grlib.lib : canvas.obj (.text:CanvasMsgProc)
                  0000e540    00000014     Kentec320x240x16_ssd2119_spi.obj (.text:LED_OFF)
                  0000e554    00000014     Kentec320x240x16_ssd2119_spi.obj (.text:LED_ON)
                  0000e568    00000014     driverlib.lib : pwm.obj (.text:PWMClockSet)
                  0000e57c    00000014                   : sysctl.obj (.text:SysCtlPWMClockSet)
                  0000e590    00000014     touch.obj (.text:TouchScreenCallbackSet)
                  0000e5a4    00000014     driverlib.lib : uart.obj (.text:UARTEnable)
                  0000e5b8    00000014     grlib.lib : widget.obj (.text:WidgetMutexGet)
                  0000e5cc    00000014     user_interface.obj (.text:initLEDS)
                  0000e5e0    00000014     empty_min.obj (.text:shouldDrawDataClock)
                  0000e5f4    00000014     rtsv7M4_T_le_v4SPD16_eabi.lib : strcpy.c.obj (.text:strcpy)
                  0000e608    00000014                                   : strlen.c.obj (.text:strlen)
                  0000e61c    00000014     empty_min_pem4f.oem4f (.text:ti_sysbios_family_arm_m3_Hwi_Object__get__S)
                  0000e630    00000014     sysbios.aem4f : BIOS.obj (.text:ti_sysbios_family_arm_m3_Hwi_switchFromBootStack__E)
                  0000e644    00000014     empty_min_pem4f.oem4f (.text:ti_sysbios_heaps_HeapMem_Object__get__S)
                  0000e658    00000014     empty_min_pem4f.oem4f (.text:ti_sysbios_knl_Swi_Object__get__S)
                  0000e66c    00000014     user_interface.obj (.text:writeToEEPROM)
                  0000e680    00000012     driverlib.lib : gpio.obj (.text:GPIOPinTypeADC)
                  0000e692    00000012                   : gpio.obj (.text:GPIOPinTypeEthernetLED)
                  0000e6a4    00000012                   : gpio.obj (.text:GPIOPinTypeI2C)
                  0000e6b6    00000012                   : gpio.obj (.text:GPIOPinTypeI2CSCL)
                  0000e6c8    00000012                   : gpio.obj (.text:GPIOPinTypePWM)
                  0000e6da    00000012                   : gpio.obj (.text:GPIOPinTypeSSI)
                  0000e6ec    00000012                   : gpio.obj (.text:GPIOPinTypeTimer)
                  0000e6fe    00000012                   : gpio.obj (.text:GPIOPinTypeUART)
                  0000e710    00000012                   : pwm.obj (.text:PWMGenPeriodGet)
                  0000e722    00000012                   : pwm.obj (.text:PWMOutputInvert)
                  0000e734    00000012                   : pwm.obj (.text:PWMOutputState)
                  0000e746    00000012     drivers_tivaware.aem4f : RingBuf.oem4f (.text:RingBuf_construct)
                  0000e758    00000012     driverlib.lib : ssi.obj (.text:SSIDataGetNonBlocking)
                  0000e76a    00000012                   : timer.obj (.text:TimerLoadSet)
                  0000e77c    00000012                   : timer.obj (.text:TimerMatchSet)
                  0000e78e    00000012                   : timer.obj (.text:TimerPrescaleMatchSet)
                  0000e7a0    00000012                   : timer.obj (.text:TimerPrescaleSet)
                  0000e7b2    00000006                   : i2c.obj (.text:I2CMasterIntEnable)
                  0000e7b8    00000012     sysbios.aem4f : BIOS.obj (.text:ti_sysbios_hal_Hwi_Module_startup__E)
                  0000e7ca    00000012     rtsv7M4_T_le_v4SPD16_eabi.lib : wcslen.c.obj (.text:wcslen)
                  0000e7dc    00000012     empty_min_pem4f.oem4f (.text:xdc_runtime_Startup_exec__I)
                  0000e7ee    00000002     --HOLE-- [fill = 0]
                  0000e7f0    00000010     empty_min_pem4f.oem4f (.text:.bootCodeSection:ti_catalog_arm_cortexm4_tiva_ce_Boot_init__I)
                  0000e800    00000010     driverlib.lib : adc.obj (.text:ADCIntEnable)
                  0000e810    00000010     drivers_tivaware.aem4f : I2C.oem4f (.text:I2C_Params_init)
                  0000e820    00000010     driverlib.lib : interrupt.obj (.text:IntMasterEnable)
                  0000e830    00000010                   : pwm.obj (.text:PWMGenPeriodSet)
                  0000e840    00000010     drivers_tivaware.aem4f : PWM.oem4f (.text:PWM_Params_init)
                  0000e850    00000010     driverlib.lib : eeprom.obj (.text:_EEPROMWaitForDone)
                  0000e860    00000010     motor_api.obj (.text:getSpeedFloat)
                  0000e870    00000010     drivers_tivaware.aem4f : UARTTiva.oem4f (.text:readBlockingTimeout)
                  0000e880    00000010     sensor_api.obj (.text:swiAcceleration)
                  0000e890    00000010     sensor_api.obj (.text:swiLight)
                  0000e8a0    00000010     sensor_api.obj (.text:swiTemp)
                  0000e8b0    00000010     sysbios.aem4f : BIOS.obj (.text:ti_sysbios_BIOS_getCpuFreq__E)
                  0000e8c0    00000010                   : BIOS.obj (.text:ti_sysbios_BIOS_setThreadType__E)
                  0000e8d0    00000010                   : BIOS.obj (.text:ti_sysbios_BIOS_start__E)
                  0000e8e0    00000010                   : m3_TaskSupport_asm.obj (.text:ti_sysbios_family_arm_m3_TaskSupport_glue)
                  0000e8f0    00000010                   : BIOS.obj (.text:ti_sysbios_gates_GateMutex_Instance_finalize__E)
                  0000e900    00000010     empty_min_pem4f.oem4f (.text:ti_sysbios_hal_Hwi_HwiProxy_Object__create__S)
                  0000e910    00000010     sysbios.aem4f : BIOS.obj (.text:ti_sysbios_knl_Semaphore_Instance_finalize__E)
                  0000e920    00000010                   : BIOS.obj (.text:ti_sysbios_knl_Swi_disable__E)
                  0000e930    00000010                   : BIOS.obj (.text:ti_sysbios_knl_Task_disable__E)
                  0000e940    00000010     ti.targets.arm.rtsarm.aem4f : Gate.oem4f (.text:xdc_runtime_Gate_leaveSystem__E)
                  0000e950    00000010                                 : Memory.oem4f (.text:xdc_runtime_Memory_free__E)
                  0000e960    00000010                                 : SysMin.oem4f (.text:xdc_runtime_SysMin_ready__E)
                  0000e970    00000010                                 : System.oem4f (.text:xdc_runtime_System_vsnprintf__E)
                  0000e980    00000010     empty_min_pem4f.oem4f (.text:xdc_runtime_Text_visitRope__I)
                  0000e990    0000000e     driverlib.lib : adc.obj (.text:ADCSequenceEnable)
                  0000e99e    0000000e                   : gpio.obj (.text:GPIOIntStatus)
                  0000e9ac    0000000e     grlib.lib : image.obj (.text:GrImageDraw)
                  0000e9ba    0000000e     driverlib.lib : timer.obj (.text:TimerEnable)
                  0000e9c8    0000000e                   : uart.obj (.text:UARTCharGetNonBlocking)
                  0000e9d6    0000000e                   : uart.obj (.text:UARTCharPutNonBlocking)
                  0000e9e4    0000000e     rtsv7M4_T_le_v4SPD16_eabi.lib : time.c.obj (.text:__time32)
                  0000e9f2    0000000e                                   : copy_decompress_none.c.obj (.text:decompress:none:__TI_decompress_none)
                  0000ea00    0000000e     sysbios.aem4f : BIOS.obj (.text:ti_sysbios_knl_Queue_empty__E)
                  0000ea0e    0000000e     empty_min_pem4f.oem4f (.text:ti_sysbios_knl_Task_Object__get__S)
                  0000ea1c    0000000c     driverlib.lib : cpu.obj (.text:CPUcpsie)
                  0000ea28    0000000c                   : gpio.obj (.text:GPIOIntEnable)
                  0000ea34    0000000c                   : pwm.obj (.text:PWMGenDisable)
                  0000ea40    0000000c                   : pwm.obj (.text:PWMGenEnable)
                  0000ea4c    0000000c     drivers_tivaware.aem4f : RingBuf.oem4f (.text:RingBuf_peek)
                  0000ea58    0000000c     driverlib.lib : uart.obj (.text:UARTFlowControlSet)
                  0000ea64    0000000c     drivers_tivaware.aem4f : UARTTiva.oem4f (.text:UARTTiva_init)
                  0000ea70    0000000c     rtsv7M4_T_le_v4SPD16_eabi.lib : _lock.c.obj (.text:_register_lock)
                  0000ea7c    0000000c                                   : _lock.c.obj (.text:_register_unlock)
                  0000ea88    0000000c                                   : copy_zero_init.c.obj (.text:decompress:ZI:__TI_zero_init)
                  0000ea94    00000004     --HOLE-- [fill = 0]
                  0000ea98    0000000c     sysbios.aem4f : BIOS.obj (.text:ti_sysbios_family_arm_lm4_Timer_getAvailMask__E)
                  0000eaa4    00000004     --HOLE-- [fill = 0]
                  0000eaa8    0000000c                   : BIOS.obj (.text:ti_sysbios_family_arm_lm4_Timer_getMaxTicks__E)
                  0000eab4    0000000c     empty_min_pem4f.oem4f (.text:ti_sysbios_family_arm_m3_Hwi_Params__init__S)
                  0000eac0    0000000c     sysbios.aem4f : BIOS.obj (.text:ti_sysbios_family_arm_m3_Hwi_disableFxn__E)
                  0000eacc    00000004     --HOLE-- [fill = 0]
                  0000ead0    0000000c                   : BIOS.obj (.text:ti_sysbios_family_arm_m3_TaskSupport_getStackAlignment__E)
                  0000eadc    00000004     --HOLE-- [fill = 0]
                  0000eae0    0000000c                   : BIOS.obj (.text:ti_sysbios_gates_GateHwi_enter__E)
                  0000eaec    0000000c     empty_min_pem4f.oem4f (.text:ti_sysbios_hal_Hwi_Params__init__S)
                  0000eaf8    0000000c     empty_min_pem4f.oem4f (.text:ti_sysbios_knl_Clock_Params__init__S)
                  0000eb04    0000000c     empty_min.obj (.text:ti_sysbios_knl_Clock_handle)
                  0000eb10    0000000c     empty_min_pem4f.oem4f (.text:ti_sysbios_knl_Queue_Object__get__S)
                  0000eb1c    0000000c     empty_min_pem4f.oem4f (.text:ti_sysbios_knl_Semaphore_Params__init__S)
                  0000eb28    0000000c     sensor_api.obj (.text:ti_sysbios_knl_Semaphore_handle)
                  0000eb34    0000000c     empty_min_pem4f.oem4f (.text:ti_sysbios_knl_Task_Params__init__S)
                  0000eb40    0000000c     ti.targets.arm.rtsarm.aem4f : Error.oem4f (.text:xdc_runtime_Error_init__E)
                  0000eb4c    0000000c                                 : Gate.oem4f (.text:xdc_runtime_Gate_enterSystem__E)
                  0000eb58    0000000c                                 : Memory.oem4f (.text:xdc_runtime_Memory_calloc__E)
                  0000eb64    0000000c                                 : Memory.oem4f (.text:xdc_runtime_Memory_getMaxDefaultTypeAlign__E)
                  0000eb70    0000000a     driverlib.lib : adc.obj (.text:ADCIntClear)
                  0000eb7a    0000000a                   : i2c.obj (.text:I2CMasterDisable)
                  0000eb84    0000000a                   : i2c.obj (.text:I2CMasterEnable)
                  0000eb8e    0000000a     drivers_tivaware.aem4f : I2CTiva.oem4f (.text:I2CTiva_init)
                  0000eb98    0000000a                            : I2C.oem4f (.text:I2C_transfer)
                  0000eba2    0000000a     Kentec320x240x16_ssd2119_spi.obj (.text:Kentec320x240x16_SSD2119Flush)
                  0000ebac    0000000a     drivers_tivaware.aem4f : PWMTimerTiva.oem4f (.text:PWMTimerTiva_getPeriodCounts)
                  0000ebb6    0000000a                            : PWM.oem4f (.text:PWM_setDuty)
                  0000ebc0    0000000a     driverlib.lib : ssi.obj (.text:SSIDataPut)
                  0000ebca    0000000a                   : ssi.obj (.text:SSIEnable)
                  0000ebd4    0000000a                   : uart.obj (.text:UARTCharGet)
                  0000ebde    0000000a                   : uart.obj (.text:UARTCharPut)
                  0000ebe8    0000000a                   : uart.obj (.text:UARTIntDisable)
                  0000ebf2    0000000a                   : uart.obj (.text:UARTIntStatus)
                  0000ebfc    0000000a     drivers_tivaware.aem4f : UART.oem4f (.text:UART_read)
                  0000ec06    0000000a                            : UART.oem4f (.text:UART_write)
                  0000ec10    0000000a     user_interface.obj (.text:UserInterfaceDraw)
                  0000ec1a    0000000a     rtsv7M4_T_le_v4SPD16_eabi.lib : sprintf.c.obj (.text:_outc)
                  0000ec24    00000004     --HOLE-- [fill = 0]
                  0000ec28    0000000a     sysbios.aem4f : BIOS.obj (.text:ti_sysbios_hal_Hwi_Instance_finalize__E)
                  0000ec32    0000000a     empty_min_pem4f.oem4f (.text:xdc_runtime_IHeap_alloc)
                  0000ec3c    0000000a     empty_min_pem4f.oem4f (.text:xdc_runtime_IHeap_free)
                  0000ec46    00000008     EK_TM4C1294XL.obj (.text:EK_TM4C1294XL_initGPIO)
                  0000ec4e    00000008     grlib.lib : charmap.obj (.text:GrMapISO8859_1_Unicode)
                  0000ec56    00000008     driverlib.lib : i2c.obj (.text:I2CMasterIntClear)
                  0000ec5e    00000008                   : i2c.obj (.text:I2CMasterSlaveAddrSet)
                  0000ec66    00000008     drivers_tivaware.aem4f : I2CTiva.oem4f (.text:I2CTiva_blockingCallback)
                  0000ec6e    00000008                            : PWMTimerTiva.oem4f (.text:PWMTimerTiva_init)
                  0000ec76    00000008     driverlib.lib : ssi.obj (.text:SSIBusy)
                  0000ec7e    00000008                   : uart.obj (.text:UARTIntEnable)
                  0000ec86    00000008                   : uart.obj (.text:UARTRxErrorGet)
                  0000ec8e    00000002     --HOLE-- [fill = 0]
                  0000ec90    00000008     rtsv7M4_T_le_v4SPD16_eabi.lib : errno.c.obj (.text:__aeabi_errno_addr)
                  0000ec98    00000008     drivers_tivaware.aem4f : UARTTiva.oem4f (.text:readSemCallback)
                  0000eca0    00000008     sysbios.aem4f : BIOS.obj (.text:ti_sysbios_family_arm_lm4_Timer_masterDisable__I)
                  0000eca8    00000008                   : BIOS.obj (.text:ti_sysbios_family_arm_m3_Hwi_doSwiRestore__I)
                  0000ecb0    00000008                   : BIOS.obj (.text:ti_sysbios_family_arm_m3_Hwi_startup__E)
                  0000ecb8    00000008     drivers_tivaware.aem4f : UARTTiva.oem4f (.text:writeSemCallback)
                  0000ecc0    00000006                            : I2CTiva.oem4f (.text:I2CTiva_control)
                  0000ecc6    00000006                            : PWMTimerTiva.oem4f (.text:PWMTimerTiva_getPeriodMicroSecs)
                  0000eccc    00000006     driverlib.lib : sysctl.obj (.text:SysCtlDelay)
                  0000ecd2    00000006                   : uart.obj (.text:UARTFIFOLevelSet)
                  0000ecd8    00000006                   : uart.obj (.text:UARTRxErrorClear)
                  0000ecde    00000006     grlib.lib : widget.obj (.text:WidgetMutexPut)
                  0000ece4    00000004     --HOLE-- [fill = 0]
                  0000ece8    00000006     sysbios.aem4f : BIOS.obj (.text:ti_sysbios_family_arm_m3_Hwi_doTaskRestore__I)
                  0000ecee    00000002     --HOLE-- [fill = 0]
                  0000ecf0    00000006                   : BIOS.obj (.text:ti_sysbios_family_arm_m3_Hwi_restoreFxn__E)
                  0000ecf6    00000002     --HOLE-- [fill = 0]
                  0000ecf8    00000006                   : BIOS.obj (.text:ti_sysbios_gates_GateHwi_leave__E)
                  0000ecfe    00000002     --HOLE-- [fill = 0]
                  0000ed00    00000006                   : BIOS.obj (.text:ti_sysbios_heaps_HeapMem_isBlocking__E)
                  0000ed06    00000002     --HOLE-- [fill = 0]
                  0000ed08    00000006                   : BIOS.obj (.text:ti_sysbios_knl_Clock_stop__E)
                  0000ed0e    00000002     --HOLE-- [fill = 0]
                  0000ed10    00000006                   : BIOS.obj (.text:ti_sysbios_knl_Queue_Instance_init__E)
                  0000ed16    00000002     --HOLE-- [fill = 0]
                  0000ed18    00000006                   : BIOS.obj (.text:ti_sysbios_knl_Swi_startup__E)
                  0000ed1e    00000006     ti.targets.arm.rtsarm.aem4f : System.oem4f (.text:xdc_runtime_System_Module_startup__E)
                  0000ed24    00000004     --HOLE-- [fill = 0]
                  0000ed28    00000004     sysbios.aem4f : BIOS.obj (.text:ti_sysbios_gates_GateHwi_query__E)
                  0000ed2c    00000004     --HOLE-- [fill = 0]
                  0000ed30    00000004                   : BIOS.obj (.text:ti_sysbios_gates_GateMutex_query__E)
                  0000ed34    00000004     --HOLE-- [fill = 0]
                  0000ed38    00000004                   : BIOS.obj (.text:ti_sysbios_knl_Task_startup__E)
                  0000ed3c    00000004     --HOLE-- [fill = 0]
                  0000ed40    00000002                   : BIOS.obj (.text:ti_sysbios_gates_GateHwi_Instance_init__E)
                  0000ed42    00000006     --HOLE-- [fill = 0]
                  0000ed48    00000002                   : BIOS.obj (.text:ti_sysbios_knl_Clock_logTick__E)

.const     0    0000ed50    00004152     
                  0000ed50    00001852     empty_min_pem4f.oem4f (.const:xdc_runtime_Text_charTab__A)
                  000105a2    00000002     empty_min_pem4f.oem4f (.const:ti_catalog_arm_cortexm4_tiva_ce_Boot_Module__id__C)
                  000105a4    00000004     empty_min_pem4f.oem4f (.const:ti_catalog_arm_cortexm4_tiva_ce_Boot_A_mustNotUseEnhancedClockMode__C)
                  000105a8    00001000     rtsv7M4_T_le_v4SPD16_eabi.lib : s_exp2.c.obj (.const:tbl)
                  000115a8    00000782     grlib.lib : fontcmss18b.obj (.const:.string:g_pui8Cmss18bData)
                  00011d2a    00000002     empty_min_pem4f.oem4f (.const:ti_sysbios_family_arm_m3_Hwi_Module__id__C)
                  00011d2c    000001b0     driverlib.lib : sysctl.obj (.const:g_pppui32XTALtoVCO)
                  00011edc    00000120     Boot.aem4f : Boot_sysctl.oem4f (.const:g_pppui32XTALtoVCO)
                  00011ffc    00000101     rtsv7M4_T_le_v4SPD16_eabi.lib : ctype.c.obj (.const:.string:_ctypes_)
                  000120fd    00000001     empty_min_pem4f.oem4f (.const:xdc_runtime_Error_policy__C)
                  000120fe    00000002     empty_min_pem4f.oem4f (.const:ti_sysbios_heaps_HeapMem_Module__id__C)
                  00012100    000000c8     grlib.lib : fontcmss18b.obj (.const:g_sFontCmss18b)
                  000121c8    000000c6     user_interface.obj (.const:.string)
                  0001228e    000000bc     empty_min_pem4f.oem4f (.const:xdc_runtime_Text_nodeTab__A)
                  0001234a    00000002     empty_min_pem4f.oem4f (.const:xdc_runtime_Core_Module__id__C)
                  0001234c    00000090     driverlib.lib : gpio.obj (.const:g_pui32GPIOBaseAddrs)
                  000123dc    00000070                   : interrupt.obj (.const)
                  0001244c    0000006c     Boot.aem4f : Boot_sysctl.oem4f (.const:g_pui32Xtals)
                  000124b8    0000006c     driverlib.lib : sysctl.obj (.const:g_pui32Xtals)
                  00012524    00000060     rtsv7M4_T_le_v4SPD16_eabi.lib : mktime.c.obj (.const:$O1$$)
                  00012584    00000060     motorlib.lib : motorlib.obj (.const:PWM_config)
                  000125e4    00000054     drivers_tivaware.aem4f : GPIOTiva.oem4f (.const:.string)
                  00012638    00000054     motorlib.lib : motorlib.obj (.const:motorLibPWMTivaHWAttrs)
                  0001268c    0000004c     rtsv7M4_T_le_v4SPD16_eabi.lib : asctime.c.obj (.const:$O1$$)
                  000126d8    0000004c                                   : asctime.c.obj (.const:.string)
                  00012724    0000004c     drivers_tivaware.aem4f : UARTTiva.oem4f (.const)
                  00012770    00000048     empty_min_pem4f.oem4f (.const:.string)
                  000127b8    00000048     drivers_tivaware.aem4f : GPIOTiva.oem4f (.const:gpioBaseAddresses)
                  00012800    0000003c     empty_min_pem4f.oem4f (.const:ti_sysbios_knl_Task_Object__PARAMS__C)
                  0001283c    00000030     Boot.aem4f : Boot_sysctl.oem4f (.const:g_sXTALtoMEMTIM)
                  0001286c    00000030     driverlib.lib : sysctl.obj (.const:g_sXTALtoMEMTIM)
                  0001289c    00000030     empty_min_pem4f.oem4f (.const:ti_sysbios_family_arm_m3_Hwi_Object__PARAMS__C)
                  000128cc    00000030     EK_TM4C1294XL.obj (.const:uartTivaHWAttrs)
                  000128fc    0000002c     empty_min_pem4f.oem4f (.const:ti_sysbios_hal_Hwi_Object__PARAMS__C)
                  00012928    00000028     drivers_tivaware.aem4f : UARTTiva.oem4f (.const:UARTTiva_fxnTable)
                  00012950    00000028     Kentec320x240x16_ssd2119_spi.obj (.const:g_sKentec320x240x16_SSD2119)
                  00012978    00000028     empty_min_pem4f.oem4f (.const:ti_sysbios_heaps_HeapMem_Module__FXNS__C)
                  000129a0    00000024     EK_TM4C1294XL.obj (.const:UART_config)
                  000129c4    00000024     drivers_tivaware.aem4f : UART.oem4f (.const:UART_defaultParams)
                  000129e8    00000024     empty_min_pem4f.oem4f (.const:ti_sysbios_gates_GateHwi_Module__FXNS__C)
                  00012a0c    00000024     empty_min_pem4f.oem4f (.const:ti_sysbios_gates_GateMutex_Module__FXNS__C)
                  00012a30    00000024     empty_min_pem4f.oem4f (.const:ti_sysbios_heaps_HeapMem_Object__PARAMS__C)
                  00012a54    00000024     empty_min_pem4f.oem4f (.const:ti_sysbios_knl_Clock_Object__PARAMS__C)
                  00012a78    00000024     empty_min_pem4f.oem4f (.const:ti_sysbios_knl_Semaphore_Object__PARAMS__C)
                  00012a9c    00000020     drivers_tivaware.aem4f : PWMTimerTiva.oem4f (.const)
                  00012abc    00000020                            : PWMTiva.oem4f (.const)
                  00012adc    00000020     empty_min_pem4f.oem4f (.const:ti_sysbios_family_arm_m3_Hwi_Object__DESC__C)
                  00012afc    00000020     empty_min_pem4f.oem4f (.const:ti_sysbios_gates_GateHwi_Object__DESC__C)
                  00012b1c    00000020     empty_min_pem4f.oem4f (.const:ti_sysbios_gates_GateMutex_Object__DESC__C)
                  00012b3c    00000020     empty_min_pem4f.oem4f (.const:ti_sysbios_hal_Hwi_Object__DESC__C)
                  00012b5c    00000020     empty_min_pem4f.oem4f (.const:ti_sysbios_heaps_HeapMem_Object__DESC__C)
                  00012b7c    00000020     empty_min_pem4f.oem4f (.const:ti_sysbios_knl_Clock_Object__DESC__C)
                  00012b9c    00000020     empty_min_pem4f.oem4f (.const:ti_sysbios_knl_Queue_Object__DESC__C)
                  00012bbc    00000020     empty_min_pem4f.oem4f (.const:ti_sysbios_knl_Semaphore_Object__DESC__C)
                  00012bdc    00000020     empty_min_pem4f.oem4f (.const:ti_sysbios_knl_Task_Object__DESC__C)
                  00012bfc    00000020     empty_min_pem4f.oem4f (.const:xdc_runtime_Startup_sfxnTab__A)
                  00012c1c    0000001c     drivers_tivaware.aem4f : I2CTiva.oem4f (.const)
                  00012c38    0000001c     touch.obj (.const:g_pi32TouchParameters)
                  00012c54    00000018     EK_TM4C1294XL.obj (.const:I2C_config)
                  00012c6c    00000018     empty_min_pem4f.oem4f (.const:ti_sysbios_gates_GateHwi_Object__PARAMS__C)
                  00012c84    00000018     empty_min_pem4f.oem4f (.const:ti_sysbios_gates_GateMutex_Object__PARAMS__C)
                  00012c9c    00000018     empty_min_pem4f.oem4f (.const:ti_sysbios_knl_Queue_Object__PARAMS__C)
                  00012cb4    00000014     EK_TM4C1294XL.obj (.const:GPIOTiva_config)
                  00012cc8    00000014     empty_min_pem4f.oem4f (.const:xdc_runtime_Startup_firstFxns__A)
                  00012cdc    00000010     drivers_tivaware.aem4f : I2C.oem4f (.const)
                  00012cec    00000010     grlib.lib : context.obj (.const)
                  00012cfc    00000010     motorlib.lib : motorlib.obj (.const:motorLibPWMTimerTivaHWAttrs)
                  00012d0c    00000010     empty_min_pem4f.oem4f (.const:xdc_runtime_Startup_sfxnRts__A)
                  00012d1c    0000000c     drivers_tivaware.aem4f : PWM.oem4f (.const)
                  00012d28    0000000c     EK_TM4C1294XL.obj (.const:i2cTivaHWAttrs)
                  00012d34    00000008     Boot.aem4f : Boot_sysctl.oem4f (.const)
                  00012d3c    00000008     driverlib.lib : sysctl.obj (.const)
                  00012d44    00000008     empty_min_pem4f.oem4f (.const:ti_sysbios_family_arm_m3_Hwi_excHookFuncs__A)
                  00012d4c    00000008     empty_min_pem4f.oem4f (.const:ti_sysbios_knl_Idle_funcList__C)
                  00012d54    00000008     empty_min_pem4f.oem4f (.const:xdc_runtime_Startup_firstFxns__C)
                  00012d5c    00000008     empty_min_pem4f.oem4f (.const:xdc_runtime_Startup_lastFxns__C)
                  00012d64    00000004     empty_min_pem4f.oem4f (.const:ti_catalog_arm_cortexm4_tiva_ce_Boot_Module__diagsEnabled__C)
                  00012d68    00000004     empty_min_pem4f.oem4f (.const:ti_catalog_arm_cortexm4_tiva_ce_Boot_Module__diagsIncluded__C)
                  00012d6c    00000004     empty_min_pem4f.oem4f (.const:ti_catalog_arm_cortexm4_tiva_ce_Boot_Module__diagsMask__C)
                  00012d70    00000004     empty_min_pem4f.oem4f (.const:ti_sysbios_family_arm_lm4_Timer_enableFunc__C)
                  00012d74    00000004     empty_min_pem4f.oem4f (.const:ti_sysbios_family_arm_lm4_Timer_numTimerDevices__C)
                  00012d78    00000004     empty_min_pem4f.oem4f (.const:ti_sysbios_family_arm_lm4_Timer_startupNeeded__C)
                  00012d7c    00000004     empty_min_pem4f.oem4f (.const:ti_sysbios_family_arm_m3_Hwi_E_NMI__C)
                  00012d80    00000004     empty_min_pem4f.oem4f (.const:ti_sysbios_family_arm_m3_Hwi_E_alreadyDefined__C)
                  00012d84    00000004     empty_min_pem4f.oem4f (.const:ti_sysbios_family_arm_m3_Hwi_E_busFault__C)
                  00012d88    00000004     empty_min_pem4f.oem4f (.const:ti_sysbios_family_arm_m3_Hwi_E_debugMon__C)
                  00012d8c    00000004     empty_min_pem4f.oem4f (.const:ti_sysbios_family_arm_m3_Hwi_E_hardFault__C)
                  00012d90    00000004     empty_min_pem4f.oem4f (.const:ti_sysbios_family_arm_m3_Hwi_E_memFault__C)
[...]
00012d88  ti_sysbios_family_arm_m3_Hwi_E_debugMon__C                           
00012d8c  ti_sysbios_family_arm_m3_Hwi_E_hardFault__C                          
00012d90  ti_sysbios_family_arm_m3_Hwi_E_memFault__C                           
00012d94  ti_sysbios_family_arm_m3_Hwi_E_noIsr__C                              
00012d98  ti_sysbios_family_arm_m3_Hwi_E_reserved__C                           
00012d9c  ti_sysbios_family_arm_m3_Hwi_E_svCall__C                             
00012da0  ti_sysbios_family_arm_m3_Hwi_E_usageFault__C                         
00012da4  ti_sysbios_family_arm_m3_Hwi_NUM_INTERRUPTS__C                       
00012da8  ti_sysbios_family_arm_m3_Hwi_Object__count__C                        
00012dac  ti_sysbios_family_arm_m3_Hwi_ccr__C                                  
00012db0  ti_sysbios_family_arm_m3_Hwi_excHandlerFunc__C                       
00012db4  ti_sysbios_family_arm_m3_Hwi_excHookFuncs__C                         
00012db8  ti_sysbios_family_arm_m3_Hwi_nullIsrFunc__C                          
00012dbc  ti_sysbios_family_arm_m3_Hwi_priGroup__C                             
00012dc0  ti_sysbios_family_arm_m3_TaskSupport_stackAlignment__C               
00012dc4  ti_sysbios_gates_GateMutex_Instance_State_sem__O                     
00012dc8  ti_sysbios_heaps_HeapMem_E_memory__C                                 
00012dcc  ti_sysbios_heaps_HeapMem_Module__gateObj__C                          
00012dd0  ti_sysbios_heaps_HeapMem_Object__count__C                            
00012dd4  ti_sysbios_heaps_HeapMem_reqAlign__C                                 
00012dd8  ti_sysbios_knl_Clock_Module_State_clockQ__O                          
00012ddc  ti_sysbios_knl_Idle_funcList__A                                      
00012de0  ti_sysbios_knl_Semaphore_Instance_State_pendQ__O                     
00012de4  ti_sysbios_knl_Swi_Object__count__C                                  
00012de8  ti_sysbios_knl_Task_Module_State_inactiveQ__O                        
00012dec  ti_sysbios_knl_Task_Object__count__C                                 
00012df0  ti_sysbios_knl_Task_allBlockedFunc__C                                
00012df4  ti_sysbios_knl_Task_defaultStackHeap__C                              
00012df8  ti_sysbios_knl_Task_defaultStackSize__C                              
00012dfc  ti_sysbios_knl_Task_numConstructedTasks__C                           
00012e00  xdc_runtime_Assert_E_assertFailed__C                                 
00012e04  xdc_runtime_Core_A_initializedParams__C                              
00012e08  xdc_runtime_Core_Module__diagsEnabled__C                             
00012e0c  xdc_runtime_Core_Module__diagsIncluded__C                            
00012e10  xdc_runtime_Core_Module__diagsMask__C                                
00012e14  xdc_runtime_Error_E_generic__C                                       
00012e18  xdc_runtime_Error_E_memory__C                                        
00012e1c  xdc_runtime_Error_Module__diagsEnabled__C                            
00012e20  xdc_runtime_Error_Module__diagsIncluded__C                           
00012e24  xdc_runtime_Error_Module__diagsMask__C                               
00012e28  xdc_runtime_Error_Module__loggerFxn8__C                              
00012e2c  xdc_runtime_Error_Module__loggerObj__C                               
00012e30  xdc_runtime_Error_policyFxn__C                                       
00012e34  xdc_runtime_Error_raiseHook__C                                       
00012e38  xdc_runtime_IGateProvider_Interface__BASE__C                         
00012e3c  xdc_runtime_IHeap_Interface__BASE__C                                 
00012e40  xdc_runtime_IModule_Interface__BASE__C                               
00012e44  xdc_runtime_Log_L_error__C                                           
00012e48  xdc_runtime_Memory_defaultHeapInstance__C                            
00012e4c  xdc_runtime_Startup_execImpl__C                                      
00012e50  xdc_runtime_Startup_maxPasses__C                                     
00012e54  xdc_runtime_Startup_sfxnRts__C                                       
00012e58  xdc_runtime_Startup_sfxnTab__C                                       
00012e5c  xdc_runtime_SysMin_bufSize__C                                        
00012e60  xdc_runtime_SysMin_outputFunc__C                                     
00012e64  xdc_runtime_System_Module__gateObj__C                                
00012e68  xdc_runtime_System_abortFxn__C                                       
00012e6c  xdc_runtime_System_exitFxn__C                                        
00012e70  xdc_runtime_System_extendFxn__C                                      
00012e74  xdc_runtime_System_maxAtexitHandlers__C                              
00012e78  xdc_runtime_Text_charTab__C                                          
00012e7c  xdc_runtime_Text_nameEmpty__C                                        
00012e80  xdc_runtime_Text_nameStatic__C                                       
00012e84  xdc_runtime_Text_nameUnknown__C                                      
00012e88  xdc_runtime_Text_nodeTab__C                                          
00012e8c  xdc_runtime_Text_visitRopeFxn__C                                     
00012e90  xdc_runtime_Error_Module__loggerDefined__C                           
00012e92  xdc_runtime_Error_maxDepth__C                                        
00012e94  xdc_runtime_Main_Module__id__C                                       
00012e96  xdc_runtime_Memory_Module__id__C                                     
00012e98  xdc_runtime_SysMin_flushAtExit__C                                    
00012e9a  xdc_runtime_Text_charCnt__C                                          
00012e9c  xdc_runtime_Text_isLoaded__C                                         
00012e9e  xdc_runtime_Text_registryModsLastId__C                               
00012ea0  xdc_runtime_Text_unnamedModsLastId__C                                
00012ea8  __TI_static_base__                                                   
0001328c  __TI_Handler_Table_Base                                              
00013298  __TI_Handler_Table_Limit                                             
000132a8  __TI_CINIT_Base                                                      
000132c0  __TI_CINIT_Limit                                                     
20000000  ti_sysbios_family_arm_m3_Hwi_ramVectors                              
20000360  __stack                                                              
20004360  __STACK_END                                                          
20004360  taskSeStack                                                          
20005360  taskUiStack                                                          
20006360  ti_sysbios_heaps_HeapMem_Instance_State_0_buf__A                     
20006760  ti_sysbios_family_arm_m3_Hwi_dispatchTable                           
20006ac0  taskAccelStack                                                       
20006cc0  taskLightStack                                                       
20006ec0  taskTempStack                                                        
200070c0  uartTivaObjects                                                      
20007398  __CIOBUF_                                                            
20007548  i2cTivaObjects                                                       
200075c8  xdc_runtime_SysMin_Module_State_0_outbuf__A                          
20007648  uartTivaRingBuffer                                                   
20007688  motorLibPWMObjects                                                   
200076c0  sContext                                                             
200076ec  currentBuffer                                                        
20007714  powerBuffer                                                          
2000773c  clkDrawStruct                                                        
20007760  clkSensorParams                                                      
20007784  clkUIStruct                                                          
200077a8  clockAccelerationStruct                                              
200077cc  clockCurrentStruct                                                   
200077f0  clockLightStruct                                                     
20007814  clockTempStruct                                                      
200078d4  semAccelStruct                                                       
200078f0  semLightStruct                                                       
2000790c  semTempStruct                                                        
20007928  accelerationBuffer                                                   
20007940  lightBuffer                                                          
20007958  motorLibPWMTimerObjects                                              
20007970  rpm_buffer                                                           
20007984  textBuffer                                                           
200079a8  boardTempBuffer                                                      
200079b8  motorTempBuffer                                                      
200079d0  highLimit                                                            
200079d8  lowLimit                                                             
200079e0  parmbuf                                                              
200079e8  clkHandle                                                            
200079ec  clkHandleGraph                                                       
200079f0  g_pi32ParmSet                                                        
200079f8  gateHwi                                                              
200079fc  glThresholdAccel                                                     
20007a00  glThresholdCurrent                                                   
20007a08  graphPageIdentifier                                                  
20007a0c  maxGraph                                                             
20007a10  minGraph                                                             
20007a14  motorAccelerationLimit                                               
20007a18  motorCurrentLimit                                                    
20007a1c  motorSpeedLimit                                                      
20007a20  motorTemperatureLimit                                                
20007a24  semAccelHandle                                                       
20007a28  semLightHandle                                                       
20007a2c  semTempHandle                                                        
20007a30  sensori2c                                                            
20007a34  settingsPageIdentifier                                               
20007a38  t1                                                                   
20007a3c  uartTemp                                                             
20007a40  countCurrentTicks                                                    
20007a42  drawingGraph                                                         
20007a44  g_i16TouchX                                                          
20007a46  g_i16TouchY                                                          
20007a48  glThresholdTemp                                                      
20007a4a  height                                                               
20007a4c  s_x                                                                  
20007a4e  s_y                                                                  
20007a50  width                                                                
20007a52  boardTempAddr                                                        
20007a53  motorTempAddr                                                        
20007a54  ti_sysbios_knl_Swi_Module_State_0_readyQ__A                          
20007ad4  ti_sysbios_knl_Task_Module_State_0_readyQ__A                         
20007b54  g_sGraphAccel                                                        
20007ba4  g_sGraphActBack                                                      
20007bf4  g_sGraphAmbientTemp                                                  
20007c44  g_sGraphBack                                                         
20007c94  g_sGraphLight                                                        
20007ce4  g_sGraphMotorTemp                                                    
20007d34  g_sGraphOption                                                       
20007d84  g_sGraphPower                                                        
20007dd4  g_sGraphSpeed                                                        
20007e24  g_sMotorOption                                                       
20007e74  g_sSetAccel                                                          
20007ec4  g_sSetAdd                                                            
20007f14  g_sSetBack                                                           
20007f64  g_sSetCurrent                                                        
20007fb4  g_sSetMotor                                                          
20008004  g_sSetName                                                           
20008054  g_sSetOption                                                         
200080a4  g_sSetSave                                                           
200080f4  g_sSetSub                                                            
20008144  g_sSetTemp                                                           
20008194  g_sSetValue                                                          
200081e4  ti_sysbios_knl_Task_Module__state__V                                 
20008228  g_sGraph                                                             
20008268  g_sGraphPage                                                         
200082a8  g_sMenuGraphPage                                                     
200082e8  g_sMenuSetPage                                                       
20008328  g_sMenuTypePage                                                      
20008368  g_sSettingPage                                                       
200083a8  ti_sysbios_family_arm_lm4_Timer_Module_State_0_device__A             
200083e8  ti_sysbios_family_arm_lm4_Timer_Object__table__V                     
20008428  ti_sysbios_gates_GateMutex_Object__table__V                          
20008460  ti_sysbios_family_arm_m3_Hwi_Module__state__V                        
20008494  ti_sysbios_knl_Swi_Object__table__V                                  
200084c4  g_sRoot                                                              
200084f1  isDay                                                                
200084f2  shouldDrawDateTime                                                   
200084f3  shouldDrawDataOnGraph                                                
200084f4  ti_sysbios_knl_Clock_Module__state__V                                
20008544  ti_sysbios_BIOS_Module__state__V                                     
20008568  gpioPinConfigs                                                       
20008588  ti_sysbios_family_arm_lm4_Timer_Module_State_0_handles__A            
200085a8  ti_sysbios_knl_Clock_Object__table__V                                
200085c8  ti_sysbios_knl_Swi_Module__state__V                                  
200085e4  rotations                                                            
200085e8  speed_rpm                                                            
200085ec  desired_speed_rpm                                                    
200085f0  accel_speed                                                          
200085f4  cum_speed_error                                                      
200085f8  rpm_index                                                            
200085fc  motor_on                                                             
200085fd  estop                                                                
20008616  ti_sysbios_family_arm_m3_Hwi_Module_State_0_excActive__A             
20008618  gpioCallbackFunctions                                                
20008630  ti_sysbios_family_arm_m3_Hwi_Object__table__V                        
20008648  ti_sysbios_heaps_HeapMem_Object__table__V                            
20008660  _tz                                                                  
20008670  e2prom_read_settings                                                 
20008680  e2prom_write_settings                                                
20008690  ti_sysbios_family_arm_lm4_Timer_Module__state__V                     
2000869c  motorState                                                           
200086a0  homeScreenFlag                                                       
200086a4  pointsCount                                                          
200086a6  previousSample                                                       
200086a8  xdc_runtime_SysMin_Module__state__V                                  
200086b4  _lock                                                                
200086b8  _unlock                                                              
200086bc  ti_sysbios_family_arm_m3_Hwi_Module__root__V                         
200086c4  ti_sysbios_gates_GateHwi_Module__root__V                             
200086cc  ti_sysbios_gates_GateMutex_Module__root__V                           
200086d4  ti_sysbios_hal_Hwi_Module__root__V                                   
200086dc  ti_sysbios_heaps_HeapMem_Module__root__V                             
200086e4  ti_sysbios_knl_Clock_Module__root__V                                 
200086ec  ti_sysbios_knl_Queue_Module__root__V                                 
200086f4  ti_sysbios_knl_Semaphore_Module__root__V                             
200086fc  ti_sysbios_knl_Task_Module__root__V                                  
20008704  xdc_runtime_Registry_Module__state__V                                
2000870c  xdc_runtime_Startup_Module__state__V                                 
20008714  xdc_runtime_System_Module_State_0_atexitHandlers__A                  
2000871c  xdc_runtime_System_Module__state__V                                  
2000872e  xdc_runtime_Error_Module__state__V                                   
2000873c  errno                                                                
20008740  main_func_sp                                                         
20008744  ti_sysbios_family_arm_m3_Hwi_Module_State_0_excContext__A            
20008748  ti_sysbios_family_arm_m3_Hwi_Module_State_0_excStack__A              
2000874c  ti_sysbios_gates_GateHwi_Object__table__V                            
20008750  ti_sysbios_knl_Task_Module_State_0_idleTask__A                       
20008754  g_i16TouchMin                                                        
20008758  xdc_runtime_Memory_Module__state__V                                  
e000e000  ti_sysbios_family_arm_m3_Hwi_nvic                                    
ffffffff  __TI_pprof_out_hndl                                                  
ffffffff  __TI_prof_data_size                                                  
ffffffff  __TI_prof_data_start                                                 
ffffffff  __binit__                                                            
ffffffff  __c_args__                                                           
ffffffff  binit                                                                
UNDEFED   SHT$$INIT_ARRAY$$Base                                                
UNDEFED   SHT$$INIT_ARRAY$$Limit                                               

[949 symbols]
