******************************************************************************
                  TI ARM Linker PC v18.12.4                    
******************************************************************************
>> Linked Sun May 31 14:28:13 2020

OUTPUT FILE NAME:   <Assignment.out>
ENTRY POINT SYMBOL: "_c_int00"  address: 0000b261


MEMORY CONFIGURATION

         name            origin    length      used     unused   attr    fill
----------------------  --------  ---------  --------  --------  ----  --------
  FLASH                 00000000   00100000  00013270  000ecd90  R  X
  SRAM                  20000000   00040000  00008764  0003789c  RW X


SEGMENT ALLOCATION MAP

run origin  load origin   length   init length attrs members
----------  ----------- ---------- ----------- ----- -------
00000000    00000000    00013280   00013280    r-x
  00000000    00000000    0000003c   0000003c    r-- .resetVecs
  00000040    00000040    0000ecc2   0000ecc2    r-x .text
  0000ed08    0000ed08    00004152   00004152    r-- .const
  00012e60    00012e60    00000420   00000420    r-- .cinit
20000000    20000000    00008764   00000000    rw-
  20000000    20000000    00000360   00000000    rw- .vecs
  20000360    20000360    00004000   00000000    rw- .stack
  20004360    20004360    000036f8   00000000    rw- .bss
  20007a58    20007a58    00000d0c   00000000    rw- .data


SECTION ALLOCATION MAP

 output                                  attributes/
section   page    origin      length       input sections
--------  ----  ----------  ----------   ----------------
.text      0    00000040    0000ecc2     
                  00000040    00000a4e     rtsv7M4_T_le_v4SPD16_eabi.lib : _printfi.c.obj (.text:__TI_printfi)
                  00000a8e    00000002                                   : _lock.c.obj (.text:_nop)
                  00000a90    000006a4     motorlib.lib : motorlib.obj (.text)
                  00001134    00000004     driverlib.lib : i2c.obj (.text:I2CMasterControl)
                  00001138    00000430     sysbios.aem4f : BIOS.obj (.text:ti_sysbios_family_arm_m3_Hwi_excDumpRegs__I)
                  00001568    000003d0     user_interface.obj (.text:DrawDataOnGraph)
                  00001938    00000370     grlib.lib : image.obj (.text:InternalImageDraw)
                  00001ca8    0000034c     ti.targets.arm.rtsarm.aem4f : System.oem4f (.text:xdc_runtime_System_doPrint__I)
                  00001ff4    000002e4     grlib.lib : image.obj (.text:PixelTransparentDraw)
                  000022d8    000002a0     rtsv7M4_T_le_v4SPD16_eabi.lib : mktime.c.obj (.text:__mktime32)
                  00002578    00000270                                   : _printfi.c.obj (.text:_pconv_a)
                  000027e8    0000026c     pinout.obj (.text:PinoutSet)
                  00002a54    00000268     touch.obj (.text:TouchScreenDebouncer)
                  00002cbc    00000256     grlib.lib : string.obj (.text:GrFontGlyphRender)
                  00002f12    00000002     rtsv7M4_T_le_v4SPD16_eabi.lib : div0.asm.obj (.text)
                  00002f14    0000024c     sensor_api.obj (.text:swiCurrent)
                  00003160    0000020c     drivers_tivaware.aem4f : UARTTiva.oem4f (.text:UARTTiva_open)
                  0000336c    00000204     Boot.aem4f : Boot_sysctl.oem4f (.text:ti_catalog_arm_cortexm4_tiva_ce_Boot_sysCtlClockFreqSetI__I)
                  00003570    00000200     driverlib.lib : sysctl.obj (.text:SysCtlClockFreqSet)
                  00003770    00000200     rtsv7M4_T_le_v4SPD16_eabi.lib : s_exp2.c.obj (.text:exp2)
                  00003970    000001f8     user_interface.obj (.text:setupGraphScreen)
                  00003b68    000001f4     sysbios.aem4f : BIOS.obj (.text:ti_sysbios_family_arm_m3_Hwi_excHandlerMax__I)
                  00003d5c    000001e8     empty_min_pem4f.oem4f (.text:xdc_runtime_System_printfExtend__I)
                  00003f44    000001e4     Kentec320x240x16_ssd2119_spi.obj (.text:Kentec320x240x16_SSD2119Init)
                  00004128    000001dc     Kentec320x240x16_ssd2119_spi.obj (.text:Kentec320x240x16_SSD2119PixelDrawMultiple)
                  00004304    000001d0     rtsv7M4_T_le_v4SPD16_eabi.lib : _printfi.c.obj (.text:_pconv_g)
                  000044d4    000001b6                                   : fd_add_t2.asm.obj (.text)
                  0000468a    00000002     empty_min_pem4f.oem4f (.text:ti_sysbios_BIOS_nullFunc__I)
                  0000468c    000001a4     user_interface.obj (.text:UserInterfaceInit)
                  00004830    00000194     grlib.lib : canvas.obj (.text:CanvasPaint)
                  000049c4    00000188     user_interface.obj (.text:doChangeToSetting)
                  00004b4c    00000178     touch.obj (.text:TouchScreenIntHandler)
                  00004cc4    00000176     grlib.lib : pushbutton.obj (.text:RectangularButtonPaint)
                  00004e3a    00000006     driverlib.lib : gpio.obj (.text:GPIOIntClear)
                  00004e40    00000174     sysbios.aem4f : BIOS.obj (.text:ti_sysbios_family_arm_m3_Hwi_excBusFault__I)
                  00004fb4    00000170     drivers_tivaware.aem4f : PWMTiva.oem4f (.text:PWMTiva_open)
                  00005124    00000004     driverlib.lib : i2c.obj (.text:I2CMasterDataGet)
                  00005128    00000164     sysbios.aem4f : BIOS.obj (.text:ti_sysbios_family_arm_m3_Hwi_excUsageFault__I)
                  0000528c    0000015c     motor_api.obj (.text:checkSpeedSwi)
                  000053e8    00000158     rtsv7M4_T_le_v4SPD16_eabi.lib : e_sqrt.c.obj (.text:sqrt)
                  00005540    00000154     empty_min.obj (.text:setupSensorsAndGUI)
                  00005694    00000004     driverlib.lib : i2c.obj (.text:I2CMasterDataPut)
                  00005698    00000154     sysbios.aem4f : BIOS.obj (.text:ti_sysbios_knl_Semaphore_pend__E)
                  000057ec    00000150     drivers_tivaware.aem4f : GPIOTiva.oem4f (.text:GPIO_setConfig)
                  0000593c    0000014c     bmi160.obj (.text:BMI160GetAccelData)
                  00005a88    00000148     sysbios.aem4f : BIOS.obj (.text:ti_sysbios_family_arm_m3_Hwi_excMemFault__I)
                  00005bd0    0000013c     rtsv7M4_T_le_v4SPD16_eabi.lib : _printfi.c.obj (.text:_pconv_e)
                  00005d0c    00000136                                   : fd_div_t2.asm.obj (.text)
                  00005e42    00000002     empty_min_pem4f.oem4f (.text:xdc_runtime_Startup_reset__I)
                  00005e44    00000134     rtsv7M4_T_le_v4SPD16_eabi.lib : localtim.c.obj (.text:__localtime32)
                  00005f78    00000132     driverlib.lib : gpio.obj (.text:GPIOPadConfigSet)
                  000060aa    00000002     --HOLE-- [fill = 0]
                  000060ac    00000124     rtsv7M4_T_le_v4SPD16_eabi.lib : _printfi.c.obj (.text:fcvt)
                  000061d0    00000118     ti.targets.arm.rtsarm.aem4f : Error.oem4f (.text:xdc_runtime_Error_policyDefault__E)
                  000062e8    00000114     drivers_tivaware.aem4f : PWMTimerTiva.oem4f (.text:PWMTimerTiva_open)
                  000063fc    00000110     sensor_api.obj (.text:initSensors)
                  0000650c    00000110     rtsv7M4_T_le_v4SPD16_eabi.lib : s_scalbn.c.obj (.text:scalbn)
                  0000661c    0000010c     Kentec320x240x16_ssd2119_spi.obj (.text:Kentec320x240x16_SSD2119RectFill)
                  00006728    0000010c     touch.obj (.text:TouchScreenInit)
                  00006834    00000004     driverlib.lib : uart.obj (.text:UARTIntClear)
                  00006838    00000108     sysbios.aem4f : BIOS.obj (.text:ti_sysbios_family_arm_lm4_Timer_start__E)
                  00006940    00000106     grlib.lib : line.obj (.text:GrLineDraw)
                  00006a46    00000002     --HOLE-- [fill = 0]
                  00006a48    00000100     ti.targets.arm.rtsarm.aem4f : Core-mem.oem4f (.text:xdc_runtime_Core_createObject__I)
                  00006b48    000000fc     rtsv7M4_T_le_v4SPD16_eabi.lib : fd_mul_t2.asm.obj (.text)
                  00006c44    000000f8     ti.targets.arm.rtsarm.aem4f : Startup.oem4f (.text:xdc_runtime_Startup_startMods__I)
                  00006d3c    000000f4     sensor_api.obj (.text:initTemp)
                  00006e30    000000f4     sysbios.aem4f : m3_Hwi_asm.obj (.text:ti_sysbios_family_arm_m3_Hwi_dispatch__I)
                  00006f24    000000f2     grlib.lib : pushbutton.obj (.text:RectangularButtonClick)
                  00007016    000000f0     drivers_tivaware.aem4f : PWMTiva.oem4f (.text:PWMTiva_setDuty)
                  00007106    00000002     --HOLE-- [fill = 0]
                  00007108    000000e8     grlib.lib : widget.obj (.text:WidgetMessageQueueAdd)
                  000071f0    000000e4     sensor_api.obj (.text:taskTemp)
                  000072d4    000000e0     drivers_tivaware.aem4f : I2CTiva.oem4f (.text:I2CTiva_open)
                  000073b4    00000004     grlib.lib : widget.obj (.text:WidgetDefaultMsgProc)
                  000073b8    000000dc     sysbios.aem4f : BIOS.obj (.text:ti_sysbios_knl_Task_sleep__E)
                  00007494    000000d6     drivers_tivaware.aem4f : I2CTiva.oem4f (.text:I2CTiva_hwiFxn)
                  0000756a    00000006     driverlib.lib : gpio.obj (.text:GPIOPinRead)
                  00007570    000000d4     sysbios.aem4f : BIOS.obj (.text:ti_sysbios_heaps_HeapMem_alloc__E)
                  00007644    000000d0     user_interface.obj (.text:drawDayNight)
                  00007714    000000d0     sensor_api.obj (.text:taskAcceleration)
                  000077e4    00000004     rtsv7M4_T_le_v4SPD16_eabi.lib : exit.c.obj (.text:abort:abort)
                  000077e8    000000cc     sysbios.aem4f : BIOS.obj (.text:ti_sysbios_knl_Task_Instance_init__E)
                  000078b4    000000cc     ti.targets.arm.rtsarm.aem4f : Core-smem.oem4f (.text:xdc_runtime_Core_constructObject__I)
                  00007980    000000c8     sensor_api.obj (.text:initAcceleration)
                  00007a48    000000c8     motor_api.obj (.text:setSpeed)
                  00007b10    000000c4     driverlib.lib : eeprom.obj (.text:EEPROMProgram)
                  00007bd4    000000c4     grlib.lib : string.obj (.text:GrDefaultStringRenderer)
                  00007c98    000000c0               : line.obj (.text:GrLineClip)
                  00007d58    000000bc     sysbios.aem4f : BIOS.obj (.text:ti_sysbios_family_arm_m3_Hwi_excDebugMon__I)
                  00007e14    00000004     empty_min_pem4f.oem4f (.text:ti_sysbios_BIOS_RtsGateProxy_enter__E)
                  00007e18    000000bc     sysbios.aem4f : BIOS.obj (.text:ti_sysbios_family_arm_m3_Hwi_excHardFault__I)
                  00007ed4    00000004     empty_min_pem4f.oem4f (.text:ti_sysbios_BIOS_RtsGateProxy_leave__E)
                  00007ed8    000000bc     sysbios.aem4f : BIOS.obj (.text:ti_sysbios_knl_Task_Instance_finalize__E)
                  00007f94    000000b8     EK_TM4C1294XL.obj (.text:EK_TM4C1294XL_initGeneral)
                  0000804c    000000b8     Kentec320x240x16_ssd2119_spi.obj (.text:InitSPILCDInterface)
                  00008104    000000b8     drivers_tivaware.aem4f : PWMTimerTiva.oem4f (.text:PWMTimerTiva_setDuty)
                  000081bc    000000b4     grlib.lib : widget.obj (.text:WidgetMessageSendPostOrder)
                  00008270    000000b4     sensor_api.obj (.text:initLight)
                  00008324    000000b1     rtsv7M4_T_le_v4SPD16_eabi.lib : _printfi.c.obj (.text:_ltostr)
                  000083d5    00000001     --HOLE-- [fill = 0]
                  000083d6    000000b0     bmi160.obj (.text:BMI160Init)
                  00008486    000000ac     drivers_tivaware.aem4f : UARTTiva.oem4f (.text:readTaskBlocking)
                  00008532    00000006     driverlib.lib : gpio.obj (.text:GPIOPinWrite)
                  00008538    000000ac     sysbios.aem4f : BIOS.obj (.text:ti_sysbios_family_arm_lm4_Timer_enableTiva__I)
                  000085e4    000000a4     user_interface.obj (.text:initSettingValues)
                  00008688    000000a0     empty_min.obj (.text:DrawDateTime)
                  00008728    000000a0     auto_init.aem4f : auto_init.oem4f (.text)
                  000087c8    000000a0     sensor_api.obj (.text:initCurrent)
                  00008868    000000a0     ti.targets.arm.rtsarm.aem4f : Text.oem4f (.text:xdc_runtime_Text_putMod__E)
                  00008908    0000009c     user_interface.obj (.text:decreaseSetting)
                  000089a4    0000009c     motor_api.obj (.text:initMotor)
                  00008a40    0000009c     rtsv7M4_T_le_v4SPD16_eabi.lib : memcpy_t2.asm.obj (.text)
                  00008adc    0000009a     ti.targets.arm.rtsarm.aem4f : Text.oem4f (.text:xdc_runtime_Text_putSite__E)
                  00008b76    00000098     drivers_tivaware.aem4f : UARTTiva.oem4f (.text:UARTTiva_readPolling)
                  00008c0e    00000002     --HOLE-- [fill = 0]
                  00008c10    00000098     Boot.aem4f : Boot.oem4f (.text:ti_catalog_arm_cortexm4_tiva_ce_Boot_sysCtlClockFreqSet__E)
                  00008ca8    00000098     empty_min.obj (.text:userInterfaceFxn)
                  00008d40    00000096     rtsv7M4_T_le_v4SPD16_eabi.lib : ull_div_t2.asm.obj (.text)
                  00008dd6    00000094     drivers_tivaware.aem4f : UARTTiva.oem4f (.text:UARTTiva_write)
                  00008e6a    00000006     grlib.lib : string.obj (.text:GrContextFontSet)
                  00008e70    00000094     sysbios.aem4f : BIOS.obj (.text:ti_sysbios_family_arm_m3_Hwi_Instance_init__E)
                  00008f04    00000004                   : BIOS.obj (.text:ti_sysbios_family_arm_lm4_Timer_masterEnable__I)
                  00008f08    00000094                   : BIOS.obj (.text:ti_sysbios_family_arm_m3_Hwi_initNVIC__E)
                  00008f9c    00000004     empty_min_pem4f.oem4f (.text:ti_sysbios_family_arm_m3_Hwi_destruct)
                  00008fa0    00000094     sysbios.aem4f : BIOS.obj (.text:ti_sysbios_knl_Task_postInit__I)
                  00009034    0000008c     drivers_tivaware.aem4f : GPIOTiva.oem4f (.text:GPIO_init)
                  000090c0    0000008c                            : UARTTiva.oem4f (.text:UARTTiva_control)
                  0000914c    0000008c     empty_min.obj (.text:main)
                  000091d8    0000008c     sysbios.aem4f : m3_TaskSupport_asm.obj (.text:ti_sysbios_family_arm_m3_TaskSupport_buildTaskStack)
                  00009264    0000008a     drivers_tivaware.aem4f : UARTTiva.oem4f (.text:readIsrTextBlocking)
                  000092ee    00000002     --HOLE-- [fill = 0]
                  000092f0    00000088                            : PWMTiva.oem4f (.text:PWMTiva_control)
                  00009378    00000086     grlib.lib : rectangle.obj (.text:GrRectFill)
                  000093fe    00000086     rtsv7M4_T_le_v4SPD16_eabi.lib : fd_cmp_t2.asm.obj (.text:__aeabi_cdcmple)
                  00009484    00000086                                   : fd_cmp_t2.asm.obj (.text:__aeabi_cdrcmple)
                  0000950a    00000006     driverlib.lib : i2c.obj (.text:I2CMasterIntDisable)
                  00009510    00000084     sysbios.aem4f : BIOS.obj (.text:ti_sysbios_family_arm_m3_Hwi_postInit__I)
                  00009594    00000082     drivers_tivaware.aem4f : UARTTiva.oem4f (.text:readIsrTextCallback)
                  00009616    00000002     --HOLE-- [fill = 0]
                  00009618    00000080     user_interface.obj (.text:StartStopMotor)
                  00009698    0000007e     drivers_tivaware.aem4f : I2CTiva.oem4f (.text:I2CTiva_transfer)
                  00009716    00000002     --HOLE-- [fill = 0]
                  00009718    0000007c     user_interface.obj (.text:increaseSetting)
                  00009794    00000004     empty_min_pem4f.oem4f (.text:ti_sysbios_family_arm_m3_TaskSupport_Module__startupDone__S)
                  00009798    0000007c     sysbios.aem4f : BIOS.obj (.text:ti_sysbios_heaps_HeapMem_free__E)
                  00009814    0000007a     driverlib.lib : adc.obj (.text:ADCSequenceStepConfigure)
                  0000988e    0000007a     drivers_tivaware.aem4f : UARTTiva.oem4f (.text:readTaskCallback)
                  00009908    0000007a     rtsv7M4_T_le_v4SPD16_eabi.lib : memset_t2.asm.obj (.text)
                  00009982    00000002     --HOLE-- [fill = 0]
                  00009984    00000074     user_interface.obj (.text:DrawSettingsParameters)
                  000099f8    00000070     opt3001.obj (.text:OPT3001Convert)
                  00009a68    00000070     sysbios.aem4f : BIOS.obj (.text:ti_sysbios_knl_Clock_workFunc__E)
                  00009ad8    00000070                   : BIOS.obj (.text:ti_sysbios_knl_Task_exit__E)
                  00009b48    0000006e     tmp107.obj (.text:TMP107WaitForEcho)
                  00009bb6    0000006e     rtsv7M4_T_le_v4SPD16_eabi.lib : _printfi.c.obj (.text:_mcpy)
                  00009c24    0000006e                                   : fd_tos_t2.asm.obj (.text)
                  00009c92    0000006e                                   : ll_div_t2.asm.obj (.text)
                  00009d00    0000006d     ti.targets.arm.rtsarm.aem4f : System.oem4f (.text:xdc_runtime_System_formatNum__I)
                  00009d6d    00000003     --HOLE-- [fill = 0]
                  00009d70    0000006c     drivers_tivaware.aem4f : PWMTimerTiva.oem4f (.text:PWMTimerTiva_control)
                  00009ddc    0000006c     rtsv7M4_T_le_v4SPD16_eabi.lib : asctime.c.obj (.text:asctime)
                  00009e48    0000006c     empty_min_pem4f.oem4f (.text:ti_sysbios_family_arm_m3_Hwi_Object__create__S)
                  00009eb4    00000004     empty_min_pem4f.oem4f (.text:ti_sysbios_hal_Hwi_HwiProxy_delete)
                  00009eb8    0000006c     sysbios.aem4f : BIOS.obj (.text:ti_sysbios_knl_Swi_restoreHwi__E)
                  00009f24    0000006c     drivers_tivaware.aem4f : UARTTiva.oem4f (.text:writeData)
                  00009f90    0000006c     ti.targets.arm.rtsarm.aem4f : Error.oem4f (.text:xdc_runtime_Error_print__E)
                  00009ffc    0000006c                                 : Memory.oem4f (.text:xdc_runtime_Memory_alloc__E)
                  0000a068    0000006a     grlib.lib : string.obj (.text:GrStringWidthGet)
                  0000a0d2    0000006a     drivers_tivaware.aem4f : PWMTiva.oem4f (.text:PWMTiva_close)
                  0000a13c    0000006a     tmp107.obj (.text:TMP107InitUart)
                  0000a1a6    00000002     --HOLE-- [fill = 0]
                  0000a1a8    00000068     grlib.lib : context.obj (.text:GrContextInit)
                  0000a210    00000068     driverlib.lib : interrupt.obj (.text:IntEnable)
                  0000a278    00000068     Kentec320x240x16_ssd2119_spi.obj (.text:Kentec320x240x16_SSD2119LineDrawH)
                  0000a2e0    00000068     Kentec320x240x16_ssd2119_spi.obj (.text:Kentec320x240x16_SSD2119LineDrawV)
                  0000a348    00000068     rtsv7M4_T_le_v4SPD16_eabi.lib : copy_decompress_lzss.c.obj (.text:decompress:lzss:__TI_decompress_lzss)
                  0000a3b0    00000066     grlib.lib : rectangle.obj (.text:GrRectDraw)
                  0000a416    00000066     opt3001.obj (.text:OPT3001ReadLight)
                  0000a47c    00000066     ti.targets.arm.rtsarm.aem4f : Core-mem.oem4f (.text:xdc_runtime_Core_deleteObject__I)
                  0000a4e2    00000002     --HOLE-- [fill = 0]
                  0000a4e4    00000064     user_interface.obj (.text:DrawAccelerationSettingsPage)
                  0000a548    00000064     user_interface.obj (.text:DrawCurrentSettingsPage)
                  0000a5ac    00000064     user_interface.obj (.text:DrawTemperatureSettingsPage)
                  0000a610    00000064     drivers_tivaware.aem4f : GPIOTiva.oem4f (.text:GPIO_hwiIntFxn)
                  0000a674    00000064     opt3001.obj (.text:OPT3001Test)
                  0000a6d8    00000064     grlib.lib : widget.obj (.text:WidgetMessageQueueProcess)
                  0000a73c    00000064     user_interface.obj (.text:eStopGUI)
                  0000a7a0    00000064     rtsv7M4_T_le_v4SPD16_eabi.lib : s_frexp.c.obj (.text:frexp)
                  0000a804    00000004     empty_min_pem4f.oem4f (.text:ti_sysbios_heaps_HeapMem_Module_GateProxy_enter__E)
                  0000a808    00000064     sysbios.aem4f : BIOS.obj (.text:ti_sysbios_family_arm_lm4_Timer_Module_startup__E)
                  0000a86c    00000064     empty_min_pem4f.oem4f (.text:ti_sysbios_family_arm_m3_Hwi_create)
                  0000a8d0    00000064     sysbios.aem4f : BIOS.obj (.text:ti_sysbios_family_arm_m3_Hwi_dispatchC__I)
                  0000a934    00000064     empty_min_pem4f.oem4f (.text:ti_sysbios_hal_Hwi_create)
                  0000a998    00000064     sysbios.aem4f : BIOS.obj (.text:ti_sysbios_knl_Semaphore_post__E)
                  0000a9fc    00000062     grlib.lib : context.obj (.text:GrContextClipRegionSet)
                  0000aa5e    00000062     drivers_tivaware.aem4f : I2CTiva.oem4f (.text:I2CTiva_primeTransfer)
                  0000aac0    00000060     driverlib.lib : timer.obj (.text:TimerConfigure)
                  0000ab20    00000060     Kentec320x240x16_ssd2119_spi.obj (.text:WriteDataSPI)
                  0000ab80    00000060     sensor_api.obj (.text:taskLight)
                  0000abe0    0000005e     tmp107.obj (.text:TMP107Init)
                  0000ac3e    0000005e     drivers_tivaware.aem4f : UARTTiva.oem4f (.text:readIsrBinaryBlocking)
                  0000ac9c    0000005c     grlib.lib : widget.obj (.text:WidgetMessageSendPreOrder)
                  0000acf8    0000005c     Kentec320x240x16_ssd2119_spi.obj (.text:WriteCommandSPI)
                  0000ad54    0000005c     sensor_api.obj (.text:getAcceleration)
                  0000adb0    0000005c     sensor_api.obj (.text:getBoardTemp)
                  0000ae0c    0000005c     sensor_api.obj (.text:getLight)
                  0000ae68    0000005c     sensor_api.obj (.text:getMotorTemp)
                  0000aec4    0000005c     sensor_api.obj (.text:getPower)
                  0000af20    0000005c     sysbios.aem4f : BIOS.obj (.text:ti_sysbios_knl_Swi_run__I)
                  0000af7c    00000004     empty_min_pem4f.oem4f (.text:ti_sysbios_heaps_HeapMem_Module_GateProxy_leave__E)
                  0000af80    0000005c     sysbios.aem4f : BIOS.obj (.text:ti_sysbios_knl_Swi_schedule__I)
                  0000afdc    00000004     empty_min_pem4f.oem4f (.text:ti_sysbios_knl_Clock_TimerProxy_getMaxTicks__E)
                  0000afe0    0000005c     sysbios.aem4f : BIOS.obj (.text:ti_sysbios_knl_Task_Module_startup__E)
                  0000b03c    0000005c     empty_min_pem4f.oem4f (.text:ti_sysbios_knl_Task_create)
                  0000b098    0000005c     sysbios.aem4f : BIOS.obj (.text:ti_sysbios_knl_Task_startCore__E)
                  0000b0f4    0000005b     ti.targets.arm.rtsarm.aem4f : Text.oem4f (.text:xdc_runtime_Text_putLab__E)
                  0000b14f    00000001     --HOLE-- [fill = 0]
                  0000b150    0000005a     grlib.lib : string.obj (.text:FontWideGlyphDataGet)
                  0000b1aa    0000005a     tmp107.obj (.text:TMP107Decode5bitAddress)
                  0000b204    0000005a     tmp107.obj (.text:TMP107Encode5bitAddress)
                  0000b25e    00000002     --HOLE-- [fill = 0]
                  0000b260    00000058     boot.aem4f : boot.oem4f (.text)
                  0000b2b8    00000058     user_interface.obj (.text:DrawMotorSettingsPage)
                  0000b310    00000058     rtsv7M4_T_le_v4SPD16_eabi.lib : hostwrite.c.obj (.text:HOSTwrite)
                  0000b368    00000058     driverlib.lib : timer.obj (.text:TimerControlTrigger)
                  0000b3c0    00000058     empty_min_pem4f.oem4f (.text:ti_sysbios_family_arm_m3_Hwi_construct)
                  0000b418    00000058     sysbios.aem4f : m3_Hwi_asm_switch.obj (.text:ti_sysbios_family_arm_m3_Hwi_initStacks__E)
                  0000b470    00000056     driverlib.lib : gpio.obj (.text:GPIOIntTypeSet)
                  0000b4c6    00000056     rtsv7M4_T_le_v4SPD16_eabi.lib : _printfi.c.obj (.text:_pconv_f)
                  0000b51c    00000054     EK_TM4C1294XL.obj (.text:EK_TM4C1294XL_initUART)
                  0000b570    00000054     empty_min.obj (.text:getCurrentDateTime)
                  0000b5c4    00000054     rtsv7M4_T_le_v4SPD16_eabi.lib : ltoa.c.obj (.text:ltoa)
                  0000b618    00000054     drivers_tivaware.aem4f : UARTTiva.oem4f (.text:readIsrBinaryCallback)
                  0000b66c    00000004     empty_min_pem4f.oem4f (.text:ti_sysbios_knl_Clock_destruct)
                  0000b670    00000054     sysbios.aem4f : BIOS.obj (.text:ti_sysbios_family_arm_lm4_Timer_initDevice__I)
                  0000b6c4    00000054     ti.targets.arm.rtsarm.aem4f : Assert.oem4f (.text:xdc_runtime_Assert_raise__I)
                  0000b718    00000052     tmp107.obj (.text:TMP107SetConfig)
                  0000b76a    00000052     rtsv7M4_T_le_v4SPD16_eabi.lib : _printfi.c.obj (.text:_ecpy)
                  0000b7bc    00000050     driverlib.lib : adc.obj (.text:ADCSequenceConfigure)
                  0000b80c    00000050     drivers_tivaware.aem4f : GPIOTiva.oem4f (.text:GPIO_setCallback)
                  0000b85c    00000050                            : GPIOTiva.oem4f (.text:GPIO_write)
                  0000b8ac    00000050     opt3001.obj (.text:OPT3001WriteI2C)
                  0000b8fc    00000050     driverlib.lib : sysctl.obj (.text:SysCtlPeripheralReset)
                  0000b94c    00000050     tmp107.obj (.text:TMP107LastDevicePoll)
                  0000b99c    00000050     drivers_tivaware.aem4f : UARTTiva.oem4f (.text:UARTTiva_writeCancel)
                  0000b9ec    00000050     Boot.aem4f : Boot_sysctl.oem4f (.text:_SysCtlFrequencyGet)
                  0000ba3c    00000004     empty_min_pem4f.oem4f (.text:ti_sysbios_knl_Queue_destruct)
                  0000ba40    00000050     sysbios.aem4f : BIOS.obj (.text:ti_sysbios_family_arm_m3_Hwi_Module_startup__E)
                  0000ba90    00000050                   : BIOS.obj (.text:ti_sysbios_knl_Clock_Instance_init__E)
                  0000bae0    00000050     ti.targets.arm.rtsarm.aem4f : Startup.oem4f (.text:xdc_runtime_Startup_exec__E)
                  0000bb30    00000050                                 : Text.oem4f (.text:xdc_runtime_Text_visitRope2__I)
                  0000bb80    0000004c     driverlib.lib : i2c.obj (.text:I2CMasterInitExpClk)
                  0000bbcc    0000004c     drivers_tivaware.aem4f : UARTTiva.oem4f (.text:UARTTiva_close)
                  0000bc18    0000004c     grlib.lib : widget.obj (.text:WidgetRemove)
                  0000bc64    0000004c     rtsv7M4_T_le_v4SPD16_eabi.lib : atoi.c.obj (.text:atoi)
                  0000bcb0    0000004c                                   : cpy_tbl.c.obj (.text:copy_in)
                  0000bcfc    0000004c                                   : snprintf.c.obj (.text:snprintf)
                  0000bd48    0000004c     sysbios.aem4f : BIOS.obj (.text:ti_sysbios_family_arm_lm4_Timer_setAvailMask__E)
                  0000bd94    00000004     empty_min_pem4f.oem4f (.text:ti_sysbios_knl_Semaphore_destruct)
                  0000bd98    0000004c     sysbios.aem4f : BIOS.obj (.text:ti_sysbios_heaps_HeapMem_getStats__E)
                  0000bde4    00000004     ti.targets.arm.rtsarm.aem4f : Error.oem4f (.text:xdc_runtime_Error_getSite__E)
                  0000bde8    0000004c     sysbios.aem4f : BIOS.obj (.text:ti_sysbios_knl_Swi_runLoop__I)
                  0000be34    00000004     empty_min_pem4f.oem4f (.text:xdc_runtime_System_Module_GateProxy_enter__E)
                  0000be38    0000004c     sysbios.aem4f : BIOS.obj (.text:ti_sysbios_knl_Task_allBlockedFunction__I)
                  0000be84    00000004     empty_min_pem4f.oem4f (.text:xdc_runtime_System_Module_GateProxy_leave__E)
                  0000be88    0000004c     sysbios.aem4f : BIOS.obj (.text:ti_sysbios_knl_Task_schedule__I)
                  0000bed4    0000004a     drivers_tivaware.aem4f : PWMTimerTiva.oem4f (.text:PWMTimerTiva_close)
                  0000bf1e    0000004a     grlib.lib : string.obj (.text:UpdateContextCharMapping)
                  0000bf68    00000048     bmi160.obj (.text:BMI160WriteI2C)
                  0000bfb0    00000048     driverlib.lib : gpio.obj (.text:GPIOPinConfigure)
                  0000bff8    00000048     rtsv7M4_T_le_v4SPD16_eabi.lib : hosttime.c.obj (.text:HOSTtime)
                  0000c040    00000048     driverlib.lib : sysctl.obj (.text:_SysCtlFrequencyGet)
                  0000c088    00000048     rtsv7M4_T_le_v4SPD16_eabi.lib : fd_toi_t2.asm.obj (.text)
                  0000c0d0    00000048     sysbios.aem4f : BIOS.obj (.text:ti_sysbios_family_arm_lm4_Timer_enableTimers__I)
                  0000c118    00000048                   : BIOS.obj (.text:ti_sysbios_family_arm_m3_Hwi_disableInterrupt__E)
                  0000c160    00000048                   : BIOS.obj (.text:ti_sysbios_family_arm_m3_Hwi_enableInterrupt__E)
                  0000c1a8    00000048                   : BIOS.obj (.text:ti_sysbios_family_arm_m3_Hwi_excReserved__I)
                  0000c1f0    00000046     grlib.lib : line.obj (.text:GrLineDrawH)
                  0000c236    00000046               : line.obj (.text:GrLineDrawV)
                  0000c27c    00000046     Kentec320x240x16_ssd2119_spi.obj (.text:Kentec320x240x16_SSD2119PixelDraw)
                  0000c2c2    00000046     drivers_tivaware.aem4f : RingBuf.oem4f (.text:RingBuf_put)
                  0000c308    00000046     driverlib.lib : uart.obj (.text:UARTConfigSetExpClk)
                  0000c34e    00000046     ti.targets.arm.rtsarm.aem4f : Core-params.oem4f (.text:xdc_runtime_Core_assignParams__I)
                  0000c394    00000044     bmi160.obj (.text:BMI160InterruptThreshold)
                  0000c3d8    00000044     rtsv7M4_T_le_v4SPD16_eabi.lib : fd_tou_t2.asm.obj (.text)
                  0000c41c    00000044     user_interface.obj (.text:setupEEPROM)
                  0000c460    00000044     sysbios.aem4f : BIOS.obj (.text:ti_sysbios_family_arm_lm4_Timer_isrStub__E)
                  0000c4a4    00000004     ti.targets.arm.rtsarm.aem4f : System.oem4f (.text:xdc_runtime_System_aprintf_va__F)
                  0000c4a8    00000044     sysbios.aem4f : BIOS.obj (.text:ti_sysbios_family_arm_m3_Hwi_getStackInfo__E)
                  0000c4ec    00000004     ti.targets.arm.rtsarm.aem4f : System.oem4f (.text:xdc_runtime_System_printf_va__F)
                  0000c4f0    00000044     sysbios.aem4f : BIOS.obj (.text:ti_sysbios_knl_Swi_post__E)
                  0000c534    00000044     ti.targets.arm.rtsarm.aem4f : Error.oem4f (.text:xdc_runtime_Error_setX__E)
                  0000c578    00000044                                 : SysMin.oem4f (.text:xdc_runtime_SysMin_flush__E)
                  0000c5bc    00000044                                 : Text.oem4f (.text:xdc_runtime_Text_xprintf__I)
                  0000c600    00000042     bmi160.obj (.text:BMI160ReadI2C)
                  0000c642    00000042     drivers_tivaware.aem4f : UARTTiva.oem4f (.text:UARTTiva_hwiIntFxn)
                  0000c684    00000042                            : UARTTiva.oem4f (.text:UARTTiva_writePolling)
                  0000c6c6    00000002     --HOLE-- [fill = 0]
                  0000c6c8    00000040     driverlib.lib : eeprom.obj (.text:EEPROMInit)
                  0000c708    00000040     opt3001.obj (.text:OPT3001ReadI2C)
                  0000c748    00000040     drivers_tivaware.aem4f : RingBuf.oem4f (.text:RingBuf_get)
                  0000c788    00000040                            : UARTTiva.oem4f (.text:UARTTiva_read)
                  0000c7c8    00000040     user_interface.obj (.text:removeAllWidgets)
                  0000c808    00000040     rtsv7M4_T_le_v4SPD16_eabi.lib : u_divt2.asm.obj (.text)
                  0000c848    00000040                                   : sprintf.c.obj (.text:sprintf)
                  0000c888    00000040     sysbios.aem4f : BIOS.obj (.text:ti_sysbios_family_arm_lm4_Timer_startup__E)
                  0000c8c8    00000040                   : BIOS.obj (.text:ti_sysbios_heaps_HeapMem_Instance_init__E)
                  0000c908    0000003e     rtsv7M4_T_le_v4SPD16_eabi.lib : _printfi.c.obj (.text:_fcpy)
                  0000c946    00000002     --HOLE-- [fill = 0]
                  0000c948    0000003c     EK_TM4C1294XL.obj (.text:EK_TM4C1294XL_initI2C)
                  0000c984    0000003c     driverlib.lib : ssi.obj (.text:SSIConfigSetExpClk)
                  0000c9c0    0000003c     tmp107.obj (.text:TMP107DecodeTemperatureResult)
                  0000c9fc    0000003c     driverlib.lib : eeprom.obj (.text:_EEPROMSectorMaskSet)
                  0000ca38    0000003c     sysbios.aem4f : BIOS.obj (.text:ti_sysbios_family_arm_m3_Hwi_excSvCall__I)
                  0000ca74    00000004     --HOLE-- [fill = 0]
                  0000ca78    0000003c                   : BIOS.obj (.text:ti_sysbios_heaps_HeapMem_init__I)
                  0000cab4    00000004     --HOLE-- [fill = 0]
                  0000cab8    0000003c                   : BIOS.obj (.text:ti_sysbios_knl_Swi_restore__E)
                  0000caf4    0000003a     grlib.lib : string.obj (.text:FontGlyphDataGet)
                  0000cb2e    0000003a     drivers_tivaware.aem4f : I2CTiva.oem4f (.text:I2CTiva_completeTransfer)
                  0000cb68    00000038     user_interface.obj (.text:DrawHomeScreen)
                  0000cba0    00000038     driverlib.lib : eeprom.obj (.text:EEPROMRead)
                  0000cbd8    00000038     drivers_tivaware.aem4f : I2C.oem4f (.text:I2C_init)
                  0000cc10    00000038                            : PWM.oem4f (.text:PWM_init)
                  0000cc48    00000038     driverlib.lib : sysctl.obj (.text:SysCtlPeripheralReady)
                  0000cc80    00000038     drivers_tivaware.aem4f : UART.oem4f (.text:UART_init)
                  0000ccb8    00000038     rtsv7M4_T_le_v4SPD16_eabi.lib : trgmsg.c.obj (.text:__TI_writemsg)
                  0000ccf0    00000038                                   : fs_tod_t2.asm.obj (.text)
                  0000cd28    00000038     motor_api.obj (.text:startMotor)
                  0000cd60    00000038     sysbios.aem4f : BIOS.obj (.text:ti_sysbios_family_arm_m3_Hwi_excNoIsr__I)
                  0000cd98    00000038                   : BIOS.obj (.text:ti_sysbios_knl_Task_processVitalTaskFlag__I)
                  0000cdd0    00000038     ti.targets.arm.rtsarm.aem4f : SysMin.oem4f (.text:xdc_runtime_SysMin_putch__E)
                  0000ce08    00000038                                 : System.oem4f (.text:xdc_runtime_System_atexit__E)
                  0000ce40    00000036     grlib.lib : line.obj (.text:GrClipCodeGet)
                  0000ce76    00000036     drivers_tivaware.aem4f : I2CTiva.oem4f (.text:I2CTiva_close)
                  0000ceac    00000036                            : UARTTiva.oem4f (.text:UARTTiva_readCancel)
                  0000cee2    00000002     --HOLE-- [fill = 0]
                  0000cee4    00000034     driverlib.lib : sysctl.obj (.text:SysCtlPeripheralEnable)
                  0000cf18    00000034                   : eeprom.obj (.text:_EEPROMSectorMaskClear)
                  0000cf4c    00000034     rtsv7M4_T_le_v4SPD16_eabi.lib : trgmsg.c.obj (.text:__TI_readmsg)
                  0000cf80    00000034     motor_api.obj (.text:motorUpdateFunc)
                  0000cfb4    00000004     --HOLE-- [fill = 0]
                  0000cfb8    00000034     sysbios.aem4f : BIOS.obj (.text:ti_sysbios_family_arm_m3_Hwi_Instance_finalize__E)
                  0000cfec    00000004     --HOLE-- [fill = 0]
                  0000cff0    00000034                   : BIOS.obj (.text:ti_sysbios_family_arm_m3_Hwi_excNmi__I)
                  0000d024    00000034     empty_min_pem4f.oem4f (.text:ti_sysbios_knl_Clock_construct)
                  0000d058    00000034     ti.targets.arm.rtsarm.aem4f : Core-label.oem4f (.text:xdc_runtime_Core_assignLabel__I)
                  0000d08c    00000033                                 : Text.oem4f (.text:xdc_runtime_Text_printVisFxn__I)
                  0000d0bf    00000001     --HOLE-- [fill = 0]
                  0000d0c0    00000032     sysbios.aem4f : BIOS.obj (.text:ti_sysbios_hal_Hwi_initStack)
                  0000d0f2    00000002     --HOLE-- [fill = 0]
                  0000d0f4    00000030     drivers_tivaware.aem4f : GPIOTiva.oem4f (.text:GPIO_enableInt)
                  0000d124    00000030                            : GPIOTiva.oem4f (.text:GPIO_read)
                  0000d154    00000030                            : I2C.oem4f (.text:I2C_open)
                  0000d184    00000030                            : PWMTiva.oem4f (.text:PWMTiva_init)
                  0000d1b4    00000030                            : PWM.oem4f (.text:PWM_open)
                  0000d1e4    00000030                            : UART.oem4f (.text:UART_open)
                  0000d214    00000030     rtsv7M4_T_le_v4SPD16_eabi.lib : snprintf.c.obj (.text:_outs)
                  0000d244    00000030     user_interface.obj (.text:drawAccelerationGraph)
                  0000d274    00000030     user_interface.obj (.text:drawAmbientTemperatureGraph)
                  0000d2a4    00000030     user_interface.obj (.text:drawMotorTemperatureGraph)
                  0000d2d4    00000030     motor_api.obj (.text:rotationCallbackFxn)
                  0000d304    00000030     sensor_api.obj (.text:setThresholdAccel)
                  0000d334    00000030     sensor_api.obj (.text:setThresholdCurrent)
                  0000d364    00000030     empty_min_pem4f.oem4f (.text:ti_sysbios_BIOS_atExitFunc__I)
                  0000d394    00000004     --HOLE-- [fill = 0]
                  0000d398    00000030     sysbios.aem4f : BIOS.obj (.text:ti_sysbios_family_arm_lm4_Timer_stop__E)
                  0000d3c8    00000030                   : BIOS.obj (.text:ti_sysbios_family_arm_m3_TaskSupport_start__E)
                  0000d3f8    00000030     empty_min_pem4f.oem4f (.text:ti_sysbios_gates_GateHwi_Object__create__S)
                  0000d428    00000030     empty_min_pem4f.oem4f (.text:ti_sysbios_gates_GateMutex_Object__create__S)
                  0000d458    00000030     sysbios.aem4f : BIOS.obj (.text:ti_sysbios_gates_GateMutex_enter__E)
                  0000d488    00000030     empty_min_pem4f.oem4f (.text:ti_sysbios_heaps_HeapMem_Object__create__S)
                  0000d4b8    00000030     empty_min_pem4f.oem4f (.text:ti_sysbios_knl_Semaphore_construct)
                  0000d4e8    00000030     sysbios.aem4f : BIOS.obj (.text:ti_sysbios_knl_Semaphore_pendTimeout__I)
                  0000d518    00000030                   : BIOS.obj (.text:ti_sysbios_knl_Task_unblockI__E)
                  0000d548    00000030     ti.targets.arm.rtsarm.aem4f : SysMin.oem4f (.text:xdc_runtime_SysMin_abort__E)
                  0000d578    00000030                                 : System.oem4f (.text:xdc_runtime_System_processAtExit__E)
                  0000d5a8    0000002f     empty_min.obj (.text:sensorsFxn)
                  0000d5d7    00000001     --HOLE-- [fill = 0]
                  0000d5d8    0000002e     driverlib.lib : adc.obj (.text:ADCIntStatus)
                  0000d606    0000002e     grlib.lib : string.obj (.text:GrStringNextCharGet)
                  0000d634    0000002e     opt3001.obj (.text:OPT3001Enable)
                  0000d662    0000002e     rtsv7M4_T_le_v4SPD16_eabi.lib : i_tofd_t2.asm.obj (.text)
                  0000d690    0000002c     user_interface.obj (.text:DrawGraphMenuScreen)
                  0000d6bc    0000002c     user_interface.obj (.text:DrawSetMenuScreen)
                  0000d6e8    0000002c     grlib.lib : string.obj (.text:GrFontBaselineGet)
                  0000d714    0000002c               : string.obj (.text:GrFontHeightGet)
                  0000d740    0000002c     user_interface.obj (.text:drawPowerGraph)
                  0000d76c    0000002c     user_interface.obj (.text:returnFromGraph)
                  0000d798    0000002c     empty_min_pem4f.oem4f (.text:ti_sysbios_knl_Clock_doTick__I)
                  0000d7c4    0000002c     empty_min_pem4f.oem4f (.text:ti_sysbios_knl_Queue_construct)
                  0000d7f0    0000002c     sysbios.aem4f : BIOS.obj (.text:ti_sysbios_knl_Task_restore__E)
                  0000d81c    0000002c     ti.targets.arm.rtsarm.aem4f : Text.oem4f (.text:xdc_runtime_Text_cordText__E)
                  0000d848    0000002a     driverlib.lib : gpio.obj (.text:GPIODirModeSet)
                  0000d872    0000002a     grlib.lib : widget.obj (.text:WidgetIsInTree)
                  0000d89c    0000002a     ti.targets.arm.rtsarm.aem4f : System.oem4f (.text:xdc_runtime_System_putchar__I)
                  0000d8c6    00000028     Kentec320x240x16_ssd2119_spi.obj (.text:Kentec320x240x16_SSD2119ColorTranslate)
                  0000d8ee    00000028     grlib.lib : pushbutton.obj (.text:RectangularButtonMsgProc)
                  0000d916    00000002     --HOLE-- [fill = 0]
                  0000d918    00000028     user_interface.obj (.text:drawLightGraph)
                  0000d940    00000028     user_interface.obj (.text:drawSpeedGraph)
                  0000d968    00000028     motor_api.obj (.text:getSpeed)
                  0000d990    00000028     motor_api.obj (.text:setDesiredSpeed)
                  0000d9b8    00000028     sysbios.aem4f : BIOS.obj (.text:ti_sysbios_hal_Hwi_Instance_init__E)
                  0000d9e0    00000028                   : BIOS.obj (.text:ti_sysbios_knl_Swi_Module_startup__E)
                  0000da08    00000026     grlib.lib : string.obj (.text:GrFontInfoGet)
                  0000da2e    00000026     sysbios.aem4f : m3_Hwi_asm.obj (.text:ti_sysbios_family_arm_m3_Hwi_pendSV__I)
                  0000da54    00000026     ti.targets.arm.rtsarm.aem4f : System.oem4f (.text:xdc_runtime_System_avprintf__E)
                  0000da7a    00000024     grlib.lib : widget.obj (.text:WidgetAdd)
                  0000da9e    00000002     --HOLE-- [fill = 0]
                  0000daa0    00000024     empty_min_pem4f.oem4f (.text:ti_sysbios_BIOS_errorRaiseHook__I)
                  0000dac4    00000024     empty_min_pem4f.oem4f (.text:ti_sysbios_BIOS_registerRTSLock__I)
                  0000dae8    00000024     empty_min_pem4f.oem4f (.text:ti_sysbios_BIOS_removeRTSLock__I)
                  0000db0c    00000024     empty_min_pem4f.oem4f (.text:ti_sysbios_BIOS_startFunc__I)
                  0000db30    00000024     empty_min_pem4f.oem4f (.text:ti_sysbios_gates_GateMutex_Object__delete__S)
                  0000db54    00000004     --HOLE-- [fill = 0]
                  0000db58    00000024     sysbios.aem4f : BIOS.obj (.text:ti_sysbios_knl_Clock_Module_startup__E)
                  0000db7c    00000004     --HOLE-- [fill = 0]
                  0000db80    00000024                   : BIOS.obj (.text:ti_sysbios_knl_Clock_start__E)
                  0000dba4    00000004     --HOLE-- [fill = 0]
                  0000dba8    00000024                   : BIOS.obj (.text:ti_sysbios_knl_Semaphore_Instance_init__E)
                  0000dbcc    00000004     --HOLE-- [fill = 0]
                  0000dbd0    00000024                   : BIOS.obj (.text:ti_sysbios_knl_Task_restoreHwi__E)
                  0000dbf4    00000024     ti.targets.arm.rtsarm.aem4f : System.oem4f (.text:xdc_runtime_System_vprintf__E)
                  0000dc18    00000022     grlib.lib : string.obj (.text:GrFontGlyphDataGet)
                  0000dc3a    00000022     driverlib.lib : pwm.obj (.text:PWMGenConfigure)
                  0000dc5c    00000022     drivers_tivaware.aem4f : PWMTiva.oem4f (.text:PWMTiva_getPeriodCounts)
                  0000dc7e    00000002     --HOLE-- [fill = 0]
                  0000dc80    00000022     sysbios.aem4f : BIOS.obj (.text:ti_sysbios_family_arm_lm4_Timer_write__I)
                  0000dca2    00000022     empty_min_pem4f.oem4f (.text:xdc_runtime_SysMin_output__I)
                  0000dcc4    00000020     empty_min.obj (.text:ClockFxn)
                  0000dce4    00000020     driverlib.lib : uart.obj (.text:UARTDisable)
                  0000dd04    00000020     Boot.aem4f : Boot_sysctl.oem4f (.text:_SysCtlMemTimingGet)
                  0000dd24    00000020     driverlib.lib : sysctl.obj (.text:_SysCtlMemTimingGet)
                  0000dd44    00000020     motor_api.obj (.text:eStopMotor)
                  0000dd64    00000020     user_interface.obj (.text:ledDayNight)
                  0000dd84    00000020     rtsv7M4_T_le_v4SPD16_eabi.lib : u_tofd_t2.asm.obj (.text)
                  0000dda4    00000020     empty_min_pem4f.oem4f (.text:ti_sysbios_BIOS_rtsLock__I)
                  0000ddc4    00000020     empty_min_pem4f.oem4f (.text:ti_sysbios_family_arm_m3_Hwi_Object__delete__S)
                  0000dde4    00000020     sysbios.aem4f : m3_Hwi_asm.obj (.text:ti_sysbios_family_arm_m3_Hwi_excHandlerAsm__I)
                  0000de04    00000004     --HOLE-- [fill = 0]
                  0000de08    00000020                   : BIOS.obj (.text:ti_sysbios_family_arm_m3_Hwi_excHandler__I)
                  0000de28    00000020     empty_min_pem4f.oem4f (.text:ti_sysbios_gates_GateHwi_Object__delete__S)
                  0000de48    00000020     empty_min_pem4f.oem4f (.text:ti_sysbios_heaps_HeapMem_Object__delete__S)
                  0000de68    00000020     empty_min_pem4f.oem4f (.text:ti_sysbios_knl_Clock_Object__destruct__S)
                  0000de88    00000020     sysbios.aem4f : BIOS.obj (.text:ti_sysbios_knl_Idle_run__E)
                  0000dea8    00000020     empty_min_pem4f.oem4f (.text:ti_sysbios_knl_Semaphore_Object__destruct__S)
                  0000dec8    00000020     ti.targets.arm.rtsarm.aem4f : Registry.oem4f (.text:xdc_runtime_Registry_findById__E)
                  0000dee8    00000020                                 : SysMin.oem4f (.text:xdc_runtime_SysMin_Module_startup__E)
                  0000df08    0000001e     driverlib.lib : adc.obj (.text:ADCSequenceDataGet)
                  0000df26    0000001e     grlib.lib : string.obj (.text:GrFontCodepageGet)
                  0000df44    0000001e     driverlib.lib : pwm.obj (.text:PWMPulseWidthSet)
                  0000df62    0000001e     drivers_tivaware.aem4f : PWMTiva.oem4f (.text:PWMTiva_getPeriodMicroSecs)
                  0000df80    0000001e     sysbios.aem4f : m3_Hwi_asm_switch.obj (.text:ti_sysbios_family_xxx_Hwi_switchAndRunFunc)
                  0000df9e    00000002     --HOLE-- [fill = 0]
                  0000dfa0    0000001c     grlib.lib : widget.obj (.text:WidgetPointerMessage)
                  0000dfbc    0000001c     drivers_tivaware.aem4f : GPIOTiva.oem4f (.text:getGpioIntIndex)
                  0000dfd8    0000001c     rtsv7M4_T_le_v4SPD16_eabi.lib : memccpy.c.obj (.text:memccpy)
                  0000dff4    0000001c     empty_min_pem4f.oem4f (.text:ti_sysbios_family_arm_m3_Hwi_Object__destruct__S)
                  0000e010    0000001c     sysbios.aem4f : BIOS.obj (.text:ti_sysbios_gates_GateMutex_Instance_init__E)
                  0000e02c    0000001c     empty_min_pem4f.oem4f (.text:ti_sysbios_hal_Hwi_HwiProxy_create)
                  0000e048    0000001c     sysbios.aem4f : BIOS.obj (.text:ti_sysbios_knl_Clock_Instance_finalize__E)
                  0000e064    0000001c     empty_min_pem4f.oem4f (.text:ti_sysbios_knl_Queue_Object__destruct__S)
                  0000e080    0000001c     sysbios.aem4f : BIOS.obj (.text:ti_sysbios_knl_Queue_put__E)
                  0000e09c    00000004     --HOLE-- [fill = 0]
                  0000e0a0    0000001c                   : BIOS.obj (.text:ti_sysbios_knl_Task_enter__I)
                  0000e0bc    0000001c     ti.targets.arm.rtsarm.aem4f : Error.oem4f (.text:xdc_runtime_Error_raiseX__E)
                  0000e0d8    0000001c                                 : Memory.oem4f (.text:xdc_runtime_Memory_valloc__E)
                  0000e0f4    0000001c                                 : SysMin.oem4f (.text:xdc_runtime_SysMin_exit__E)
                  0000e110    0000001c                                 : System.oem4f (.text:xdc_runtime_System_abort__E)
                  0000e12c    0000001a     rtsv7M4_T_le_v4SPD16_eabi.lib : s_copysign.c.obj (.text:copysign)
                  0000e146    0000001a     empty_min_pem4f.oem4f (.text:ti_sysbios_family_arm_m3_Hwi_Handle__label__S)
                  0000e160    0000001a     empty_min_pem4f.oem4f (.text:ti_sysbios_gates_GateHwi_Handle__label__S)
                  0000e17a    0000001a     empty_min_pem4f.oem4f (.text:ti_sysbios_gates_GateMutex_Handle__label__S)
                  0000e194    0000001a     empty_min_pem4f.oem4f (.text:ti_sysbios_heaps_HeapMem_Handle__label__S)
                  0000e1ae    0000001a     empty_min_pem4f.oem4f (.text:ti_sysbios_knl_Swi_Handle__label__S)
                  0000e1c8    0000001a     empty_min_pem4f.oem4f (.text:ti_sysbios_knl_Task_Handle__label__S)
                  0000e1e2    0000001a     empty_min_pem4f.oem4f (.text:xdc_runtime_System_aprintf__E)
                  0000e1fc    0000001a     empty_min_pem4f.oem4f (.text:xdc_runtime_System_printf__E)
                  0000e216    00000018     driverlib.lib : adc.obj (.text:ADCProcessorTrigger)
                  0000e22e    00000018                   : gpio.obj (.text:GPIOPinTypeGPIOOutput)
                  0000e246    00000018     tmp107.obj (.text:TMP107Transmit)
                  0000e25e    00000018     driverlib.lib : timer.obj (.text:TimerControlLevel)
                  0000e276    00000002     --HOLE-- [fill = 0]
                  0000e278    00000018                   : timer.obj (.text:TimerDisable)
                  0000e290    00000018     drivers_tivaware.aem4f : UART.oem4f (.text:UART_Params_init)
                  0000e2a8    00000018     rtsv7M4_T_le_v4SPD16_eabi.lib : args_main.c.obj (.text:_args_main)
                  0000e2c0    00000018                                   : snprintf.c.obj (.text:_outc)
                  0000e2d8    00000018                                   : sprintf.c.obj (.text:_outs)
                  0000e2f0    00000018     sensor_api.obj (.text:setThresholdTemp)
                  0000e308    00000018     motor_api.obj (.text:stopMotor_api)
                  0000e320    00000018     empty_min_pem4f.oem4f (.text:ti_sysbios_BIOS_rtsUnlock__I)
                  0000e338    00000018     empty_min_pem4f.oem4f (.text:ti_sysbios_family_arm_lm4_Timer_Module__startupDone__F)
                  0000e350    00000018     empty_min_pem4f.oem4f (.text:ti_sysbios_family_arm_m3_Hwi_Module__startupDone__F)
                  0000e368    00000018     sysbios.aem4f : m3_TaskSupport_asm.obj (.text:ti_sysbios_family_arm_m3_TaskSupport_swap__E)
                  0000e380    00000018                   : BIOS.obj (.text:ti_sysbios_gates_GateMutex_leave__E)
                  0000e398    00000018                   : BIOS.obj (.text:ti_sysbios_knl_Task_sleepTimeout__I)
                  0000e3b0    00000018     ti.targets.arm.rtsarm.aem4f : Error.oem4f (.text:xdc_runtime_Error_check__E)
                  0000e3c8    00000018                                 : System.oem4f (.text:xdc_runtime_System_exit__E)
                  0000e3e0    00000018                                 : Text.oem4f (.text:xdc_runtime_Text_ropeText__E)
                  0000e3f8    00000016     grlib.lib : string.obj (.text:GrStringDraw)
                  0000e40e    00000016     driverlib.lib : i2c.obj (.text:I2CMasterErr)
                  0000e424    00000016     rtsv7M4_T_le_v4SPD16_eabi.lib : strchr.c.obj (.text:strchr)
                  0000e43a    00000016     empty_min_pem4f.oem4f (.text:ti_sysbios_BIOS_exitFunc__I)
                  0000e450    00000016     empty_min.obj (.text:ti_sysbios_hal_Hwi_Params_init)
                  0000e466    00000016     empty_min.obj (.text:ti_sysbios_knl_Clock_Params_init)
                  0000e47c    00000016     sensor_api.obj (.text:ti_sysbios_knl_Clock_Params_init)
                  0000e492    00000016     sensor_api.obj (.text:ti_sysbios_knl_Semaphore_Params_init)
                  0000e4a8    00000016     empty_min.obj (.text:ti_sysbios_knl_Task_Params_init)
                  0000e4be    00000016     sensor_api.obj (.text:ti_sysbios_knl_Task_Params_init)
                  0000e4d4    00000014     grlib.lib : canvas.obj (.text:CanvasMsgProc)
                  0000e4e8    00000014     Kentec320x240x16_ssd2119_spi.obj (.text:LED_OFF)
                  0000e4fc    00000014     Kentec320x240x16_ssd2119_spi.obj (.text:LED_ON)
                  0000e510    00000014     driverlib.lib : pwm.obj (.text:PWMClockSet)
                  0000e524    00000014                   : sysctl.obj (.text:SysCtlPWMClockSet)
                  0000e538    00000014     touch.obj (.text:TouchScreenCallbackSet)
                  0000e54c    00000014     driverlib.lib : uart.obj (.text:UARTEnable)
                  0000e560    00000014     grlib.lib : widget.obj (.text:WidgetMutexGet)
                  0000e574    00000014     user_interface.obj (.text:initLEDS)
                  0000e588    00000014     empty_min.obj (.text:shouldDrawDataClock)
                  0000e59c    00000014     rtsv7M4_T_le_v4SPD16_eabi.lib : strcpy.c.obj (.text:strcpy)
                  0000e5b0    00000014                                   : strlen.c.obj (.text:strlen)
                  0000e5c4    00000014     empty_min_pem4f.oem4f (.text:ti_sysbios_family_arm_m3_Hwi_Object__get__S)
                  0000e5d8    00000014     sysbios.aem4f : BIOS.obj (.text:ti_sysbios_family_arm_m3_Hwi_switchFromBootStack__E)
                  0000e5ec    00000014     empty_min_pem4f.oem4f (.text:ti_sysbios_heaps_HeapMem_Object__get__S)
                  0000e600    00000014     empty_min_pem4f.oem4f (.text:ti_sysbios_knl_Swi_Object__get__S)
                  0000e614    00000014     user_interface.obj (.text:writeToEEPROM)
                  0000e628    00000012     driverlib.lib : gpio.obj (.text:GPIOPinTypeADC)
                  0000e63a    00000012                   : gpio.obj (.text:GPIOPinTypeEthernetLED)
                  0000e64c    00000012                   : gpio.obj (.text:GPIOPinTypeI2C)
                  0000e65e    00000012                   : gpio.obj (.text:GPIOPinTypeI2CSCL)
                  0000e670    00000012                   : gpio.obj (.text:GPIOPinTypePWM)
                  0000e682    00000012                   : gpio.obj (.text:GPIOPinTypeSSI)
                  0000e694    00000012                   : gpio.obj (.text:GPIOPinTypeTimer)
                  0000e6a6    00000012                   : gpio.obj (.text:GPIOPinTypeUART)
                  0000e6b8    00000012                   : pwm.obj (.text:PWMGenPeriodGet)
                  0000e6ca    00000012                   : pwm.obj (.text:PWMOutputInvert)
                  0000e6dc    00000012                   : pwm.obj (.text:PWMOutputState)
                  0000e6ee    00000012     drivers_tivaware.aem4f : RingBuf.oem4f (.text:RingBuf_construct)
                  0000e700    00000012     driverlib.lib : ssi.obj (.text:SSIDataGetNonBlocking)
                  0000e712    00000012                   : timer.obj (.text:TimerLoadSet)
                  0000e724    00000012                   : timer.obj (.text:TimerMatchSet)
                  0000e736    00000012                   : timer.obj (.text:TimerPrescaleMatchSet)
                  0000e748    00000012                   : timer.obj (.text:TimerPrescaleSet)
                  0000e75a    00000006                   : i2c.obj (.text:I2CMasterIntEnable)
                  0000e760    00000012     sysbios.aem4f : BIOS.obj (.text:ti_sysbios_hal_Hwi_Module_startup__E)
                  0000e772    00000012     rtsv7M4_T_le_v4SPD16_eabi.lib : wcslen.c.obj (.text:wcslen)
                  0000e784    00000012     empty_min_pem4f.oem4f (.text:xdc_runtime_Startup_exec__I)
                  0000e796    00000002     --HOLE-- [fill = 0]
                  0000e798    00000010     empty_min_pem4f.oem4f (.text:.bootCodeSection:ti_catalog_arm_cortexm4_tiva_ce_Boot_init__I)
                  0000e7a8    00000010     driverlib.lib : adc.obj (.text:ADCIntEnable)
                  0000e7b8    00000010     drivers_tivaware.aem4f : I2C.oem4f (.text:I2C_Params_init)
                  0000e7c8    00000010     driverlib.lib : interrupt.obj (.text:IntMasterEnable)
                  0000e7d8    00000010                   : pwm.obj (.text:PWMGenPeriodSet)
                  0000e7e8    00000010     drivers_tivaware.aem4f : PWM.oem4f (.text:PWM_Params_init)
                  0000e7f8    00000010     driverlib.lib : eeprom.obj (.text:_EEPROMWaitForDone)
                  0000e808    00000010     motor_api.obj (.text:getSpeedFloat)
                  0000e818    00000010     drivers_tivaware.aem4f : UARTTiva.oem4f (.text:readBlockingTimeout)
                  0000e828    00000010     sensor_api.obj (.text:swiAcceleration)
                  0000e838    00000010     sensor_api.obj (.text:swiLight)
                  0000e848    00000010     sensor_api.obj (.text:swiTemp)
                  0000e858    00000010     sysbios.aem4f : BIOS.obj (.text:ti_sysbios_BIOS_getCpuFreq__E)
                  0000e868    00000010                   : BIOS.obj (.text:ti_sysbios_BIOS_setThreadType__E)
                  0000e878    00000010                   : BIOS.obj (.text:ti_sysbios_BIOS_start__E)
                  0000e888    00000010                   : m3_TaskSupport_asm.obj (.text:ti_sysbios_family_arm_m3_TaskSupport_glue)
                  0000e898    00000010                   : BIOS.obj (.text:ti_sysbios_gates_GateMutex_Instance_finalize__E)
                  0000e8a8    00000010     empty_min_pem4f.oem4f (.text:ti_sysbios_hal_Hwi_HwiProxy_Object__create__S)
                  0000e8b8    00000010     sysbios.aem4f : BIOS.obj (.text:ti_sysbios_knl_Semaphore_Instance_finalize__E)
                  0000e8c8    00000010                   : BIOS.obj (.text:ti_sysbios_knl_Swi_disable__E)
                  0000e8d8    00000010                   : BIOS.obj (.text:ti_sysbios_knl_Task_disable__E)
                  0000e8e8    00000010     ti.targets.arm.rtsarm.aem4f : Gate.oem4f (.text:xdc_runtime_Gate_leaveSystem__E)
                  0000e8f8    00000010                                 : Memory.oem4f (.text:xdc_runtime_Memory_free__E)
                  0000e908    00000010                                 : SysMin.oem4f (.text:xdc_runtime_SysMin_ready__E)
                  0000e918    00000010                                 : System.oem4f (.text:xdc_runtime_System_vsnprintf__E)
                  0000e928    00000010     empty_min_pem4f.oem4f (.text:xdc_runtime_Text_visitRope__I)
                  0000e938    0000000e     driverlib.lib : adc.obj (.text:ADCSequenceEnable)
                  0000e946    0000000e                   : gpio.obj (.text:GPIOIntStatus)
                  0000e954    0000000e     grlib.lib : image.obj (.text:GrImageDraw)
                  0000e962    0000000e     driverlib.lib : timer.obj (.text:TimerEnable)
                  0000e970    0000000e                   : uart.obj (.text:UARTCharGetNonBlocking)
                  0000e97e    0000000e                   : uart.obj (.text:UARTCharPutNonBlocking)
                  0000e98c    0000000e     rtsv7M4_T_le_v4SPD16_eabi.lib : time.c.obj (.text:__time32)
                  0000e99a    0000000e     sensor_api.obj (.text:callbackTriggerAccelEStop)
                  0000e9a8    0000000e     rtsv7M4_T_le_v4SPD16_eabi.lib : copy_decompress_none.c.obj (.text:decompress:none:__TI_decompress_none)
                  0000e9b6    00000002     --HOLE-- [fill = 0]
                  0000e9b8    0000000e     sysbios.aem4f : BIOS.obj (.text:ti_sysbios_knl_Queue_empty__E)
                  0000e9c6    0000000e     empty_min_pem4f.oem4f (.text:ti_sysbios_knl_Task_Object__get__S)
                  0000e9d4    0000000c     driverlib.lib : cpu.obj (.text:CPUcpsie)
                  0000e9e0    0000000c                   : gpio.obj (.text:GPIOIntEnable)
                  0000e9ec    0000000c                   : pwm.obj (.text:PWMGenDisable)
                  0000e9f8    0000000c                   : pwm.obj (.text:PWMGenEnable)
                  0000ea04    0000000c     drivers_tivaware.aem4f : RingBuf.oem4f (.text:RingBuf_peek)
                  0000ea10    0000000c     driverlib.lib : uart.obj (.text:UARTFlowControlSet)
                  0000ea1c    0000000c     drivers_tivaware.aem4f : UARTTiva.oem4f (.text:UARTTiva_init)
                  0000ea28    0000000c     rtsv7M4_T_le_v4SPD16_eabi.lib : _lock.c.obj (.text:_register_lock)
                  0000ea34    0000000c                                   : _lock.c.obj (.text:_register_unlock)
                  0000ea40    0000000c                                   : copy_zero_init.c.obj (.text:decompress:ZI:__TI_zero_init)
                  0000ea4c    00000004     --HOLE-- [fill = 0]
                  0000ea50    0000000c     sysbios.aem4f : BIOS.obj (.text:ti_sysbios_family_arm_lm4_Timer_getAvailMask__E)
                  0000ea5c    00000004     --HOLE-- [fill = 0]
                  0000ea60    0000000c                   : BIOS.obj (.text:ti_sysbios_family_arm_lm4_Timer_getMaxTicks__E)
                  0000ea6c    0000000c     empty_min_pem4f.oem4f (.text:ti_sysbios_family_arm_m3_Hwi_Params__init__S)
                  0000ea78    0000000c     sysbios.aem4f : BIOS.obj (.text:ti_sysbios_family_arm_m3_Hwi_disableFxn__E)
                  0000ea84    00000004     --HOLE-- [fill = 0]
                  0000ea88    0000000c                   : BIOS.obj (.text:ti_sysbios_family_arm_m3_TaskSupport_getStackAlignment__E)
                  0000ea94    00000004     --HOLE-- [fill = 0]
                  0000ea98    0000000c                   : BIOS.obj (.text:ti_sysbios_gates_GateHwi_enter__E)
                  0000eaa4    0000000c     empty_min_pem4f.oem4f (.text:ti_sysbios_hal_Hwi_Params__init__S)
                  0000eab0    0000000c     empty_min_pem4f.oem4f (.text:ti_sysbios_knl_Clock_Params__init__S)
                  0000eabc    0000000c     empty_min.obj (.text:ti_sysbios_knl_Clock_handle)
                  0000eac8    0000000c     empty_min_pem4f.oem4f (.text:ti_sysbios_knl_Queue_Object__get__S)
                  0000ead4    0000000c     empty_min_pem4f.oem4f (.text:ti_sysbios_knl_Semaphore_Params__init__S)
                  0000eae0    0000000c     sensor_api.obj (.text:ti_sysbios_knl_Semaphore_handle)
                  0000eaec    0000000c     empty_min_pem4f.oem4f (.text:ti_sysbios_knl_Task_Params__init__S)
                  0000eaf8    0000000c     ti.targets.arm.rtsarm.aem4f : Error.oem4f (.text:xdc_runtime_Error_init__E)
                  0000eb04    0000000c                                 : Gate.oem4f (.text:xdc_runtime_Gate_enterSystem__E)
                  0000eb10    0000000c                                 : Memory.oem4f (.text:xdc_runtime_Memory_calloc__E)
                  0000eb1c    0000000c                                 : Memory.oem4f (.text:xdc_runtime_Memory_getMaxDefaultTypeAlign__E)
                  0000eb28    0000000a     driverlib.lib : adc.obj (.text:ADCIntClear)
                  0000eb32    0000000a                   : i2c.obj (.text:I2CMasterDisable)
                  0000eb3c    0000000a                   : i2c.obj (.text:I2CMasterEnable)
                  0000eb46    0000000a     drivers_tivaware.aem4f : I2CTiva.oem4f (.text:I2CTiva_init)
                  0000eb50    0000000a                            : I2C.oem4f (.text:I2C_transfer)
                  0000eb5a    0000000a     Kentec320x240x16_ssd2119_spi.obj (.text:Kentec320x240x16_SSD2119Flush)
                  0000eb64    0000000a     drivers_tivaware.aem4f : PWMTimerTiva.oem4f (.text:PWMTimerTiva_getPeriodCounts)
                  0000eb6e    0000000a                            : PWM.oem4f (.text:PWM_setDuty)
                  0000eb78    0000000a     driverlib.lib : ssi.obj (.text:SSIDataPut)
                  0000eb82    0000000a                   : ssi.obj (.text:SSIEnable)
                  0000eb8c    0000000a                   : uart.obj (.text:UARTCharGet)
                  0000eb96    0000000a                   : uart.obj (.text:UARTCharPut)
                  0000eba0    0000000a                   : uart.obj (.text:UARTIntDisable)
                  0000ebaa    0000000a                   : uart.obj (.text:UARTIntStatus)
                  0000ebb4    0000000a     drivers_tivaware.aem4f : UART.oem4f (.text:UART_read)
                  0000ebbe    0000000a                            : UART.oem4f (.text:UART_write)
                  0000ebc8    0000000a     user_interface.obj (.text:UserInterfaceDraw)
                  0000ebd2    0000000a     rtsv7M4_T_le_v4SPD16_eabi.lib : sprintf.c.obj (.text:_outc)
                  0000ebdc    00000004     --HOLE-- [fill = 0]
                  0000ebe0    0000000a     sysbios.aem4f : BIOS.obj (.text:ti_sysbios_hal_Hwi_Instance_finalize__E)
                  0000ebea    0000000a     empty_min_pem4f.oem4f (.text:xdc_runtime_IHeap_alloc)
                  0000ebf4    0000000a     empty_min_pem4f.oem4f (.text:xdc_runtime_IHeap_free)
                  0000ebfe    00000008     EK_TM4C1294XL.obj (.text:EK_TM4C1294XL_initGPIO)
                  0000ec06    00000008     grlib.lib : charmap.obj (.text:GrMapISO8859_1_Unicode)
                  0000ec0e    00000008     driverlib.lib : i2c.obj (.text:I2CMasterIntClear)
                  0000ec16    00000008                   : i2c.obj (.text:I2CMasterSlaveAddrSet)
                  0000ec1e    00000008     drivers_tivaware.aem4f : I2CTiva.oem4f (.text:I2CTiva_blockingCallback)
                  0000ec26    00000008                            : PWMTimerTiva.oem4f (.text:PWMTimerTiva_init)
                  0000ec2e    00000008     driverlib.lib : ssi.obj (.text:SSIBusy)
                  0000ec36    00000008                   : uart.obj (.text:UARTIntEnable)
                  0000ec3e    00000008                   : uart.obj (.text:UARTRxErrorGet)
                  0000ec46    00000002     --HOLE-- [fill = 0]
                  0000ec48    00000008     rtsv7M4_T_le_v4SPD16_eabi.lib : errno.c.obj (.text:__aeabi_errno_addr)
                  0000ec50    00000008     drivers_tivaware.aem4f : UARTTiva.oem4f (.text:readSemCallback)
                  0000ec58    00000008     sysbios.aem4f : BIOS.obj (.text:ti_sysbios_family_arm_lm4_Timer_masterDisable__I)
                  0000ec60    00000008                   : BIOS.obj (.text:ti_sysbios_family_arm_m3_Hwi_doSwiRestore__I)
                  0000ec68    00000008                   : BIOS.obj (.text:ti_sysbios_family_arm_m3_Hwi_startup__E)
                  0000ec70    00000008     drivers_tivaware.aem4f : UARTTiva.oem4f (.text:writeSemCallback)
                  0000ec78    00000006                            : I2CTiva.oem4f (.text:I2CTiva_control)
                  0000ec7e    00000006                            : PWMTimerTiva.oem4f (.text:PWMTimerTiva_getPeriodMicroSecs)
                  0000ec84    00000006     driverlib.lib : sysctl.obj (.text:SysCtlDelay)
                  0000ec8a    00000006                   : uart.obj (.text:UARTFIFOLevelSet)
                  0000ec90    00000006                   : uart.obj (.text:UARTRxErrorClear)
                  0000ec96    00000006     grlib.lib : widget.obj (.text:WidgetMutexPut)
                  0000ec9c    00000004     --HOLE-- [fill = 0]
                  0000eca0    00000006     sysbios.aem4f : BIOS.obj (.text:ti_sysbios_family_arm_m3_Hwi_doTaskRestore__I)
                  0000eca6    00000002     --HOLE-- [fill = 0]
                  0000eca8    00000006                   : BIOS.obj (.text:ti_sysbios_family_arm_m3_Hwi_restoreFxn__E)
                  0000ecae    00000002     --HOLE-- [fill = 0]
                  0000ecb0    00000006                   : BIOS.obj (.text:ti_sysbios_gates_GateHwi_leave__E)
                  0000ecb6    00000002     --HOLE-- [fill = 0]
                  0000ecb8    00000006                   : BIOS.obj (.text:ti_sysbios_heaps_HeapMem_isBlocking__E)
                  0000ecbe    00000002     --HOLE-- [fill = 0]
                  0000ecc0    00000006                   : BIOS.obj (.text:ti_sysbios_knl_Clock_stop__E)
                  0000ecc6    00000002     --HOLE-- [fill = 0]
                  0000ecc8    00000006                   : BIOS.obj (.text:ti_sysbios_knl_Queue_Instance_init__E)
                  0000ecce    00000002     --HOLE-- [fill = 0]
                  0000ecd0    00000006                   : BIOS.obj (.text:ti_sysbios_knl_Swi_startup__E)
                  0000ecd6    00000006     ti.targets.arm.rtsarm.aem4f : System.oem4f (.text:xdc_runtime_System_Module_startup__E)
                  0000ecdc    00000004     --HOLE-- [fill = 0]
                  0000ece0    00000004     sysbios.aem4f : BIOS.obj (.text:ti_sysbios_gates_GateHwi_query__E)
                  0000ece4    00000004     --HOLE-- [fill = 0]
                  0000ece8    00000004                   : BIOS.obj (.text:ti_sysbios_gates_GateMutex_query__E)
                  0000ecec    00000004     --HOLE-- [fill = 0]
                  0000ecf0    00000004                   : BIOS.obj (.text:ti_sysbios_knl_Task_startup__E)
                  0000ecf4    00000004     --HOLE-- [fill = 0]
                  0000ecf8    00000002                   : BIOS.obj (.text:ti_sysbios_gates_GateHwi_Instance_init__E)
                  0000ecfa    00000006     --HOLE-- [fill = 0]
                  0000ed00    00000002                   : BIOS.obj (.text:ti_sysbios_knl_Clock_logTick__E)

.const     0    0000ed08    00004152     
                  0000ed08    00001852     empty_min_pem4f.oem4f (.const:xdc_runtime_Text_charTab__A)
                  0001055a    00000002     empty_min_pem4f.oem4f (.const:ti_catalog_arm_cortexm4_tiva_ce_Boot_Module__id__C)
                  0001055c    00000004     empty_min_pem4f.oem4f (.const:ti_catalog_arm_cortexm4_tiva_ce_Boot_A_mustNotUseEnhancedClockMode__C)
                  00010560    00001000     rtsv7M4_T_le_v4SPD16_eabi.lib : s_exp2.c.obj (.const:tbl)
                  00011560    00000782     grlib.lib : fontcmss18b.obj (.const:.string:g_pui8Cmss18bData)
                  00011ce2    00000002     empty_min_pem4f.oem4f (.const:ti_sysbios_family_arm_m3_Hwi_Module__id__C)
                  00011ce4    000001b0     driverlib.lib : sysctl.obj (.const:g_pppui32XTALtoVCO)
                  00011e94    00000120     Boot.aem4f : Boot_sysctl.oem4f (.const:g_pppui32XTALtoVCO)
                  00011fb4    00000101     rtsv7M4_T_le_v4SPD16_eabi.lib : ctype.c.obj (.const:.string:_ctypes_)
                  000120b5    00000001     empty_min_pem4f.oem4f (.const:xdc_runtime_Error_policy__C)
                  000120b6    00000002     empty_min_pem4f.oem4f (.const:ti_sysbios_heaps_HeapMem_Module__id__C)
                  000120b8    000000c8     grlib.lib : fontcmss18b.obj (.const:g_sFontCmss18b)
                  00012180    000000c6     user_interface.obj (.const:.string)
                  00012246    000000bc     empty_min_pem4f.oem4f (.const:xdc_runtime_Text_nodeTab__A)
                  00012302    00000002     empty_min_pem4f.oem4f (.const:xdc_runtime_Core_Module__id__C)
                  00012304    00000090     driverlib.lib : gpio.obj (.const:g_pui32GPIOBaseAddrs)
                  00012394    00000070                   : interrupt.obj (.const)
                  00012404    0000006c     Boot.aem4f : Boot_sysctl.oem4f (.const:g_pui32Xtals)
                  00012470    0000006c     driverlib.lib : sysctl.obj (.const:g_pui32Xtals)
                  000124dc    00000060     rtsv7M4_T_le_v4SPD16_eabi.lib : mktime.c.obj (.const:$O1$$)
                  0001253c    00000060     motorlib.lib : motorlib.obj (.const:PWM_config)
                  0001259c    00000054     drivers_tivaware.aem4f : GPIOTiva.oem4f (.const:.string)
                  000125f0    00000054     motorlib.lib : motorlib.obj (.const:motorLibPWMTivaHWAttrs)
                  00012644    0000004c     rtsv7M4_T_le_v4SPD16_eabi.lib : asctime.c.obj (.const:$O1$$)
                  00012690    0000004c                                   : asctime.c.obj (.const:.string)
                  000126dc    0000004c     drivers_tivaware.aem4f : UARTTiva.oem4f (.const)
                  00012728    00000048     empty_min_pem4f.oem4f (.const:.string)
                  00012770    00000048     drivers_tivaware.aem4f : GPIOTiva.oem4f (.const:gpioBaseAddresses)
                  000127b8    0000003c     empty_min_pem4f.oem4f (.const:ti_sysbios_knl_Task_Object__PARAMS__C)
                  000127f4    00000030     Boot.aem4f : Boot_sysctl.oem4f (.const:g_sXTALtoMEMTIM)
                  00012824    00000030     driverlib.lib : sysctl.obj (.const:g_sXTALtoMEMTIM)
                  00012854    00000030     empty_min_pem4f.oem4f (.const:ti_sysbios_family_arm_m3_Hwi_Object__PARAMS__C)
                  00012884    00000030     EK_TM4C1294XL.obj (.const:uartTivaHWAttrs)
                  000128b4    0000002c     empty_min_pem4f.oem4f (.const:ti_sysbios_hal_Hwi_Object__PARAMS__C)
                  000128e0    00000028     drivers_tivaware.aem4f : UARTTiva.oem4f (.const:UARTTiva_fxnTable)
                  00012908    00000028     Kentec320x240x16_ssd2119_spi.obj (.const:g_sKentec320x240x16_SSD2119)
                  00012930    00000028     empty_min_pem4f.oem4f (.const:ti_sysbios_heaps_HeapMem_Module__FXNS__C)
                  00012958    00000024     EK_TM4C1294XL.obj (.const:UART_config)
                  0001297c    00000024     drivers_tivaware.aem4f : UART.oem4f (.const:UART_defaultParams)
                  000129a0    00000024     empty_min_pem4f.oem4f (.const:ti_sysbios_gates_GateHwi_Module__FXNS__C)
                  000129c4    00000024     empty_min_pem4f.oem4f (.const:ti_sysbios_gates_GateMutex_Module__FXNS__C)
                  000129e8    00000024     empty_min_pem4f.oem4f (.const:ti_sysbios_heaps_HeapMem_Object__PARAMS__C)
                  00012a0c    00000024     empty_min_pem4f.oem4f (.const:ti_sysbios_knl_Clock_Object__PARAMS__C)
                  00012a30    00000024     empty_min_pem4f.oem4f (.const:ti_sysbios_knl_Semaphore_Object__PARAMS__C)
                  00012a54    00000020     drivers_tivaware.aem4f : PWMTimerTiva.oem4f (.const)
                  00012a74    00000020                            : PWMTiva.oem4f (.const)
                  00012a94    00000020     empty_min_pem4f.oem4f (.const:ti_sysbios_family_arm_m3_Hwi_Object__DESC__C)
                  00012ab4    00000020     empty_min_pem4f.oem4f (.const:ti_sysbios_gates_GateHwi_Object__DESC__C)
                  00012ad4    00000020     empty_min_pem4f.oem4f (.const:ti_sysbios_gates_GateMutex_Object__DESC__C)
                  00012af4    00000020     empty_min_pem4f.oem4f (.const:ti_sysbios_hal_Hwi_Object__DESC__C)
                  00012b14    00000020     empty_min_pem4f.oem4f (.const:ti_sysbios_heaps_HeapMem_Object__DESC__C)
                  00012b34    00000020     empty_min_pem4f.oem4f (.const:ti_sysbios_knl_Clock_Object__DESC__C)
                  00012b54    00000020     empty_min_pem4f.oem4f (.const:ti_sysbios_knl_Queue_Object__DESC__C)
                  00012b74    00000020     empty_min_pem4f.oem4f (.const:ti_sysbios_knl_Semaphore_Object__DESC__C)
                  00012b94    00000020     empty_min_pem4f.oem4f (.const:ti_sysbios_knl_Task_Object__DESC__C)
                  00012bb4    00000020     empty_min_pem4f.oem4f (.const:xdc_runtime_Startup_sfxnTab__A)
                  00012bd4    0000001c     drivers_tivaware.aem4f : I2CTiva.oem4f (.const)
                  00012bf0    0000001c     touch.obj (.const:g_pi32TouchParameters)
                  00012c0c    00000018     EK_TM4C1294XL.obj (.const:I2C_config)
                  00012c24    00000018     empty_min_pem4f.oem4f (.const:ti_sysbios_gates_GateHwi_Object__PARAMS__C)
                  00012c3c    00000018     empty_min_pem4f.oem4f (.const:ti_sysbios_gates_GateMutex_Object__PARAMS__C)
                  00012c54    00000018     empty_min_pem4f.oem4f (.const:ti_sysbios_knl_Queue_Object__PARAMS__C)
                  00012c6c    00000014     EK_TM4C1294XL.obj (.const:GPIOTiva_config)
                  00012c80    00000014     empty_min_pem4f.oem4f (.const:xdc_runtime_Startup_firstFxns__A)
                  00012c94    00000010     drivers_tivaware.aem4f : I2C.oem4f (.const)
                  00012ca4    00000010     grlib.lib : context.obj (.const)
                  00012cb4    00000010     motorlib.lib : motorlib.obj (.const:motorLibPWMTimerTivaHWAttrs)
                  00012cc4    00000010     empty_min_pem4f.oem4f (.const:xdc_runtime_Startup_sfxnRts__A)
                  00012cd4    0000000c     drivers_tivaware.aem4f : PWM.oem4f (.const)
                  00012ce0    0000000c     EK_TM4C1294XL.obj (.const:i2cTivaHWAttrs)
                  00012cec    00000008     Boot.aem4f : Boot_sysctl.oem4f (.const)
                  00012cf4    00000008     driverlib.lib : sysctl.obj (.const)
                  00012cfc    00000008     empty_min_pem4f.oem4f (.const:ti_sysbios_family_arm_m3_Hwi_excHookFuncs__A)
                  00012d04    00000008     empty_min_pem4f.oem4f (.const:ti_sysbios_knl_Idle_funcList__C)
                  00012d0c    00000008     empty_min_pem4f.oem4f (.const:xdc_runtime_Startup_firstFxns__C)
                  00012d14    00000008     empty_min_pem4f.oem4f (.const:xdc_runtime_Startup_lastFxns__C)
                  00012d1c    00000004     empty_min_pem4f.oem4f (.const:ti_catalog_arm_cortexm4_tiva_ce_Boot_Module__diagsEnabled__C)
                  00012d20    00000004     empty_min_pem4f.oem4f (.const:ti_catalog_arm_cortexm4_tiva_ce_Boot_Module__diagsIncluded__C)
                  00012d24    00000004     empty_min_pem4f.oem4f (.const:ti_catalog_arm_cortexm4_tiva_ce_Boot_Module__diagsMask__C)
                  00012d28    00000004     empty_min_pem4f.oem4f (.const:ti_sysbios_family_arm_lm4_Timer_enableFunc__C)
                  00012d2c    00000004     empty_min_pem4f.oem4f (.const:ti_sysbios_family_arm_lm4_Timer_numTimerDevices__C)
                  00012d30    00000004     empty_min_pem4f.oem4f (.const:ti_sysbios_family_arm_lm4_Timer_startupNeeded__C)
                  00012d34    00000004     empty_min_pem4f.oem4f (.const:ti_sysbios_family_arm_m3_Hwi_E_NMI__C)
                  00012d38    00000004     empty_min_pem4f.oem4f (.const:ti_sysbios_family_arm_m3_Hwi_E_alreadyDefined__C)
                  00012d3c    00000004     empty_min_pem4f.oem4f (.const:ti_sysbios_family_arm_m3_Hwi_E_busFault__C)
                  00012d40    00000004     empty_min_pem4f.oem4f (.const:ti_sysbios_family_arm_m3_Hwi_E_debugMon__C)
                  00012d44    00000004     empty_min_pem4f.oem4f (.const:ti_sysbios_family_arm_m3_Hwi_E_hardFault__C)
                  00012d48    00000004     empty_min_pem4f.oem4f (.const:ti_sysbios_family_arm_m3_Hwi_E_memFault__C)
                  00012d4c    00000004     empty_min_pem4f.oem4f (.const:ti_sysbios_family_arm_m3_Hwi_E_noIsr__C)
                  00012d50    00000004     empty_min_pem4f.oem4f (.const:ti_sysbios_family_arm_m3_Hwi_E_reserved__C)
[...]
00012d40  ti_sysbios_family_arm_m3_Hwi_E_debugMon__C                           
00012d44  ti_sysbios_family_arm_m3_Hwi_E_hardFault__C                          
00012d48  ti_sysbios_family_arm_m3_Hwi_E_memFault__C                           
00012d4c  ti_sysbios_family_arm_m3_Hwi_E_noIsr__C                              
00012d50  ti_sysbios_family_arm_m3_Hwi_E_reserved__C                           
00012d54  ti_sysbios_family_arm_m3_Hwi_E_svCall__C                             
00012d58  ti_sysbios_family_arm_m3_Hwi_E_usageFault__C                         
00012d5c  ti_sysbios_family_arm_m3_Hwi_NUM_INTERRUPTS__C                       
00012d60  ti_sysbios_family_arm_m3_Hwi_Object__count__C                        
00012d64  ti_sysbios_family_arm_m3_Hwi_ccr__C                                  
00012d68  ti_sysbios_family_arm_m3_Hwi_excHandlerFunc__C                       
00012d6c  ti_sysbios_family_arm_m3_Hwi_excHookFuncs__C                         
00012d70  ti_sysbios_family_arm_m3_Hwi_nullIsrFunc__C                          
00012d74  ti_sysbios_family_arm_m3_Hwi_priGroup__C                             
00012d78  ti_sysbios_family_arm_m3_TaskSupport_stackAlignment__C               
00012d7c  ti_sysbios_gates_GateMutex_Instance_State_sem__O                     
00012d80  ti_sysbios_heaps_HeapMem_E_memory__C                                 
00012d84  ti_sysbios_heaps_HeapMem_Module__gateObj__C                          
00012d88  ti_sysbios_heaps_HeapMem_Object__count__C                            
00012d8c  ti_sysbios_heaps_HeapMem_reqAlign__C                                 
00012d90  ti_sysbios_knl_Clock_Module_State_clockQ__O                          
00012d94  ti_sysbios_knl_Idle_funcList__A                                      
00012d98  ti_sysbios_knl_Semaphore_Instance_State_pendQ__O                     
00012d9c  ti_sysbios_knl_Swi_Object__count__C                                  
00012da0  ti_sysbios_knl_Task_Module_State_inactiveQ__O                        
00012da4  ti_sysbios_knl_Task_Object__count__C                                 
00012da8  ti_sysbios_knl_Task_allBlockedFunc__C                                
00012dac  ti_sysbios_knl_Task_defaultStackHeap__C                              
00012db0  ti_sysbios_knl_Task_defaultStackSize__C                              
00012db4  ti_sysbios_knl_Task_numConstructedTasks__C                           
00012db8  xdc_runtime_Assert_E_assertFailed__C                                 
00012dbc  xdc_runtime_Core_A_initializedParams__C                              
00012dc0  xdc_runtime_Core_Module__diagsEnabled__C                             
00012dc4  xdc_runtime_Core_Module__diagsIncluded__C                            
00012dc8  xdc_runtime_Core_Module__diagsMask__C                                
00012dcc  xdc_runtime_Error_E_generic__C                                       
00012dd0  xdc_runtime_Error_E_memory__C                                        
00012dd4  xdc_runtime_Error_Module__diagsEnabled__C                            
00012dd8  xdc_runtime_Error_Module__diagsIncluded__C                           
00012ddc  xdc_runtime_Error_Module__diagsMask__C                               
00012de0  xdc_runtime_Error_Module__loggerFxn8__C                              
00012de4  xdc_runtime_Error_Module__loggerObj__C                               
00012de8  xdc_runtime_Error_policyFxn__C                                       
00012dec  xdc_runtime_Error_raiseHook__C                                       
00012df0  xdc_runtime_IGateProvider_Interface__BASE__C                         
00012df4  xdc_runtime_IHeap_Interface__BASE__C                                 
00012df8  xdc_runtime_IModule_Interface__BASE__C                               
00012dfc  xdc_runtime_Log_L_error__C                                           
00012e00  xdc_runtime_Memory_defaultHeapInstance__C                            
00012e04  xdc_runtime_Startup_execImpl__C                                      
00012e08  xdc_runtime_Startup_maxPasses__C                                     
00012e0c  xdc_runtime_Startup_sfxnRts__C                                       
00012e10  xdc_runtime_Startup_sfxnTab__C                                       
00012e14  xdc_runtime_SysMin_bufSize__C                                        
00012e18  xdc_runtime_SysMin_outputFunc__C                                     
00012e1c  xdc_runtime_System_Module__gateObj__C                                
00012e20  xdc_runtime_System_abortFxn__C                                       
00012e24  xdc_runtime_System_exitFxn__C                                        
00012e28  xdc_runtime_System_extendFxn__C                                      
00012e2c  xdc_runtime_System_maxAtexitHandlers__C                              
00012e30  xdc_runtime_Text_charTab__C                                          
00012e34  xdc_runtime_Text_nameEmpty__C                                        
00012e38  xdc_runtime_Text_nameStatic__C                                       
00012e3c  xdc_runtime_Text_nameUnknown__C                                      
00012e40  xdc_runtime_Text_nodeTab__C                                          
00012e44  xdc_runtime_Text_visitRopeFxn__C                                     
00012e48  xdc_runtime_Error_Module__loggerDefined__C                           
00012e4a  xdc_runtime_Error_maxDepth__C                                        
00012e4c  xdc_runtime_Main_Module__id__C                                       
00012e4e  xdc_runtime_Memory_Module__id__C                                     
00012e50  xdc_runtime_SysMin_flushAtExit__C                                    
00012e52  xdc_runtime_Text_charCnt__C                                          
00012e54  xdc_runtime_Text_isLoaded__C                                         
00012e56  xdc_runtime_Text_registryModsLastId__C                               
00012e58  xdc_runtime_Text_unnamedModsLastId__C                                
00012e60  __TI_static_base__                                                   
00013248  __TI_Handler_Table_Base                                              
00013254  __TI_Handler_Table_Limit                                             
00013268  __TI_CINIT_Base                                                      
00013280  __TI_CINIT_Limit                                                     
20000000  ti_sysbios_family_arm_m3_Hwi_ramVectors                              
20000360  __stack                                                              
20004360  __STACK_END                                                          
20004360  taskSeStack                                                          
20005360  taskUiStack                                                          
20006360  ti_sysbios_heaps_HeapMem_Instance_State_0_buf__A                     
20006760  ti_sysbios_family_arm_m3_Hwi_dispatchTable                           
20006ac0  taskAccelStack                                                       
20006cc0  taskLightStack                                                       
20006ec0  taskTempStack                                                        
200070c0  uartTivaObjects                                                      
20007398  __CIOBUF_                                                            
20007548  i2cTivaObjects                                                       
200075c8  xdc_runtime_SysMin_Module_State_0_outbuf__A                          
20007648  uartTivaRingBuffer                                                   
20007688  motorLibPWMObjects                                                   
200076c0  sContext                                                             
200076ec  currentBuffer                                                        
20007714  powerBuffer                                                          
2000773c  clkDrawStruct                                                        
20007760  clkSensorParams                                                      
20007784  clkUIStruct                                                          
200077a8  clockAccelerationStruct                                              
200077cc  clockCurrentStruct                                                   
200077f0  clockLightStruct                                                     
20007814  clockTempStruct                                                      
200078d4  semAccelStruct                                                       
200078f0  semLightStruct                                                       
2000790c  semTempStruct                                                        
20007928  accelerationBuffer                                                   
20007940  lightBuffer                                                          
20007958  motorLibPWMTimerObjects                                              
20007970  rpm_buffer                                                           
20007988  textBuffer                                                           
200079ac  boardTempBuffer                                                      
200079bc  motorTempBuffer                                                      
200079d4  highLimit                                                            
200079dc  lowLimit                                                             
200079e4  parmbuf                                                              
200079ec  clkHandle                                                            
200079f0  clkHandleGraph                                                       
200079f4  g_pi32ParmSet                                                        
200079fc  gateHwi                                                              
20007a00  glThresholdAccel                                                     
20007a04  glThresholdCurrent                                                   
20007a0c  graphPageIdentifier                                                  
20007a10  maxGraph                                                             
20007a14  minGraph                                                             
20007a18  motorAccelerationLimit                                               
20007a1c  motorCurrentLimit                                                    
20007a20  motorSpeedLimit                                                      
20007a24  motorTemperatureLimit                                                
20007a28  semAccelHandle                                                       
20007a2c  semLightHandle                                                       
20007a30  semTempHandle                                                        
20007a34  sensori2c                                                            
20007a38  settingsPageIdentifier                                               
20007a3c  t1                                                                   
20007a40  uartTemp                                                             
20007a44  countCurrentTicks                                                    
20007a46  drawingGraph                                                         
20007a48  g_i16TouchX                                                          
20007a4a  g_i16TouchY                                                          
20007a4c  glThresholdTemp                                                      
20007a4e  height                                                               
20007a50  s_x                                                                  
20007a52  s_y                                                                  
20007a54  width                                                                
20007a56  boardTempAddr                                                        
20007a57  motorTempAddr                                                        
20007a58  ti_sysbios_knl_Swi_Module_State_0_readyQ__A                          
20007ad8  ti_sysbios_knl_Task_Module_State_0_readyQ__A                         
20007b58  g_sGraphAccel                                                        
20007ba8  g_sGraphActBack                                                      
20007bf8  g_sGraphAmbientTemp                                                  
20007c48  g_sGraphBack                                                         
20007c98  g_sGraphLight                                                        
20007ce8  g_sGraphMotorTemp                                                    
20007d38  g_sGraphOption                                                       
20007d88  g_sGraphPower                                                        
20007dd8  g_sGraphSpeed                                                        
20007e28  g_sMotorOption                                                       
20007e78  g_sSetAccel                                                          
20007ec8  g_sSetAdd                                                            
20007f18  g_sSetBack                                                           
20007f68  g_sSetCurrent                                                        
20007fb8  g_sSetMotor                                                          
20008008  g_sSetName                                                           
20008058  g_sSetOption                                                         
200080a8  g_sSetSave                                                           
200080f8  g_sSetSub                                                            
20008148  g_sSetTemp                                                           
20008198  g_sSetValue                                                          
200081e8  ti_sysbios_knl_Task_Module__state__V                                 
2000822c  g_sGraph                                                             
2000826c  g_sGraphPage                                                         
200082ac  g_sMenuGraphPage                                                     
200082ec  g_sMenuSetPage                                                       
2000832c  g_sMenuTypePage                                                      
2000836c  g_sSettingPage                                                       
200083ac  ti_sysbios_family_arm_lm4_Timer_Module_State_0_device__A             
200083ec  ti_sysbios_family_arm_lm4_Timer_Object__table__V                     
2000842c  ti_sysbios_gates_GateMutex_Object__table__V                          
20008464  ti_sysbios_family_arm_m3_Hwi_Module__state__V                        
20008498  ti_sysbios_knl_Swi_Object__table__V                                  
200084c8  g_sRoot                                                              
200084f5  isDay                                                                
200084f6  shouldDrawDateTime                                                   
200084f7  shouldDrawDataOnGraph                                                
200084f8  ti_sysbios_knl_Clock_Module__state__V                                
20008548  ti_sysbios_BIOS_Module__state__V                                     
2000856c  gpioPinConfigs                                                       
2000858c  ti_sysbios_family_arm_lm4_Timer_Module_State_0_handles__A            
200085ac  ti_sysbios_knl_Clock_Object__table__V                                
200085cc  ti_sysbios_knl_Swi_Module__state__V                                  
200085e8  rotations                                                            
200085ec  speed_rpm                                                            
200085f0  desired_speed_rpm                                                    
200085f4  accel_speed                                                          
200085f8  cum_speed_error                                                      
200085fc  rpm_index                                                            
20008600  motor_on                                                             
20008601  estop                                                                
2000861a  ti_sysbios_family_arm_m3_Hwi_Module_State_0_excActive__A             
2000861c  gpioCallbackFunctions                                                
20008634  ti_sysbios_family_arm_m3_Hwi_Object__table__V                        
2000864c  ti_sysbios_heaps_HeapMem_Object__table__V                            
20008664  _tz                                                                  
20008674  e2prom_read_settings                                                 
20008684  e2prom_write_settings                                                
20008694  motorState                                                           
20008698  homeScreenFlag                                                       
2000869c  pointsCount                                                          
200086a0  previousSample                                                       
200086a4  ti_sysbios_family_arm_lm4_Timer_Module__state__V                     
200086b0  xdc_runtime_SysMin_Module__state__V                                  
200086bc  _lock                                                                
200086c0  _unlock                                                              
200086c4  ti_sysbios_family_arm_m3_Hwi_Module__root__V                         
200086cc  ti_sysbios_gates_GateHwi_Module__root__V                             
200086d4  ti_sysbios_gates_GateMutex_Module__root__V                           
200086dc  ti_sysbios_hal_Hwi_Module__root__V                                   
200086e4  ti_sysbios_heaps_HeapMem_Module__root__V                             
200086ec  ti_sysbios_knl_Clock_Module__root__V                                 
200086f4  ti_sysbios_knl_Queue_Module__root__V                                 
200086fc  ti_sysbios_knl_Semaphore_Module__root__V                             
20008704  ti_sysbios_knl_Task_Module__root__V                                  
2000870c  xdc_runtime_Registry_Module__state__V                                
20008714  xdc_runtime_Startup_Module__state__V                                 
2000871c  xdc_runtime_System_Module_State_0_atexitHandlers__A                  
20008724  xdc_runtime_System_Module__state__V                                  
20008736  xdc_runtime_Error_Module__state__V                                   
20008744  errno                                                                
20008748  main_func_sp                                                         
2000874c  ti_sysbios_family_arm_m3_Hwi_Module_State_0_excContext__A            
20008750  ti_sysbios_family_arm_m3_Hwi_Module_State_0_excStack__A              
20008754  ti_sysbios_gates_GateHwi_Object__table__V                            
20008758  ti_sysbios_knl_Task_Module_State_0_idleTask__A                       
2000875c  g_i16TouchMin                                                        
20008760  xdc_runtime_Memory_Module__state__V                                  
e000e000  ti_sysbios_family_arm_m3_Hwi_nvic                                    
ffffffff  __TI_pprof_out_hndl                                                  
ffffffff  __TI_prof_data_size                                                  
ffffffff  __TI_prof_data_start                                                 
ffffffff  __binit__                                                            
ffffffff  __c_args__                                                           
ffffffff  binit                                                                
UNDEFED   SHT$$INIT_ARRAY$$Base                                                
UNDEFED   SHT$$INIT_ARRAY$$Limit                                               

[949 symbols]
