******************************************************************************
                  TI ARM Linker PC v18.12.4                    
******************************************************************************
>> Linked Fri May 15 12:50:08 2020

OUTPUT FILE NAME:   <Assignment.out>
ENTRY POINT SYMBOL: "_c_int00"  address: 000088c5


MEMORY CONFIGURATION

         name            origin    length      used     unused   attr    fill
----------------------  --------  ---------  --------  --------  ----  --------
  FLASH                 00000000   00100000  0000e74e  000f18b2  R  X
  SRAM                  20000000   00040000  00002fea  0003d016  RW X


SEGMENT ALLOCATION MAP

run origin  load origin   length   init length attrs members
----------  ----------- ---------- ----------- ----- -------
00000000    00000000    0000e758   0000e758    r-x
  00000000    00000000    0000003c   0000003c    r-- .resetVecs
  00000040    00000040    0000b3d2   0000b3d2    r-x .text
  0000b414    0000b414    00002f58   00002f58    r-- .const
  0000e370    0000e370    000003e8   000003e8    r-- .cinit
20000000    20000000    00002ff0   00000000    rw-
  20000000    20000000    00000360   00000000    rw- .vecs
  20000360    20000360    00001cf6   00000000    rw- .bss
  20002058    20002058    00000c94   00000000    rw- .data
  20002cf0    20002cf0    00000300   00000000    rw- .stack


SECTION ALLOCATION MAP

 output                                  attributes/
section   page    origin      length       input sections
--------  ----  ----------  ----------   ----------------
.text      0    00000040    0000b3d2     
                  00000040    00000a4e     rtsv7M4_T_le_v4SPD16_eabi.lib : _printfi.c.obj (.text:__TI_printfi)
                  00000a8e    00000002     Kentec320x240x16_ssd2119_spi.obj (.text:Kentec320x240x16_SSD2119Flush)
                  00000a90    000006a4     motorlib.lib : motorlib.obj (.text)
                  00001134    0000053a     Kentec320x240x16_ssd2119_spi.obj (.text:Kentec320x240x16_SSD2119Init)
                  0000166e    00000002     rtsv7M4_T_le_v4SPD16_eabi.lib : _lock.c.obj (.text:_nop)
                  00001670    00000430     sysbios.aem4f : BIOS.obj (.text:ti_sysbios_family_arm_m3_Hwi_excDumpRegs__I)
                  00001aa0    00000370     grlib.lib : image.obj (.text:InternalImageDraw)
                  00001e10    0000034c     ti.targets.arm.rtsarm.aem4f : System.oem4f (.text:xdc_runtime_System_doPrint__I)
                  0000215c    000002e4     grlib.lib : image.obj (.text:PixelTransparentDraw)
                  00002440    000002a0     rtsv7M4_T_le_v4SPD16_eabi.lib : mktime.c.obj (.text:__mktime32)
                  000026e0    00000270                                   : _printfi.c.obj (.text:_pconv_a)
                  00002950    00000256     grlib.lib : string.obj (.text:GrFontGlyphRender)
                  00002ba6    00000002     rtsv7M4_T_le_v4SPD16_eabi.lib : div0.asm.obj (.text)
                  00002ba8    00000204     driverlib.lib : sysctl.obj (.text:SysCtlClockFreqSet)
                  00002dac    00000204     Boot.aem4f : Boot_sysctl.oem4f (.text:ti_catalog_arm_cortexm4_tiva_ce_Boot_sysCtlClockFreqSetI__I)
                  00002fb0    000001f4     sysbios.aem4f : BIOS.obj (.text:ti_sysbios_family_arm_m3_Hwi_excHandlerMax__I)
                  000031a4    000001d0     rtsv7M4_T_le_v4SPD16_eabi.lib : _printfi.c.obj (.text:_pconv_g)
                  00003374    000001b6                                   : fd_add_t2.asm.obj (.text)
                  0000352a    00000194     grlib.lib : canvas.obj (.text:CanvasPaint)
                  000036be    00000002     empty_min_pem4f.oem4f (.text:ti_sysbios_BIOS_nullFunc__I)
                  000036c0    00000184     pinout.obj (.text:PinoutSet)
                  00003844    00000180     touch.obj (.text:TouchScreenDebouncer)
                  000039c4    00000176     grlib.lib : pushbutton.obj (.text:RectangularButtonPaint)
                  00003b3a    00000006     driverlib.lib : gpio.obj (.text:GPIOIntClear)
                  00003b40    00000174     sysbios.aem4f : BIOS.obj (.text:ti_sysbios_family_arm_m3_Hwi_excBusFault__I)
                  00003cb4    00000170     drivers_tivaware.aem4f : PWMTiva.oem4f (.text:PWMTiva_open)
                  00003e24    00000004     user_interface.obj (.text:UserInterfaceDraw)
                  00003e28    00000164     sysbios.aem4f : BIOS.obj (.text:ti_sysbios_family_arm_m3_Hwi_excUsageFault__I)
                  00003f8c    00000154     user_interface.obj (.text:SetupGraphScreen)
                  000040e0    00000154     user_interface.obj (.text:UserInterfaceInit)
                  00004234    00000004     grlib.lib : widget.obj (.text:WidgetDefaultMsgProc)
                  00004238    00000154     sysbios.aem4f : BIOS.obj (.text:ti_sysbios_knl_Semaphore_pend__E)
                  0000438c    00000150     drivers_tivaware.aem4f : GPIOTiva.oem4f (.text:GPIO_setConfig)
                  000044dc    0000014a     Kentec320x240x16_ssd2119_spi.obj (.text:Kentec320x240x16_SSD2119PixelDrawMultiple)
                  00004626    00000002     empty_min_pem4f.oem4f (.text:xdc_runtime_Startup_reset__I)
                  00004628    00000148     sysbios.aem4f : BIOS.obj (.text:ti_sysbios_family_arm_m3_Hwi_excMemFault__I)
                  00004770    0000013c     rtsv7M4_T_le_v4SPD16_eabi.lib : _printfi.c.obj (.text:_pconv_e)
                  000048ac    00000136                                   : fd_div_t2.asm.obj (.text)
                  000049e2    00000002     --HOLE-- [fill = 0]
                  000049e4    00000134                                   : localtim.c.obj (.text:__localtime32)
                  00004b18    00000130     driverlib.lib : gpio.obj (.text:GPIOPadConfigSet)
                  00004c48    00000130     touch.obj (.text:TouchScreenIntHandler)
                  00004d78    00000128     user_interface.obj (.text:DrawDataOnGraph)
                  00004ea0    00000124     Kentec320x240x16_ssd2119_spi.obj (.text:Kentec320x240x16_SSD2119RectFill)
                  00004fc4    00000124     rtsv7M4_T_le_v4SPD16_eabi.lib : _printfi.c.obj (.text:fcvt)
                  000050e8    00000118     ti.targets.arm.rtsarm.aem4f : Error.oem4f (.text:xdc_runtime_Error_policyDefault__E)
                  00005200    00000114     drivers_tivaware.aem4f : PWMTimerTiva.oem4f (.text:PWMTimerTiva_open)
                  00005314    00000114     touch.obj (.text:TouchScreenInit)
                  00005428    00000110     rtsv7M4_T_le_v4SPD16_eabi.lib : s_scalbn.c.obj (.text:scalbn)
                  00005538    00000108     sysbios.aem4f : BIOS.obj (.text:ti_sysbios_family_arm_lm4_Timer_start__E)
                  00005640    00000106     grlib.lib : line.obj (.text:GrLineDraw)
                  00005746    00000002     --HOLE-- [fill = 0]
                  00005748    00000100     ti.targets.arm.rtsarm.aem4f : Core-mem.oem4f (.text:xdc_runtime_Core_createObject__I)
                  00005848    000000fc     rtsv7M4_T_le_v4SPD16_eabi.lib : fd_mul_t2.asm.obj (.text)
                  00005944    000000f8     ti.targets.arm.rtsarm.aem4f : Startup.oem4f (.text:xdc_runtime_Startup_startMods__I)
                  00005a3c    000000f8     empty_min_pem4f.oem4f (.text:xdc_runtime_System_printfExtend__I)
                  00005b34    000000f4     sysbios.aem4f : m3_Hwi_asm.obj (.text:ti_sysbios_family_arm_m3_Hwi_dispatch__I)
                  00005c28    000000f2     grlib.lib : pushbutton.obj (.text:RectangularButtonClick)
                  00005d1a    000000f0     drivers_tivaware.aem4f : PWMTiva.oem4f (.text:PWMTiva_setDuty)
                  00005e0a    00000002     --HOLE-- [fill = 0]
                  00005e0c    000000f0     user_interface.obj (.text:doChangeToSetting)
                  00005efc    000000e8     grlib.lib : widget.obj (.text:WidgetMessageQueueAdd)
                  00005fe4    000000d8     Kentec320x240x16_ssd2119_spi.obj (.text:Kentec320x240x16_SSD2119LineDrawH)
                  000060bc    00000004     rtsv7M4_T_le_v4SPD16_eabi.lib : exit.c.obj (.text:abort:abort)
                  000060c0    000000d4     sysbios.aem4f : BIOS.obj (.text:ti_sysbios_heaps_HeapMem_alloc__E)
                  00006194    00000004     empty_min_pem4f.oem4f (.text:ti_sysbios_BIOS_RtsGateProxy_enter__E)
                  00006198    000000cc     sysbios.aem4f : BIOS.obj (.text:ti_sysbios_knl_Task_Instance_init__E)
                  00006264    000000cc     ti.targets.arm.rtsarm.aem4f : Core-smem.oem4f (.text:xdc_runtime_Core_constructObject__I)
                  00006330    000000c4     grlib.lib : string.obj (.text:GrDefaultStringRenderer)
                  000063f4    000000c0               : line.obj (.text:GrLineClip)
                  000064b4    00000004     empty_min_pem4f.oem4f (.text:ti_sysbios_BIOS_RtsGateProxy_leave__E)
                  000064b8    000000bc     sysbios.aem4f : BIOS.obj (.text:ti_sysbios_family_arm_m3_Hwi_excDebugMon__I)
                  00006574    00000004                   : BIOS.obj (.text:ti_sysbios_family_arm_lm4_Timer_masterEnable__I)
                  00006578    000000bc                   : BIOS.obj (.text:ti_sysbios_family_arm_m3_Hwi_excHardFault__I)
                  00006634    00000004     empty_min_pem4f.oem4f (.text:ti_sysbios_family_arm_m3_TaskSupport_Module__startupDone__S)
                  00006638    000000bc     sysbios.aem4f : BIOS.obj (.text:ti_sysbios_knl_Task_Instance_finalize__E)
                  000066f4    000000b8     Kentec320x240x16_ssd2119_spi.obj (.text:InitSPILCDInterface)
                  000067ac    000000b8     drivers_tivaware.aem4f : PWMTimerTiva.oem4f (.text:PWMTimerTiva_setDuty)
                  00006864    000000b4     grlib.lib : widget.obj (.text:WidgetMessageSendPostOrder)
                  00006918    000000b1     rtsv7M4_T_le_v4SPD16_eabi.lib : _printfi.c.obj (.text:_ltostr)
                  000069c9    00000001     --HOLE-- [fill = 0]
                  000069ca    00000006     driverlib.lib : gpio.obj (.text:GPIOPinRead)
                  000069d0    000000ac     sysbios.aem4f : BIOS.obj (.text:ti_sysbios_family_arm_lm4_Timer_enableTiva__I)
                  00006a7c    000000a4     Kentec320x240x16_ssd2119_spi.obj (.text:Kentec320x240x16_SSD2119LineDrawV)
                  00006b20    000000a4     empty_min.obj (.text:setupGUI)
                  00006bc4    000000a0     auto_init.aem4f : auto_init.oem4f (.text)
                  00006c64    000000a0     ti.targets.arm.rtsarm.aem4f : Text.oem4f (.text:xdc_runtime_Text_putMod__E)
                  00006d04    0000009c     rtsv7M4_T_le_v4SPD16_eabi.lib : memcpy_t2.asm.obj (.text)
                  00006da0    0000009a     ti.targets.arm.rtsarm.aem4f : Text.oem4f (.text:xdc_runtime_Text_putSite__E)
                  00006e3a    00000002     --HOLE-- [fill = 0]
                  00006e3c    00000098     EK_TM4C1294XL.obj (.text:EK_TM4C1294XL_initGeneral)
                  00006ed4    00000098     Boot.aem4f : Boot.oem4f (.text:ti_catalog_arm_cortexm4_tiva_ce_Boot_sysCtlClockFreqSet__E)
                  00006f6c    00000096     rtsv7M4_T_le_v4SPD16_eabi.lib : ull_div_t2.asm.obj (.text)
                  00007002    00000006     driverlib.lib : gpio.obj (.text:GPIOPinWrite)
                  00007008    00000094     sysbios.aem4f : BIOS.obj (.text:ti_sysbios_family_arm_m3_Hwi_Instance_init__E)
                  0000709c    00000004     empty_min_pem4f.oem4f (.text:ti_sysbios_hal_Hwi_HwiProxy_delete)
                  000070a0    00000094     sysbios.aem4f : BIOS.obj (.text:ti_sysbios_family_arm_m3_Hwi_initNVIC__E)
                  00007134    00000004     empty_min_pem4f.oem4f (.text:ti_sysbios_heaps_HeapMem_Module_GateProxy_enter__E)
                  00007138    00000094     sysbios.aem4f : BIOS.obj (.text:ti_sysbios_knl_Task_postInit__I)
                  000071cc    0000008c     drivers_tivaware.aem4f : GPIOTiva.oem4f (.text:GPIO_init)
                  00007258    0000008c     sysbios.aem4f : m3_TaskSupport_asm.obj (.text:ti_sysbios_family_arm_m3_TaskSupport_buildTaskStack)
                  000072e4    00000088     drivers_tivaware.aem4f : PWMTiva.oem4f (.text:PWMTiva_control)
                  0000736c    00000086     grlib.lib : rectangle.obj (.text:GrRectFill)
                  000073f2    00000086     rtsv7M4_T_le_v4SPD16_eabi.lib : fd_cmp_t2.asm.obj (.text:__aeabi_cdcmple)
                  00007478    00000086                                   : fd_cmp_t2.asm.obj (.text:__aeabi_cdrcmple)
                  000074fe    00000002     --HOLE-- [fill = 0]
                  00007500    00000084     sysbios.aem4f : BIOS.obj (.text:ti_sysbios_family_arm_m3_Hwi_postInit__I)
                  00007584    00000080     empty_min.obj (.text:DrawDateTime)
                  00007604    0000007c     Kentec320x240x16_ssd2119_spi.obj (.text:Kentec320x240x16_SSD2119PixelDraw)
                  00007680    0000007c     sysbios.aem4f : BIOS.obj (.text:ti_sysbios_heaps_HeapMem_free__E)
                  000076fc    0000007a     driverlib.lib : adc.obj (.text:ADCSequenceStepConfigure)
                  00007776    0000007a     rtsv7M4_T_le_v4SPD16_eabi.lib : memset_t2.asm.obj (.text)
                  000077f0    00000078     motor_api.obj (.text:startMotor)
                  00007868    00000074     empty_min.obj (.text:main)
                  000078dc    00000004     empty_min_pem4f.oem4f (.text:ti_sysbios_heaps_HeapMem_Module_GateProxy_leave__E)
                  000078e0    00000070     sysbios.aem4f : BIOS.obj (.text:ti_sysbios_knl_Clock_workFunc__E)
                  00007950    00000070                   : BIOS.obj (.text:ti_sysbios_knl_Task_exit__E)
                  000079c0    0000006e     rtsv7M4_T_le_v4SPD16_eabi.lib : _printfi.c.obj (.text:_mcpy)
                  00007a2e    0000006e                                   : fd_tos_t2.asm.obj (.text)
                  00007a9c    0000006e                                   : ll_div_t2.asm.obj (.text)
                  00007b0a    00000002     --HOLE-- [fill = 0]
                  00007b0c    0000006d     ti.targets.arm.rtsarm.aem4f : System.oem4f (.text:xdc_runtime_System_formatNum__I)
                  00007b79    00000003     --HOLE-- [fill = 0]
                  00007b7c    0000006c     drivers_tivaware.aem4f : PWMTimerTiva.oem4f (.text:PWMTimerTiva_control)
                  00007be8    0000006c     rtsv7M4_T_le_v4SPD16_eabi.lib : asctime.c.obj (.text:asctime)
                  00007c54    0000006c     empty_min_pem4f.oem4f (.text:ti_sysbios_family_arm_m3_Hwi_Object__create__S)
                  00007cc0    0000006c     sysbios.aem4f : BIOS.obj (.text:ti_sysbios_knl_Swi_restoreHwi__E)
                  00007d2c    0000006c     ti.targets.arm.rtsarm.aem4f : Error.oem4f (.text:xdc_runtime_Error_print__E)
                  00007d98    0000006c                                 : Memory.oem4f (.text:xdc_runtime_Memory_alloc__E)
                  00007e04    0000006a     grlib.lib : string.obj (.text:GrStringWidthGet)
                  00007e6e    0000006a     drivers_tivaware.aem4f : PWMTiva.oem4f (.text:PWMTiva_close)
                  00007ed8    00000068     grlib.lib : context.obj (.text:GrContextInit)
                  00007f40    00000068     driverlib.lib : interrupt.obj (.text:IntEnable)
                  00007fa8    00000068     rtsv7M4_T_le_v4SPD16_eabi.lib : copy_decompress_lzss.c.obj (.text:decompress:lzss:__TI_decompress_lzss)
                  00008010    00000066     grlib.lib : rectangle.obj (.text:GrRectDraw)
                  00008076    00000066     ti.targets.arm.rtsarm.aem4f : Core-mem.oem4f (.text:xdc_runtime_Core_deleteObject__I)
                  000080dc    00000064     drivers_tivaware.aem4f : GPIOTiva.oem4f (.text:GPIO_hwiIntFxn)
                  00008140    00000064     grlib.lib : widget.obj (.text:WidgetMessageQueueProcess)
                  000081a4    00000064     rtsv7M4_T_le_v4SPD16_eabi.lib : s_frexp.c.obj (.text:frexp)
                  00008208    00000064     sysbios.aem4f : BIOS.obj (.text:ti_sysbios_family_arm_lm4_Timer_Module_startup__E)
                  0000826c    00000064     empty_min_pem4f.oem4f (.text:ti_sysbios_family_arm_m3_Hwi_create)
                  000082d0    00000064     sysbios.aem4f : BIOS.obj (.text:ti_sysbios_family_arm_m3_Hwi_dispatchC__I)
                  00008334    00000064     empty_min_pem4f.oem4f (.text:ti_sysbios_hal_Hwi_create)
                  00008398    00000064     sysbios.aem4f : BIOS.obj (.text:ti_sysbios_knl_Semaphore_post__E)
                  000083fc    00000062     grlib.lib : context.obj (.text:GrContextClipRegionSet)
                  0000845e    00000002     --HOLE-- [fill = 0]
                  00008460    00000060     user_interface.obj (.text:DrawAccelerationSettingsPage)
                  000084c0    00000060     user_interface.obj (.text:DrawTemperatureSettingsPage)
                  00008520    00000060     driverlib.lib : timer.obj (.text:TimerConfigure)
                  00008580    0000005c     user_interface.obj (.text:DrawCurrentSettingsPage)
                  000085dc    0000005c     grlib.lib : widget.obj (.text:WidgetMessageSendPreOrder)
                  00008638    0000005c     sysbios.aem4f : BIOS.obj (.text:ti_sysbios_knl_Swi_run__I)
                  00008694    00000004     empty_min_pem4f.oem4f (.text:ti_sysbios_knl_Clock_TimerProxy_getMaxTicks__E)
                  00008698    0000005c     sysbios.aem4f : BIOS.obj (.text:ti_sysbios_knl_Swi_schedule__I)
                  000086f4    00000004     empty_min_pem4f.oem4f (.text:ti_sysbios_knl_Queue_destruct)
                  000086f8    0000005c     sysbios.aem4f : BIOS.obj (.text:ti_sysbios_knl_Task_Module_startup__E)
                  00008754    0000005c     empty_min_pem4f.oem4f (.text:ti_sysbios_knl_Task_create)
                  000087b0    0000005c     sysbios.aem4f : BIOS.obj (.text:ti_sysbios_knl_Task_startCore__E)
                  0000880c    0000005b     ti.targets.arm.rtsarm.aem4f : Text.oem4f (.text:xdc_runtime_Text_putLab__E)
                  00008867    00000001     --HOLE-- [fill = 0]
                  00008868    0000005a     grlib.lib : string.obj (.text:FontWideGlyphDataGet)
                  000088c2    00000002     --HOLE-- [fill = 0]
                  000088c4    00000058     boot.aem4f : boot.oem4f (.text)
                  0000891c    00000058     rtsv7M4_T_le_v4SPD16_eabi.lib : hostwrite.c.obj (.text:HOSTwrite)
                  00008974    00000058     user_interface.obj (.text:StartStopMotor)
                  000089cc    00000058     driverlib.lib : timer.obj (.text:TimerControlTrigger)
                  00008a24    00000058     motor_api.obj (.text:initMotor)
                  00008a7c    00000058     sysbios.aem4f : m3_Hwi_asm_switch.obj (.text:ti_sysbios_family_arm_m3_Hwi_initStacks__E)
                  00008ad4    00000056     driverlib.lib : gpio.obj (.text:GPIOIntTypeSet)
                  00008b2a    00000056     rtsv7M4_T_le_v4SPD16_eabi.lib : _printfi.c.obj (.text:_pconv_f)
                  00008b80    00000054     user_interface.obj (.text:DrawMotorSettingsPage)
                  00008bd4    00000054     rtsv7M4_T_le_v4SPD16_eabi.lib : ltoa.c.obj (.text:ltoa)
                  00008c28    00000054     sysbios.aem4f : BIOS.obj (.text:ti_sysbios_family_arm_lm4_Timer_initDevice__I)
                  00008c7c    00000054     ti.targets.arm.rtsarm.aem4f : Assert.oem4f (.text:xdc_runtime_Assert_raise__I)
                  00008cd0    00000052     rtsv7M4_T_le_v4SPD16_eabi.lib : _printfi.c.obj (.text:_ecpy)
                  00008d22    00000002     --HOLE-- [fill = 0]
                  00008d24    00000050     user_interface.obj (.text:DrawSettingsParameters)
                  00008d74    00000050     drivers_tivaware.aem4f : GPIOTiva.oem4f (.text:GPIO_setCallback)
                  00008dc4    00000050                            : GPIOTiva.oem4f (.text:GPIO_write)
                  00008e14    00000050     Boot.aem4f : Boot_sysctl.oem4f (.text:_SysCtlFrequencyGet)
                  00008e64    00000004     empty_min_pem4f.oem4f (.text:ti_sysbios_knl_Semaphore_destruct)
                  00008e68    00000050     sysbios.aem4f : BIOS.obj (.text:ti_sysbios_family_arm_m3_Hwi_Module_startup__E)
                  00008eb8    00000050     ti.targets.arm.rtsarm.aem4f : Startup.oem4f (.text:xdc_runtime_Startup_exec__E)
                  00008f08    00000050                                 : Text.oem4f (.text:xdc_runtime_Text_visitRope2__I)
                  00008f58    0000004c     grlib.lib : widget.obj (.text:WidgetRemove)
                  00008fa4    0000004c     Kentec320x240x16_ssd2119_spi.obj (.text:WriteCommandSPI)
                  00008ff0    0000004c     Kentec320x240x16_ssd2119_spi.obj (.text:WriteDataSPI)
                  0000903c    0000004c     rtsv7M4_T_le_v4SPD16_eabi.lib : atoi.c.obj (.text:atoi)
                  00009088    0000004c                                   : cpy_tbl.c.obj (.text:copy_in)
                  000090d4    0000004c                                   : snprintf.c.obj (.text:snprintf)
                  00009120    0000004c     sysbios.aem4f : BIOS.obj (.text:ti_sysbios_family_arm_lm4_Timer_setAvailMask__E)
                  0000916c    00000004     ti.targets.arm.rtsarm.aem4f : Error.oem4f (.text:xdc_runtime_Error_getSite__E)
                  00009170    0000004c     sysbios.aem4f : BIOS.obj (.text:ti_sysbios_heaps_HeapMem_getStats__E)
                  000091bc    00000004     empty_min_pem4f.oem4f (.text:xdc_runtime_System_Module_GateProxy_enter__E)
                  000091c0    0000004c     sysbios.aem4f : BIOS.obj (.text:ti_sysbios_knl_Swi_runLoop__I)
                  0000920c    00000004     empty_min_pem4f.oem4f (.text:xdc_runtime_System_Module_GateProxy_leave__E)
                  00009210    0000004c     sysbios.aem4f : BIOS.obj (.text:ti_sysbios_knl_Task_allBlockedFunction__I)
                  0000925c    00000004     ti.targets.arm.rtsarm.aem4f : System.oem4f (.text:xdc_runtime_System_aprintf_va__F)
                  00009260    0000004c     sysbios.aem4f : BIOS.obj (.text:ti_sysbios_knl_Task_schedule__I)
                  000092ac    0000004a     drivers_tivaware.aem4f : PWMTimerTiva.oem4f (.text:PWMTimerTiva_close)
                  000092f6    0000004a     grlib.lib : string.obj (.text:UpdateContextCharMapping)
                  00009340    00000048     driverlib.lib : gpio.obj (.text:GPIOPinConfigure)
                  00009388    00000048     rtsv7M4_T_le_v4SPD16_eabi.lib : hosttime.c.obj (.text:HOSTtime)
                  000093d0    00000048     driverlib.lib : sysctl.obj (.text:_SysCtlFrequencyGet)
                  00009418    00000048     rtsv7M4_T_le_v4SPD16_eabi.lib : fd_toi_t2.asm.obj (.text)
                  00009460    00000048     sysbios.aem4f : BIOS.obj (.text:ti_sysbios_family_arm_lm4_Timer_enableTimers__I)
                  000094a8    00000048                   : BIOS.obj (.text:ti_sysbios_family_arm_m3_Hwi_disableInterrupt__E)
                  000094f0    00000048                   : BIOS.obj (.text:ti_sysbios_family_arm_m3_Hwi_enableInterrupt__E)
                  00009538    00000048                   : BIOS.obj (.text:ti_sysbios_family_arm_m3_Hwi_excReserved__I)
                  00009580    00000046     grlib.lib : line.obj (.text:GrLineDrawH)
                  000095c6    00000046               : line.obj (.text:GrLineDrawV)
                  0000960c    00000046     ti.targets.arm.rtsarm.aem4f : Core-params.oem4f (.text:xdc_runtime_Core_assignParams__I)
                  00009652    00000006     grlib.lib : string.obj (.text:GrContextFontSet)
                  00009658    00000044     sysbios.aem4f : BIOS.obj (.text:ti_sysbios_family_arm_lm4_Timer_isrStub__E)
                  0000969c    00000004     ti.targets.arm.rtsarm.aem4f : System.oem4f (.text:xdc_runtime_System_printf_va__F)
                  000096a0    00000044     sysbios.aem4f : BIOS.obj (.text:ti_sysbios_family_arm_m3_Hwi_getStackInfo__E)
                  000096e4    00000004     --HOLE-- [fill = 0]
                  000096e8    00000044                   : BIOS.obj (.text:ti_sysbios_knl_Swi_post__E)
                  0000972c    00000044     ti.targets.arm.rtsarm.aem4f : Error.oem4f (.text:xdc_runtime_Error_setX__E)
                  00009770    00000044                                 : SysMin.oem4f (.text:xdc_runtime_SysMin_flush__E)
                  000097b4    00000044                                 : Text.oem4f (.text:xdc_runtime_Text_xprintf__I)
                  000097f8    00000040     rtsv7M4_T_le_v4SPD16_eabi.lib : u_divt2.asm.obj (.text)
                  00009838    00000040                                   : sprintf.c.obj (.text:sprintf)
                  00009878    00000040     sysbios.aem4f : BIOS.obj (.text:ti_sysbios_family_arm_lm4_Timer_startup__E)
                  000098b8    00000040                   : BIOS.obj (.text:ti_sysbios_heaps_HeapMem_Instance_init__E)
                  000098f8    0000003e     driverlib.lib : adc.obj (.text:ADCSequenceConfigure)
                  00009936    0000003e     rtsv7M4_T_le_v4SPD16_eabi.lib : _printfi.c.obj (.text:_fcpy)
                  00009974    0000003c     driverlib.lib : ssi.obj (.text:SSIConfigSetExpClk)
                  000099b0    0000003c     empty_min.obj (.text:getCurrentDateTime)
                  000099ec    00000004     --HOLE-- [fill = 0]
                  000099f0    0000003c     sysbios.aem4f : BIOS.obj (.text:ti_sysbios_family_arm_m3_Hwi_excSvCall__I)
                  00009a2c    00000004     --HOLE-- [fill = 0]
                  00009a30    0000003c                   : BIOS.obj (.text:ti_sysbios_heaps_HeapMem_init__I)
                  00009a6c    00000004     --HOLE-- [fill = 0]
                  00009a70    0000003c                   : BIOS.obj (.text:ti_sysbios_knl_Swi_restore__E)
                  00009aac    0000003a     grlib.lib : string.obj (.text:FontGlyphDataGet)
                  00009ae6    00000002     --HOLE-- [fill = 0]
                  00009ae8    00000038     drivers_tivaware.aem4f : PWM.oem4f (.text:PWM_init)
                  00009b20    00000038     driverlib.lib : sysctl.obj (.text:SysCtlPeripheralReady)
                  00009b58    00000038     rtsv7M4_T_le_v4SPD16_eabi.lib : trgmsg.c.obj (.text:__TI_writemsg)
                  00009b90    00000038     user_interface.obj (.text:removeAllWidgets)
                  00009bc8    00000038     sysbios.aem4f : BIOS.obj (.text:ti_sysbios_family_arm_m3_Hwi_excNoIsr__I)
                  00009c00    00000038                   : BIOS.obj (.text:ti_sysbios_knl_Task_processVitalTaskFlag__I)
                  00009c38    00000038     ti.targets.arm.rtsarm.aem4f : SysMin.oem4f (.text:xdc_runtime_SysMin_putch__E)
                  00009c70    00000038                                 : System.oem4f (.text:xdc_runtime_System_atexit__E)
                  00009ca8    00000036     grlib.lib : line.obj (.text:GrClipCodeGet)
                  00009cde    00000002     --HOLE-- [fill = 0]
                  00009ce0    00000034     driverlib.lib : sysctl.obj (.text:SysCtlPeripheralEnable)
                  00009d14    00000034     rtsv7M4_T_le_v4SPD16_eabi.lib : trgmsg.c.obj (.text:__TI_readmsg)
                  00009d48    00000034                                   : rand.c.obj (.text:rand)
                  00009d7c    00000004     --HOLE-- [fill = 0]
                  00009d80    00000034     sysbios.aem4f : BIOS.obj (.text:ti_sysbios_family_arm_m3_Hwi_Instance_finalize__E)
                  00009db4    00000004     --HOLE-- [fill = 0]
                  00009db8    00000034                   : BIOS.obj (.text:ti_sysbios_family_arm_m3_Hwi_excNmi__I)
                  00009dec    00000034     ti.targets.arm.rtsarm.aem4f : Core-label.oem4f (.text:xdc_runtime_Core_assignLabel__I)
                  00009e20    00000033                                 : Text.oem4f (.text:xdc_runtime_Text_printVisFxn__I)
                  00009e53    00000005     --HOLE-- [fill = 0]
                  00009e58    00000032     sysbios.aem4f : BIOS.obj (.text:ti_sysbios_hal_Hwi_initStack)
                  00009e8a    00000002     --HOLE-- [fill = 0]
                  00009e8c    00000030     drivers_tivaware.aem4f : GPIOTiva.oem4f (.text:GPIO_enableInt)
                  00009ebc    00000030                            : GPIOTiva.oem4f (.text:GPIO_read)
                  00009eec    00000030                            : PWMTiva.oem4f (.text:PWMTiva_init)
                  00009f1c    00000030                            : PWM.oem4f (.text:PWM_open)
                  00009f4c    00000030     rtsv7M4_T_le_v4SPD16_eabi.lib : snprintf.c.obj (.text:_outs)
                  00009f7c    00000030     motor_api.obj (.text:callbackFxn)
                  00009fac    00000030     user_interface.obj (.text:initSettingValues)
                  00009fdc    00000030     empty_min_pem4f.oem4f (.text:ti_sysbios_BIOS_atExitFunc__I)
                  0000a00c    00000004     --HOLE-- [fill = 0]
                  0000a010    00000030     sysbios.aem4f : BIOS.obj (.text:ti_sysbios_family_arm_lm4_Timer_stop__E)
                  0000a040    00000030                   : BIOS.obj (.text:ti_sysbios_family_arm_m3_TaskSupport_start__E)
                  0000a070    00000030     empty_min_pem4f.oem4f (.text:ti_sysbios_gates_GateHwi_Object__create__S)
                  0000a0a0    00000030     empty_min_pem4f.oem4f (.text:ti_sysbios_gates_GateMutex_Object__create__S)
                  0000a0d0    00000030     sysbios.aem4f : BIOS.obj (.text:ti_sysbios_gates_GateMutex_enter__E)
                  0000a100    00000030     empty_min_pem4f.oem4f (.text:ti_sysbios_heaps_HeapMem_Object__create__S)
                  0000a130    00000030     empty_min_pem4f.oem4f (.text:ti_sysbios_knl_Semaphore_construct)
                  0000a160    00000030     sysbios.aem4f : BIOS.obj (.text:ti_sysbios_knl_Semaphore_pendTimeout__I)
                  0000a190    00000030                   : BIOS.obj (.text:ti_sysbios_knl_Task_unblockI__E)
                  0000a1c0    00000030     ti.targets.arm.rtsarm.aem4f : SysMin.oem4f (.text:xdc_runtime_SysMin_abort__E)
                  0000a1f0    00000030                                 : System.oem4f (.text:xdc_runtime_System_processAtExit__E)
                  0000a220    0000002e     grlib.lib : string.obj (.text:GrStringNextCharGet)
                  0000a24e    0000002e     rtsv7M4_T_le_v4SPD16_eabi.lib : i_tofd_t2.asm.obj (.text)
                  0000a27c    0000002c     user_interface.obj (.text:DrawGraphMenuScreen)
                  0000a2a8    0000002c     user_interface.obj (.text:DrawHomeScreen)
                  0000a2d4    0000002c     user_interface.obj (.text:DrawSetMenuScreen)
                  0000a300    0000002c     grlib.lib : string.obj (.text:GrFontBaselineGet)
                  0000a32c    0000002c               : string.obj (.text:GrFontHeightGet)
                  0000a358    0000002c     empty_min_pem4f.oem4f (.text:ti_sysbios_knl_Clock_doTick__I)
                  0000a384    0000002c     empty_min_pem4f.oem4f (.text:ti_sysbios_knl_Queue_construct)
                  0000a3b0    0000002c     sysbios.aem4f : BIOS.obj (.text:ti_sysbios_knl_Task_restore__E)
                  0000a3dc    0000002c     ti.targets.arm.rtsarm.aem4f : Text.oem4f (.text:xdc_runtime_Text_cordText__E)
                  0000a408    0000002a     driverlib.lib : gpio.obj (.text:GPIODirModeSet)
                  0000a432    0000002a     grlib.lib : widget.obj (.text:WidgetIsInTree)
                  0000a45c    0000002a     user_interface.obj (.text:drawAmbientTemperatureGraph)
                  0000a486    0000002a     ti.targets.arm.rtsarm.aem4f : System.oem4f (.text:xdc_runtime_System_putchar__I)
                  0000a4b0    00000028     grlib.lib : pushbutton.obj (.text:RectangularButtonMsgProc)
                  0000a4d8    00000028     user_interface.obj (.text:drawMotorTemperatureGraph)
                  0000a500    00000028     sysbios.aem4f : BIOS.obj (.text:ti_sysbios_hal_Hwi_Instance_init__E)
                  0000a528    00000028                   : BIOS.obj (.text:ti_sysbios_knl_Swi_Module_startup__E)
                  0000a550    00000026     grlib.lib : string.obj (.text:GrFontInfoGet)
                  0000a576    00000026     sysbios.aem4f : m3_Hwi_asm.obj (.text:ti_sysbios_family_arm_m3_Hwi_pendSV__I)
                  0000a59c    00000026     ti.targets.arm.rtsarm.aem4f : System.oem4f (.text:xdc_runtime_System_avprintf__E)
                  0000a5c2    00000024     grlib.lib : widget.obj (.text:WidgetAdd)
                  0000a5e6    00000002     --HOLE-- [fill = 0]
                  0000a5e8    00000024     empty_min_pem4f.oem4f (.text:ti_sysbios_BIOS_errorRaiseHook__I)
                  0000a60c    00000024     empty_min_pem4f.oem4f (.text:ti_sysbios_BIOS_registerRTSLock__I)
                  0000a630    00000024     empty_min_pem4f.oem4f (.text:ti_sysbios_BIOS_removeRTSLock__I)
                  0000a654    00000024     empty_min_pem4f.oem4f (.text:ti_sysbios_BIOS_startFunc__I)
                  0000a678    00000024     empty_min_pem4f.oem4f (.text:ti_sysbios_gates_GateMutex_Object__delete__S)
                  0000a69c    00000004     --HOLE-- [fill = 0]
                  0000a6a0    00000024     sysbios.aem4f : BIOS.obj (.text:ti_sysbios_knl_Clock_Module_startup__E)
                  0000a6c4    00000004     --HOLE-- [fill = 0]
                  0000a6c8    00000024                   : BIOS.obj (.text:ti_sysbios_knl_Semaphore_Instance_init__E)
                  0000a6ec    00000004     --HOLE-- [fill = 0]
                  0000a6f0    00000024                   : BIOS.obj (.text:ti_sysbios_knl_Task_restoreHwi__E)
                  0000a714    00000024     ti.targets.arm.rtsarm.aem4f : System.oem4f (.text:xdc_runtime_System_vprintf__E)
                  0000a738    00000022     grlib.lib : string.obj (.text:GrFontGlyphDataGet)
                  0000a75a    00000022     driverlib.lib : pwm.obj (.text:PWMGenConfigure)
                  0000a77c    00000022     drivers_tivaware.aem4f : PWMTiva.oem4f (.text:PWMTiva_getPeriodCounts)
                  0000a79e    00000002     --HOLE-- [fill = 0]
                  0000a7a0    00000022     sysbios.aem4f : BIOS.obj (.text:ti_sysbios_family_arm_lm4_Timer_write__I)
                  0000a7c2    00000022     empty_min_pem4f.oem4f (.text:xdc_runtime_SysMin_output__I)
                  0000a7e4    00000021     user_interface.obj (.text:drawAccelerationGraph)
                  0000a805    00000003     --HOLE-- [fill = 0]
                  0000a808    00000020     Boot.aem4f : Boot_sysctl.oem4f (.text:_SysCtlMemTimingGet)
                  0000a828    00000020     user_interface.obj (.text:drawPowerGraph)
                  0000a848    00000020     empty_min_pem4f.oem4f (.text:ti_sysbios_BIOS_rtsLock__I)
                  0000a868    00000020     empty_min_pem4f.oem4f (.text:ti_sysbios_family_arm_m3_Hwi_Object__delete__S)
                  0000a888    00000020     sysbios.aem4f : m3_Hwi_asm.obj (.text:ti_sysbios_family_arm_m3_Hwi_excHandlerAsm__I)
                  0000a8a8    00000020                   : BIOS.obj (.text:ti_sysbios_family_arm_m3_Hwi_excHandler__I)
                  0000a8c8    00000020     empty_min_pem4f.oem4f (.text:ti_sysbios_gates_GateHwi_Object__delete__S)
                  0000a8e8    00000020     empty_min_pem4f.oem4f (.text:ti_sysbios_heaps_HeapMem_Object__delete__S)
                  0000a908    00000020     sysbios.aem4f : BIOS.obj (.text:ti_sysbios_knl_Idle_run__E)
                  0000a928    00000020     empty_min_pem4f.oem4f (.text:ti_sysbios_knl_Semaphore_Object__destruct__S)
                  0000a948    00000020     ti.targets.arm.rtsarm.aem4f : Registry.oem4f (.text:xdc_runtime_Registry_findById__E)
                  0000a968    00000020                                 : SysMin.oem4f (.text:xdc_runtime_SysMin_Module_startup__E)
                  0000a988    0000001e     grlib.lib : string.obj (.text:GrFontCodepageGet)
                  0000a9a6    0000001e     driverlib.lib : pwm.obj (.text:PWMPulseWidthSet)
                  0000a9c4    0000001e     drivers_tivaware.aem4f : PWMTiva.oem4f (.text:PWMTiva_getPeriodMicroSecs)
                  0000a9e2    0000001e     sysbios.aem4f : m3_Hwi_asm_switch.obj (.text:ti_sysbios_family_xxx_Hwi_switchAndRunFunc)
                  0000aa00    0000001c     grlib.lib : widget.obj (.text:WidgetPointerMessage)
                  0000aa1c    0000001c     driverlib.lib : sysctl.obj (.text:_SysCtlMemTimingGet)
                  0000aa38    0000001c     drivers_tivaware.aem4f : GPIOTiva.oem4f (.text:getGpioIntIndex)
                  0000aa54    0000001c     rtsv7M4_T_le_v4SPD16_eabi.lib : memccpy.c.obj (.text:memccpy)
                  0000aa70    0000001c     sysbios.aem4f : BIOS.obj (.text:ti_sysbios_gates_GateMutex_Instance_init__E)
                  0000aa8c    0000001c     empty_min_pem4f.oem4f (.text:ti_sysbios_hal_Hwi_HwiProxy_create)
                  0000aaa8    0000001c     empty_min_pem4f.oem4f (.text:ti_sysbios_knl_Queue_Object__destruct__S)
                  0000aac4    00000004     --HOLE-- [fill = 0]
                  0000aac8    0000001c     sysbios.aem4f : BIOS.obj (.text:ti_sysbios_knl_Queue_put__E)
                  0000aae4    00000004     --HOLE-- [fill = 0]
                  0000aae8    0000001c                   : BIOS.obj (.text:ti_sysbios_knl_Task_enter__I)
                  0000ab04    0000001c     empty_min.obj (.text:userInterfaceFxn)
                  0000ab20    0000001c     ti.targets.arm.rtsarm.aem4f : Error.oem4f (.text:xdc_runtime_Error_raiseX__E)
                  0000ab3c    0000001c                                 : Memory.oem4f (.text:xdc_runtime_Memory_valloc__E)
                  0000ab58    0000001c                                 : SysMin.oem4f (.text:xdc_runtime_SysMin_exit__E)
                  0000ab74    0000001c                                 : System.oem4f (.text:xdc_runtime_System_abort__E)
                  0000ab90    0000001a     rtsv7M4_T_le_v4SPD16_eabi.lib : s_copysign.c.obj (.text:copysign)
                  0000abaa    0000001a     empty_min_pem4f.oem4f (.text:ti_sysbios_family_arm_m3_Hwi_Handle__label__S)
                  0000abc4    0000001a     empty_min_pem4f.oem4f (.text:ti_sysbios_gates_GateHwi_Handle__label__S)
                  0000abde    0000001a     empty_min_pem4f.oem4f (.text:ti_sysbios_gates_GateMutex_Handle__label__S)
                  0000abf8    0000001a     empty_min_pem4f.oem4f (.text:ti_sysbios_heaps_HeapMem_Handle__label__S)
                  0000ac12    0000001a     empty_min_pem4f.oem4f (.text:ti_sysbios_knl_Swi_Handle__label__S)
                  0000ac2c    0000001a     empty_min_pem4f.oem4f (.text:ti_sysbios_knl_Task_Handle__label__S)
                  0000ac46    0000001a     empty_min_pem4f.oem4f (.text:xdc_runtime_System_aprintf__E)
                  0000ac60    0000001a     empty_min_pem4f.oem4f (.text:xdc_runtime_System_printf__E)
                  0000ac7a    00000018     driverlib.lib : gpio.obj (.text:GPIOPinTypeGPIOOutput)
                  0000ac92    00000018                   : timer.obj (.text:TimerControlLevel)
                  0000acaa    00000002     --HOLE-- [fill = 0]
                  0000acac    00000018     rtsv7M4_T_le_v4SPD16_eabi.lib : args_main.c.obj (.text:_args_main)
                  0000acc4    00000018                                   : snprintf.c.obj (.text:_outc)
                  0000acdc    00000018                                   : sprintf.c.obj (.text:_outs)
                  0000acf4    00000018     user_interface.obj (.text:drawLightGraph)
                  0000ad0c    00000018     user_interface.obj (.text:drawSpeedGraph)
                  0000ad24    00000018     empty_min_pem4f.oem4f (.text:ti_sysbios_BIOS_rtsUnlock__I)
                  0000ad3c    00000018     empty_min_pem4f.oem4f (.text:ti_sysbios_family_arm_lm4_Timer_Module__startupDone__F)
                  0000ad54    00000018     empty_min_pem4f.oem4f (.text:ti_sysbios_family_arm_m3_Hwi_Module__startupDone__F)
                  0000ad6c    00000018     sysbios.aem4f : m3_TaskSupport_asm.obj (.text:ti_sysbios_family_arm_m3_TaskSupport_swap__E)
                  0000ad84    00000004     --HOLE-- [fill = 0]
                  0000ad88    00000018                   : BIOS.obj (.text:ti_sysbios_gates_GateMutex_leave__E)
                  0000ada0    00000018     ti.targets.arm.rtsarm.aem4f : Error.oem4f (.text:xdc_runtime_Error_check__E)
                  0000adb8    00000018                                 : System.oem4f (.text:xdc_runtime_System_exit__E)
                  0000add0    00000018                                 : Text.oem4f (.text:xdc_runtime_Text_ropeText__E)
                  0000ade8    00000016     grlib.lib : string.obj (.text:GrStringDraw)
                  0000adfe    00000016     Kentec320x240x16_ssd2119_spi.obj (.text:Kentec320x240x16_SSD2119ColorTranslate)
                  0000ae14    00000016     rtsv7M4_T_le_v4SPD16_eabi.lib : strchr.c.obj (.text:strchr)
                  0000ae2a    00000016     empty_min_pem4f.oem4f (.text:ti_sysbios_BIOS_exitFunc__I)
                  0000ae40    00000014     grlib.lib : canvas.obj (.text:CanvasMsgProc)
                  0000ae54    00000014     driverlib.lib : pwm.obj (.text:PWMClockSet)
                  0000ae68    00000014                   : sysctl.obj (.text:SysCtlPWMClockSet)
                  0000ae7c    00000014                   : timer.obj (.text:TimerDisable)
                  0000ae90    00000014     grlib.lib : widget.obj (.text:WidgetMutexGet)
                  0000aea4    00000014     user_interface.obj (.text:returnFromGraph)
                  0000aeb8    00000014     rtsv7M4_T_le_v4SPD16_eabi.lib : strcpy.c.obj (.text:strcpy)
                  0000aecc    00000014                                   : strlen.c.obj (.text:strlen)
                  0000aee0    00000014     empty_min_pem4f.oem4f (.text:ti_sysbios_family_arm_m3_Hwi_Object__get__S)
                  0000aef4    00000004     --HOLE-- [fill = 0]
                  0000aef8    00000014     sysbios.aem4f : BIOS.obj (.text:ti_sysbios_family_arm_m3_Hwi_switchFromBootStack__E)
                  0000af0c    00000014     empty_min_pem4f.oem4f (.text:ti_sysbios_heaps_HeapMem_Object__get__S)
                  0000af20    00000014     empty_min_pem4f.oem4f (.text:ti_sysbios_knl_Swi_Object__get__S)
                  0000af34    00000012     driverlib.lib : gpio.obj (.text:GPIOPinTypeEthernetLED)
                  0000af46    00000012                   : gpio.obj (.text:GPIOPinTypePWM)
                  0000af58    00000012                   : gpio.obj (.text:GPIOPinTypeSSI)
                  0000af6a    00000012                   : gpio.obj (.text:GPIOPinTypeTimer)
                  0000af7c    00000012                   : pwm.obj (.text:PWMGenPeriodGet)
                  0000af8e    00000012                   : pwm.obj (.text:PWMOutputInvert)
                  0000afa0    00000012                   : pwm.obj (.text:PWMOutputState)
                  0000afb2    00000012                   : ssi.obj (.text:SSIDataGetNonBlocking)
                  0000afc4    00000012                   : timer.obj (.text:TimerLoadSet)
                  0000afd6    00000012                   : timer.obj (.text:TimerMatchSet)
                  0000afe8    00000012                   : timer.obj (.text:TimerPrescaleMatchSet)
                  0000affa    00000012                   : timer.obj (.text:TimerPrescaleSet)
                  0000b00c    00000004     --HOLE-- [fill = 0]
                  0000b010    00000012     sysbios.aem4f : BIOS.obj (.text:ti_sysbios_hal_Hwi_Module_startup__E)
                  0000b022    00000012     rtsv7M4_T_le_v4SPD16_eabi.lib : wcslen.c.obj (.text:wcslen)
                  0000b034    00000012     empty_min_pem4f.oem4f (.text:xdc_runtime_Startup_exec__I)
                  0000b046    00000002     --HOLE-- [fill = 0]
                  0000b048    00000010     empty_min_pem4f.oem4f (.text:.bootCodeSection:ti_catalog_arm_cortexm4_tiva_ce_Boot_init__I)
                  0000b058    00000010     driverlib.lib : adc.obj (.text:ADCIntEnable)
                  0000b068    00000010                   : interrupt.obj (.text:IntMasterEnable)
                  0000b078    00000010                   : pwm.obj (.text:PWMGenPeriodSet)
                  0000b088    00000010     drivers_tivaware.aem4f : PWM.oem4f (.text:PWM_Params_init)
                  0000b098    00000010     sysbios.aem4f : BIOS.obj (.text:ti_sysbios_BIOS_getCpuFreq__E)
                  0000b0a8    00000010                   : BIOS.obj (.text:ti_sysbios_BIOS_setThreadType__E)
                  0000b0b8    00000010                   : BIOS.obj (.text:ti_sysbios_BIOS_start__E)
                  0000b0c8    00000010                   : m3_TaskSupport_asm.obj (.text:ti_sysbios_family_arm_m3_TaskSupport_glue)
                  0000b0d8    00000010                   : BIOS.obj (.text:ti_sysbios_gates_GateMutex_Instance_finalize__E)
                  0000b0e8    00000010     empty_min_pem4f.oem4f (.text:ti_sysbios_hal_Hwi_HwiProxy_Object__create__S)
                  0000b0f8    00000010     sysbios.aem4f : BIOS.obj (.text:ti_sysbios_knl_Semaphore_Instance_finalize__E)
                  0000b108    00000010                   : BIOS.obj (.text:ti_sysbios_knl_Swi_disable__E)
                  0000b118    00000010                   : BIOS.obj (.text:ti_sysbios_knl_Task_disable__E)
                  0000b128    00000010     ti.targets.arm.rtsarm.aem4f : Gate.oem4f (.text:xdc_runtime_Gate_leaveSystem__E)
                  0000b138    00000010                                 : Memory.oem4f (.text:xdc_runtime_Memory_free__E)
                  0000b148    00000010                                 : SysMin.oem4f (.text:xdc_runtime_SysMin_ready__E)
                  0000b158    00000010                                 : System.oem4f (.text:xdc_runtime_System_vsnprintf__E)
                  0000b168    00000010     empty_min_pem4f.oem4f (.text:xdc_runtime_Text_visitRope__I)
                  0000b178    0000000e     driverlib.lib : adc.obj (.text:ADCSequenceEnable)
                  0000b186    0000000e                   : gpio.obj (.text:GPIOIntStatus)
                  0000b194    0000000e     grlib.lib : image.obj (.text:GrImageDraw)
                  0000b1a2    0000000e     driverlib.lib : timer.obj (.text:TimerEnable)
                  0000b1b0    0000000e     rtsv7M4_T_le_v4SPD16_eabi.lib : time.c.obj (.text:__time32)
                  0000b1be    0000000e                                   : copy_decompress_none.c.obj (.text:decompress:none:__TI_decompress_none)
                  0000b1cc    0000000e     motor_api.obj (.text:stopMotor_api)
                  0000b1da    00000006     drivers_tivaware.aem4f : PWMTimerTiva.oem4f (.text:PWMTimerTiva_getPeriodMicroSecs)
                  0000b1e0    0000000e     sysbios.aem4f : BIOS.obj (.text:ti_sysbios_knl_Queue_empty__E)
                  0000b1ee    0000000e     empty_min_pem4f.oem4f (.text:ti_sysbios_knl_Task_Object__get__S)
                  0000b1fc    0000000c     driverlib.lib : cpu.obj (.text:CPUcpsie)
                  0000b208    0000000c                   : gpio.obj (.text:GPIOIntEnable)
                  0000b214    0000000c                   : pwm.obj (.text:PWMGenDisable)
                  0000b220    0000000c                   : pwm.obj (.text:PWMGenEnable)
                  0000b22c    0000000c     touch.obj (.text:TouchScreenCallbackSet)
                  0000b238    0000000c     rtsv7M4_T_le_v4SPD16_eabi.lib : _lock.c.obj (.text:_register_lock)
                  0000b244    0000000c                                   : _lock.c.obj (.text:_register_unlock)
                  0000b250    0000000c                                   : copy_zero_init.c.obj (.text:decompress:ZI:__TI_zero_init)
                  0000b25c    00000004     --HOLE-- [fill = 0]
                  0000b260    0000000c     sysbios.aem4f : BIOS.obj (.text:ti_sysbios_family_arm_lm4_Timer_getAvailMask__E)
                  0000b26c    00000004     --HOLE-- [fill = 0]
                  0000b270    0000000c                   : BIOS.obj (.text:ti_sysbios_family_arm_lm4_Timer_getMaxTicks__E)
                  0000b27c    0000000c     empty_min_pem4f.oem4f (.text:ti_sysbios_family_arm_m3_Hwi_Params__init__S)
                  0000b288    0000000c     sysbios.aem4f : BIOS.obj (.text:ti_sysbios_family_arm_m3_Hwi_disableFxn__E)
                  0000b294    00000004     --HOLE-- [fill = 0]
                  0000b298    0000000c                   : BIOS.obj (.text:ti_sysbios_family_arm_m3_TaskSupport_getStackAlignment__E)
                  0000b2a4    00000004     --HOLE-- [fill = 0]
                  0000b2a8    0000000c                   : BIOS.obj (.text:ti_sysbios_gates_GateHwi_enter__E)
                  0000b2b4    0000000c     empty_min_pem4f.oem4f (.text:ti_sysbios_hal_Hwi_Params__init__S)
                  0000b2c0    0000000c     empty_min_pem4f.oem4f (.text:ti_sysbios_knl_Clock_Params__init__S)
                  0000b2cc    0000000c     empty_min_pem4f.oem4f (.text:ti_sysbios_knl_Queue_Object__get__S)
                  0000b2d8    0000000c     empty_min_pem4f.oem4f (.text:ti_sysbios_knl_Task_Params__init__S)
                  0000b2e4    0000000c     ti.targets.arm.rtsarm.aem4f : Error.oem4f (.text:xdc_runtime_Error_init__E)
                  0000b2f0    0000000c                                 : Gate.oem4f (.text:xdc_runtime_Gate_enterSystem__E)
                  0000b2fc    0000000c                                 : Memory.oem4f (.text:xdc_runtime_Memory_calloc__E)
                  0000b308    0000000c                                 : Memory.oem4f (.text:xdc_runtime_Memory_getMaxDefaultTypeAlign__E)
                  0000b314    0000000a     drivers_tivaware.aem4f : PWMTimerTiva.oem4f (.text:PWMTimerTiva_getPeriodCounts)
                  0000b31e    0000000a                            : PWM.oem4f (.text:PWM_setDuty)
                  0000b328    0000000a     driverlib.lib : ssi.obj (.text:SSIDataPut)
                  0000b332    0000000a                   : ssi.obj (.text:SSIEnable)
                  0000b33c    0000000a     rtsv7M4_T_le_v4SPD16_eabi.lib : sprintf.c.obj (.text:_outc)
                  0000b346    00000002     --HOLE-- [fill = 0]
                  0000b348    0000000a     sysbios.aem4f : BIOS.obj (.text:ti_sysbios_hal_Hwi_Instance_finalize__E)
                  0000b352    0000000a     empty_min_pem4f.oem4f (.text:xdc_runtime_IHeap_alloc)
                  0000b35c    0000000a     empty_min_pem4f.oem4f (.text:xdc_runtime_IHeap_free)
                  0000b366    00000008     grlib.lib : charmap.obj (.text:GrMapISO8859_1_Unicode)
                  0000b36e    00000008     drivers_tivaware.aem4f : PWMTimerTiva.oem4f (.text:PWMTimerTiva_init)
                  0000b376    00000008     driverlib.lib : ssi.obj (.text:SSIBusy)
                  0000b37e    00000002     --HOLE-- [fill = 0]
                  0000b380    00000008     rtsv7M4_T_le_v4SPD16_eabi.lib : errno.c.obj (.text:__aeabi_errno_addr)
                  0000b388    00000008     user_interface.obj (.text:decreaseSetting)
                  0000b390    00000008     sysbios.aem4f : BIOS.obj (.text:ti_sysbios_family_arm_lm4_Timer_masterDisable__I)
                  0000b398    00000008                   : BIOS.obj (.text:ti_sysbios_family_arm_m3_Hwi_doSwiRestore__I)
                  0000b3a0    00000008                   : BIOS.obj (.text:ti_sysbios_family_arm_m3_Hwi_startup__E)
                  0000b3a8    00000006     driverlib.lib : sysctl.obj (.text:SysCtlDelay)
                  0000b3ae    00000006     grlib.lib : widget.obj (.text:WidgetMutexPut)
                  0000b3b4    00000006     user_interface.obj (.text:increaseSetting)
                  0000b3ba    00000006     ti.targets.arm.rtsarm.aem4f : System.oem4f (.text:xdc_runtime_System_Module_startup__E)
                  0000b3c0    00000006     sysbios.aem4f : BIOS.obj (.text:ti_sysbios_family_arm_m3_Hwi_doTaskRestore__I)
                  0000b3c6    00000002     --HOLE-- [fill = 0]
                  0000b3c8    00000006                   : BIOS.obj (.text:ti_sysbios_family_arm_m3_Hwi_restoreFxn__E)
                  0000b3ce    00000002     --HOLE-- [fill = 0]
                  0000b3d0    00000006                   : BIOS.obj (.text:ti_sysbios_gates_GateHwi_leave__E)
                  0000b3d6    00000002     --HOLE-- [fill = 0]
                  0000b3d8    00000006                   : BIOS.obj (.text:ti_sysbios_heaps_HeapMem_isBlocking__E)
                  0000b3de    00000002     --HOLE-- [fill = 0]
                  0000b3e0    00000006                   : BIOS.obj (.text:ti_sysbios_knl_Queue_Instance_init__E)
                  0000b3e6    00000002     --HOLE-- [fill = 0]
                  0000b3e8    00000006                   : BIOS.obj (.text:ti_sysbios_knl_Swi_startup__E)
                  0000b3ee    00000002     --HOLE-- [fill = 0]
                  0000b3f0    00000004                   : BIOS.obj (.text:ti_sysbios_gates_GateHwi_query__E)
                  0000b3f4    00000004     --HOLE-- [fill = 0]
                  0000b3f8    00000004                   : BIOS.obj (.text:ti_sysbios_gates_GateMutex_query__E)
                  0000b3fc    00000004     --HOLE-- [fill = 0]
                  0000b400    00000004                   : BIOS.obj (.text:ti_sysbios_knl_Task_startup__E)
                  0000b404    00000004     --HOLE-- [fill = 0]
                  0000b408    00000002                   : BIOS.obj (.text:ti_sysbios_gates_GateHwi_Instance_init__E)
                  0000b40a    00000006     --HOLE-- [fill = 0]
                  0000b410    00000002                   : BIOS.obj (.text:ti_sysbios_knl_Clock_logTick__E)

.const     0    0000b414    00002f58     
                  0000b414    00001844     empty_min_pem4f.oem4f (.const:xdc_runtime_Text_charTab__A)
                  0000cc58    00000782     grlib.lib : fontcmss18b.obj (.const:.string:g_pui8Cmss18bData)
                  0000d3da    00000002     empty_min_pem4f.oem4f (.const:ti_catalog_arm_cortexm4_tiva_ce_Boot_Module__id__C)
                  0000d3dc    00000120     Boot.aem4f : Boot_sysctl.oem4f (.const:g_pppui32XTALtoVCO)
                  0000d4fc    00000120     driverlib.lib : sysctl.obj (.const:g_pppui32XTALtoVCO)
                  0000d61c    00000101     rtsv7M4_T_le_v4SPD16_eabi.lib : ctype.c.obj (.const:.string:_ctypes_)
                  0000d71d    00000001     empty_min_pem4f.oem4f (.const:xdc_runtime_Error_policy__C)
                  0000d71e    00000002     empty_min_pem4f.oem4f (.const:ti_sysbios_family_arm_m3_Hwi_Module__id__C)
                  0000d720    000000c8     grlib.lib : fontcmss18b.obj (.const:g_sFontCmss18b)
                  0000d7e8    000000c6     user_interface.obj (.const:.string)
                  0000d8ae    000000bc     empty_min_pem4f.oem4f (.const:xdc_runtime_Text_nodeTab__A)
                  0000d96a    00000002     empty_min_pem4f.oem4f (.const:ti_sysbios_heaps_HeapMem_Module__id__C)
                  0000d96c    00000090     driverlib.lib : gpio.obj (.const:g_pui32GPIOBaseAddrs)
                  0000d9fc    00000070                   : interrupt.obj (.const)
                  0000da6c    0000006c     Boot.aem4f : Boot_sysctl.oem4f (.const:g_pui32Xtals)
                  0000dad8    0000006c     driverlib.lib : sysctl.obj (.const:g_pui32Xtals)
                  0000db44    00000060     rtsv7M4_T_le_v4SPD16_eabi.lib : mktime.c.obj (.const:$O1$$)
                  0000dba4    00000060     motorlib.lib : motorlib.obj (.const:PWM_config)
                  0000dc04    00000054     drivers_tivaware.aem4f : GPIOTiva.oem4f (.const:.string)
                  0000dc58    00000054     motorlib.lib : motorlib.obj (.const:motorLibPWMTivaHWAttrs)
                  0000dcac    0000004c     rtsv7M4_T_le_v4SPD16_eabi.lib : asctime.c.obj (.const:$O1$$)
                  0000dcf8    0000004c                                   : asctime.c.obj (.const:.string)
                  0000dd44    00000048     empty_min_pem4f.oem4f (.const:.string)
                  0000dd8c    00000048     drivers_tivaware.aem4f : GPIOTiva.oem4f (.const:gpioBaseAddresses)
                  0000ddd4    0000003c     empty_min_pem4f.oem4f (.const:ti_sysbios_knl_Task_Object__PARAMS__C)
                  0000de10    00000030     Boot.aem4f : Boot_sysctl.oem4f (.const:g_sXTALtoMEMTIM)
                  0000de40    00000030     driverlib.lib : sysctl.obj (.const:g_sXTALtoMEMTIM)
                  0000de70    00000030     empty_min_pem4f.oem4f (.const:ti_sysbios_family_arm_m3_Hwi_Object__PARAMS__C)
                  0000dea0    0000002c     empty_min_pem4f.oem4f (.const:ti_sysbios_hal_Hwi_Object__PARAMS__C)
                  0000decc    00000028     Kentec320x240x16_ssd2119_spi.obj (.const:g_sKentec320x240x16_SSD2119)
                  0000def4    00000028     empty_min_pem4f.oem4f (.const:ti_sysbios_heaps_HeapMem_Module__FXNS__C)
                  0000df1c    00000024     empty_min_pem4f.oem4f (.const:ti_sysbios_gates_GateHwi_Module__FXNS__C)
                  0000df40    00000024     empty_min_pem4f.oem4f (.const:ti_sysbios_gates_GateMutex_Module__FXNS__C)
                  0000df64    00000024     empty_min_pem4f.oem4f (.const:ti_sysbios_heaps_HeapMem_Object__PARAMS__C)
                  0000df88    00000024     empty_min_pem4f.oem4f (.const:ti_sysbios_knl_Clock_Object__PARAMS__C)
                  0000dfac    00000024     empty_min_pem4f.oem4f (.const:ti_sysbios_knl_Semaphore_Object__PARAMS__C)
                  0000dfd0    00000020     drivers_tivaware.aem4f : PWMTimerTiva.oem4f (.const)
                  0000dff0    00000020                            : PWMTiva.oem4f (.const)
                  0000e010    00000020     empty_min_pem4f.oem4f (.const:ti_sysbios_family_arm_m3_Hwi_Object__DESC__C)
                  0000e030    00000020     empty_min_pem4f.oem4f (.const:ti_sysbios_gates_GateHwi_Object__DESC__C)
                  0000e050    00000020     empty_min_pem4f.oem4f (.const:ti_sysbios_gates_GateMutex_Object__DESC__C)
                  0000e070    00000020     empty_min_pem4f.oem4f (.const:ti_sysbios_hal_Hwi_Object__DESC__C)
                  0000e090    00000020     empty_min_pem4f.oem4f (.const:ti_sysbios_heaps_HeapMem_Object__DESC__C)
                  0000e0b0    00000020     empty_min_pem4f.oem4f (.const:ti_sysbios_knl_Queue_Object__DESC__C)
                  0000e0d0    00000020     empty_min_pem4f.oem4f (.const:ti_sysbios_knl_Semaphore_Object__DESC__C)
                  0000e0f0    00000020     empty_min_pem4f.oem4f (.const:ti_sysbios_knl_Task_Object__DESC__C)
                  0000e110    00000020     empty_min_pem4f.oem4f (.const:xdc_runtime_Startup_sfxnTab__A)
                  0000e130    0000001c     touch.obj (.const:g_pi32TouchParameters)
                  0000e14c    00000018     empty_min_pem4f.oem4f (.const:ti_sysbios_gates_GateHwi_Object__PARAMS__C)
                  0000e164    00000018     empty_min_pem4f.oem4f (.const:ti_sysbios_gates_GateMutex_Object__PARAMS__C)
                  0000e17c    00000018     empty_min_pem4f.oem4f (.const:ti_sysbios_knl_Queue_Object__PARAMS__C)
                  0000e194    00000014     EK_TM4C1294XL.obj (.const:GPIOTiva_config)
                  0000e1a8    00000014     empty_min_pem4f.oem4f (.const:xdc_runtime_Startup_firstFxns__A)
                  0000e1bc    00000010     grlib.lib : context.obj (.const)
                  0000e1cc    00000010     motorlib.lib : motorlib.obj (.const:motorLibPWMTimerTivaHWAttrs)
                  0000e1dc    00000010     empty_min_pem4f.oem4f (.const:xdc_runtime_Startup_sfxnRts__A)
                  0000e1ec    0000000c     drivers_tivaware.aem4f : PWM.oem4f (.const)
                  0000e1f8    00000008     Boot.aem4f : Boot_sysctl.oem4f (.const)
                  0000e200    00000008     driverlib.lib : sysctl.obj (.const)
                  0000e208    00000008     empty_min_pem4f.oem4f (.const:ti_sysbios_family_arm_m3_Hwi_excHookFuncs__A)
                  0000e210    00000008     empty_min_pem4f.oem4f (.const:ti_sysbios_knl_Idle_funcList__C)
                  0000e218    00000008     empty_min_pem4f.oem4f (.const:xdc_runtime_Startup_firstFxns__C)
                  0000e220    00000008     empty_min_pem4f.oem4f (.const:xdc_runtime_Startup_lastFxns__C)
                  0000e228    00000004     empty_min_pem4f.oem4f (.const:ti_catalog_arm_cortexm4_tiva_ce_Boot_A_mustNotUseEnhancedClockMode__C)
                  0000e22c    00000004     empty_min_pem4f.oem4f (.const:ti_catalog_arm_cortexm4_tiva_ce_Boot_Module__diagsEnabled__C)
                  0000e230    00000004     empty_min_pem4f.oem4f (.const:ti_catalog_arm_cortexm4_tiva_ce_Boot_Module__diagsIncluded__C)
                  0000e234    00000004     empty_min_pem4f.oem4f (.const:ti_catalog_arm_cortexm4_tiva_ce_Boot_Module__diagsMask__C)
                  0000e238    00000004     empty_min_pem4f.oem4f (.const:ti_sysbios_family_arm_lm4_Timer_enableFunc__C)
                  0000e23c    00000004     empty_min_pem4f.oem4f (.const:ti_sysbios_family_arm_lm4_Timer_numTimerDevices__C)
                  0000e240    00000004     empty_min_pem4f.oem4f (.const:ti_sysbios_family_arm_lm4_Timer_startupNeeded__C)
                  0000e244    00000004     empty_min_pem4f.oem4f (.const:ti_sysbios_family_arm_m3_Hwi_E_NMI__C)
                  0000e248    00000004     empty_min_pem4f.oem4f (.const:ti_sysbios_family_arm_m3_Hwi_E_alreadyDefined__C)
                  0000e24c    00000004     empty_min_pem4f.oem4f (.const:ti_sysbios_family_arm_m3_Hwi_E_busFault__C)
                  0000e250    00000004     empty_min_pem4f.oem4f (.const:ti_sysbios_family_arm_m3_Hwi_E_debugMon__C)
                  0000e254    00000004     empty_min_pem4f.oem4f (.const:ti_sysbios_family_arm_m3_Hwi_E_hardFault__C)
                  0000e258    00000004     empty_min_pem4f.oem4f (.const:ti_sysbios_family_arm_m3_Hwi_E_memFault__C)
                  0000e25c    00000004     empty_min_pem4f.oem4f (.const:ti_sysbios_family_arm_m3_Hwi_E_noIsr__C)
                  0000e260    00000004     empty_min_pem4f.oem4f (.const:ti_sysbios_family_arm_m3_Hwi_E_reserved__C)
                  0000e264    00000004     empty_min_pem4f.oem4f (.const:ti_sysbios_family_arm_m3_Hwi_E_svCall__C)
                  0000e268    00000004     empty_min_pem4f.oem4f (.const:ti_sysbios_family_arm_m3_Hwi_E_usageFault__C)
                  0000e26c    00000004     empty_min_pem4f.oem4f (.const:ti_sysbios_family_arm_m3_Hwi_NUM_INTERRUPTS__C)
                  0000e270    00000004     empty_min_pem4f.oem4f (.const:ti_sysbios_family_arm_m3_Hwi_Object__count__C)
                  0000e274    00000004     empty_min_pem4f.oem4f (.const:ti_sysbios_family_arm_m3_Hwi_ccr__C)
                  0000e278    00000004     empty_min_pem4f.oem4f (.const:ti_sysbios_family_arm_m3_Hwi_excHandlerFunc__C)
                  0000e27c    00000004     empty_min_pem4f.oem4f (.const:ti_sysbios_family_arm_m3_Hwi_excHookFuncs__C)
                  0000e280    00000004     empty_min_pem4f.oem4f (.const:ti_sysbios_family_arm_m3_Hwi_nullIsrFunc__C)
                  0000e284    00000004     empty_min_pem4f.oem4f (.const:ti_sysbios_family_arm_m3_Hwi_priGroup__C)
                  0000e288    00000004     empty_min_pem4f.oem4f (.const:ti_sysbios_family_arm_m3_TaskSupport_stackAlignment__C)
                  0000e28c    00000004     empty_min_pem4f.oem4f (.const:ti_sysbios_gates_GateMutex_Instance_State_sem__O)
                  0000e290    00000004     empty_min_pem4f.oem4f (.const:ti_sysbios_heaps_HeapMem_E_memory__C)
                  0000e294    00000004     empty_min_pem4f.oem4f (.const:ti_sysbios_heaps_HeapMem_Module__gateObj__C)
                  0000e298    00000004     empty_min_pem4f.oem4f (.const:ti_sysbios_heaps_HeapMem_Object__count__C)
                  0000e29c    00000004     empty_min_pem4f.oem4f (.const:ti_sysbios_heaps_HeapMem_reqAlign__C)
                  0000e2a0    00000004     empty_min_pem4f.oem4f (.const:ti_sysbios_knl_Clock_Module_State_clockQ__O)
                  0000e2a4    00000004     empty_min_pem4f.oem4f (.const:ti_sysbios_knl_Idle_funcList__A)
                  0000e2a8    00000004     empty_min_pem4f.oem4f (.const:ti_sysbios_knl_Semaphore_Instance_State_pendQ__O)
                  0000e2ac    00000004     empty_min_pem4f.oem4f (.const:ti_sysbios_knl_Swi_Object__count__C)
                  0000e2b0    00000004     empty_min_pem4f.oem4f (.const:ti_sysbios_knl_Task_Module_State_inactiveQ__O)
                  0000e2b4    00000004     empty_min_pem4f.oem4f (.const:ti_sysbios_knl_Task_Object__count__C)
                  0000e2b8    00000004     empty_min_pem4f.oem4f (.const:ti_sysbios_knl_Task_allBlockedFunc__C)
                  0000e2bc    00000004     empty_min_pem4f.oem4f (.const:ti_sysbios_knl_Task_defaultStackHeap__C)
                  0000e2c0    00000004     empty_min_pem4f.oem4f (.const:ti_sysbios_knl_Task_defaultStackSize__C)
                  0000e2c4    00000004     empty_min_pem4f.oem4f (.const:ti_sysbios_knl_Task_numConstructedTasks__C)
                  0000e2c8    00000004     empty_min_pem4f.oem4f (.const:xdc_runtime_Assert_E_assertFailed__C)
                  0000e2cc    00000004     empty_min_pem4f.oem4f (.const:xdc_runtime_Core_A_initializedParams__C)
                  0000e2d0    00000004     empty_min_pem4f.oem4f (.const:xdc_runtime_Core_Module__diagsEnabled__C)
                  0000e2d4    00000004     empty_min_pem4f.oem4f (.const:xdc_runtime_Core_Module__diagsIncluded__C)
                  0000e2d8    00000004     empty_min_pem4f.oem4f (.const:xdc_runtime_Core_Module__diagsMask__C)
                  0000e2dc    00000004     empty_min_pem4f.oem4f (.const:xdc_runtime_Error_E_generic__C)
                  0000e2e0    00000004     empty_min_pem4f.oem4f (.const:xdc_runtime_Error_E_memory__C)
                  0000e2e4    00000004     empty_min_pem4f.oem4f (.const:xdc_runtime_Error_Module__diagsEnabled__C)
                  0000e2e8    00000004     empty_min_pem4f.oem4f (.const:xdc_runtime_Error_Module__diagsIncluded__C)
                  0000e2ec    00000004     empty_min_pem4f.oem4f (.const:xdc_runtime_Error_Module__diagsMask__C)
                  0000e2f0    00000004     empty_min_pem4f.oem4f (.const:xdc_runtime_Error_Module__loggerFxn8__C)
                  0000e2f4    00000004     empty_min_pem4f.oem4f (.const:xdc_runtime_Error_Module__loggerObj__C)
                  0000e2f8    00000004     empty_min_pem4f.oem4f (.const:xdc_runtime_Error_policyFxn__C)
                  0000e2fc    00000004     empty_min_pem4f.oem4f (.const:xdc_runtime_Error_raiseHook__C)
                  0000e300    00000004     empty_min_pem4f.oem4f (.const:xdc_runtime_IGateProvider_Interface__BASE__C)
                  0000e304    00000004     empty_min_pem4f.oem4f (.const:xdc_runtime_IHeap_Interface__BASE__C)
                  0000e308    00000004     empty_min_pem4f.oem4f (.const:xdc_runtime_IModule_Interface__BASE__C)
                  0000e30c    00000004     empty_min_pem4f.oem4f (.const:xdc_runtime_Log_L_error__C)
                  0000e310    00000004     empty_min_pem4f.oem4f (.const:xdc_runtime_Memory_defaultHeapInstance__C)
                  0000e314    00000004     empty_min_pem4f.oem4f (.const:xdc_runtime_Startup_execImpl__C)
                  0000e318    00000004     empty_min_pem4f.oem4f (.const:xdc_runtime_Startup_maxPasses__C)
                  0000e31c    00000004     empty_min_pem4f.oem4f (.const:xdc_runtime_Startup_sfxnRts__C)
                  0000e320    00000004     empty_min_pem4f.oem4f (.const:xdc_runtime_Startup_sfxnTab__C)
                  0000e324    00000004     empty_min_pem4f.oem4f (.const:xdc_runtime_SysMin_bufSize__C)
                  0000e328    00000004     empty_min_pem4f.oem4f (.const:xdc_runtime_SysMin_outputFunc__C)
                  0000e32c    00000004     empty_min_pem4f.oem4f (.const:xdc_runtime_System_Module__gateObj__C)
                  0000e330    00000004     empty_min_pem4f.oem4f (.const:xdc_runtime_System_abortFxn__C)
                  0000e334    00000004     empty_min_pem4f.oem4f (.const:xdc_runtime_System_exitFxn__C)
                  0000e338    00000004     empty_min_pem4f.oem4f (.const:xdc_runtime_System_extendFxn__C)
                  0000e33c    00000004     empty_min_pem4f.oem4f (.const:xdc_runtime_System_maxAtexitHandlers__C)
                  0000e340    00000004     empty_min_pem4f.oem4f (.const:xdc_runtime_Text_charTab__C)
                  0000e344    00000004     empty_min_pem4f.oem4f (.const:xdc_runtime_Text_nameEmpty__C)
                  0000e348    00000004     empty_min_pem4f.oem4f (.const:xdc_runtime_Text_nameStatic__C)
                  0000e34c    00000004     empty_min_pem4f.oem4f (.const:xdc_runtime_Text_nameUnknown__C)
                  0000e350    00000004     empty_min_pem4f.oem4f (.const:xdc_runtime_Text_nodeTab__C)
                  0000e354    00000004     empty_min_pem4f.oem4f (.const:xdc_runtime_Text_visitRopeFxn__C)
                  0000e358    00000002     empty_min_pem4f.oem4f (.const:xdc_runtime_Core_Module__id__C)
                  0000e35a    00000002     empty_min_pem4f.oem4f (.const:xdc_runtime_Error_Module__loggerDefined__C)
                  0000e35c    00000002     empty_min_pem4f.oem4f (.const:xdc_runtime_Error_maxDepth__C)
                  0000e35e    00000002     empty_min_pem4f.oem4f (.const:xdc_runtime_Main_Module__id__C)
                  0000e360    00000002     empty_min_pem4f.oem4f (.const:xdc_runtime_Memory_Module__id__C)
                  0000e362    00000002     empty_min_pem4f.oem4f (.const:xdc_runtime_SysMin_flushAtExit__C)
                  0000e364    00000002     empty_min_pem4f.oem4f (.const:xdc_runtime_Text_charCnt__C)
                  0000e366    00000002     empty_min_pem4f.oem4f (.const:xdc_runtime_Text_isLoaded__C)
                  0000e368    00000002     empty_min_pem4f.oem4f (.const:xdc_runtime_Text_registryModsLastId__C)
                  0000e36a    00000002     empty_min_pem4f.oem4f (.const:xdc_runtime_Text_unnamedModsLastId__C)

.cinit     0    0000e370    000003e8     
                  0000e370    000003ad     (.cinit..data.load) [load image, compression = lzss]
                  0000e71d    00000003     --HOLE-- [fill = 0]
                  0000e720    0000000c     (__TI_handler_table)
                  0000e72c    00000004     --HOLE-- [fill = 0]
                  0000e730    00000008     (.cinit..bss.load) [load image, compression = zero_init]
                  0000e738    00000008     (.cinit..vecs.load) [load image, compression = zero_init]
                  0000e740    00000018     (__TI_cinit_table)

.init_array 
*          0    00000000    00000000     UNINITIALIZED

.resetVecs 
*          0    00000000    0000003c     
                  00000000    0000003c     empty_min_pem4f.oem4f (.resetVecs)

.bss       0    20000360    00001cf6     UNINITIALIZED
                  20000360    00001000     (.common:taskStack)
                  20001360    00000400     (.common:ti_sysbios_heaps_HeapMem_Instance_State_0_buf__A)
                  20001760    00000360     (.common:ti_sysbios_family_arm_m3_Hwi_dispatchTable)
                  20001ac0    00000140     grlib.lib : widget.obj (.bss:g_psMQ)
                  20001c00    00000120     rtsv7M4_T_le_v4SPD16_eabi.lib : trgmsg.c.obj (.bss:_CIOBUF_)
                  20001d20    000000c8     (.common:adcGraphSamples)
                  20001de8    00000090     drivers_tivaware.aem4f : GPIOTiva.oem4f (.bss:gpioCallbackInfo)
                  20001e78    00000080     (.common:xdc_runtime_SysMin_Module_State_0_outbuf__A)
                  20001ef8    00000038     (.common:motorLibPWMObjects)
                  20001f30    0000002c     (.common:sContext)
                  20001f5c    00000020     motorlib.lib : motorlib.obj (.bss:PWMStruct)
                  20001f7c    00000020     empty_min.obj (.bss:t$1)
                  20001f9c    00000020     (.common:g_pui8Dictionary)
                  20001fbc    0000001c     rtsv7M4_T_le_v4SPD16_eabi.lib : asctime.c.obj (.bss:time_buf)
                  20001fd8    00000018     (.common:motorLibPWMTimerObjects)
                  20001ff0    00000014     (.common:textBuffer)
                  20002004    00000010     touch.obj (.bss:g_pi16Samples)
                  20002014    00000008     touch.obj (.bss)
                  2000201c    00000008     (.common:highLimit)
                  20002024    00000008     (.common:lowLimit)
                  2000202c    00000008     (.common:parmbuf)
                  20002034    00000004     (.common:g_pi32ParmSet)
                  20002038    00000004     (.common:g_psGrLibDefaults)
                  2000203c    00000004     (.common:gpioInterruptVectors)
                  20002040    00000004     (.common:motorAccelerationLimit)
                  20002044    00000004     (.common:motorCurrentLimit)
                  20002048    00000004     (.common:motorSpeedLimit)
                  2000204c    00000004     (.common:motorTemperatureLimit)
                  20002050    00000002     (.common:drawingGraph)
                  20002052    00000002     (.common:g_i16TouchX)
                  20002054    00000002     (.common:g_i16TouchY)

.data      0    20002058    00000c94     UNINITIALIZED
                  20002058    00000080     empty_min_pem4f.oem4f (.data:ti_sysbios_knl_Swi_Module_State_0_readyQ__A)
                  200020d8    00000080     empty_min_pem4f.oem4f (.data:ti_sysbios_knl_Task_Module_State_0_readyQ__A)
                  20002158    00000050     user_interface.obj (.data:g_sGraphAccel)
                  200021a8    00000050     user_interface.obj (.data:g_sGraphActBack)
                  200021f8    00000050     user_interface.obj (.data:g_sGraphAmbientTemp)
                  20002248    00000050     user_interface.obj (.data:g_sGraphBack)
                  20002298    00000050     user_interface.obj (.data:g_sGraphLight)
                  200022e8    00000050     user_interface.obj (.data:g_sGraphMotorTemp)
                  20002338    00000050     user_interface.obj (.data:g_sGraphOption)
                  20002388    00000050     user_interface.obj (.data:g_sGraphPower)
                  200023d8    00000050     user_interface.obj (.data:g_sGraphSpeed)
                  20002428    00000050     user_interface.obj (.data:g_sMotorOption)
                  20002478    00000050     user_interface.obj (.data:g_sSetAccel)
                  200024c8    00000050     user_interface.obj (.data:g_sSetAdd)
                  20002518    00000050     user_interface.obj (.data:g_sSetBack)
                  20002568    00000050     user_interface.obj (.data:g_sSetCurrent)
                  200025b8    00000050     user_interface.obj (.data:g_sSetMotor)
                  20002608    00000050     user_interface.obj (.data:g_sSetName)
                  20002658    00000050     user_interface.obj (.data:g_sSetOption)
                  200026a8    00000050     user_interface.obj (.data:g_sSetSave)
                  200026f8    00000050     user_interface.obj (.data:g_sSetSub)
                  20002748    00000050     user_interface.obj (.data:g_sSetTemp)
                  20002798    00000050     user_interface.obj (.data:g_sSetValue)
                  200027e8    00000044     empty_min_pem4f.oem4f (.data:ti_sysbios_knl_Task_Module__state__V)
                  2000282c    00000040     user_interface.obj (.data:g_sGraph)
                  2000286c    00000040     user_interface.obj (.data:g_sGraphPage)
                  200028ac    00000040     user_interface.obj (.data:g_sMenuGraphPage)
                  200028ec    00000040     user_interface.obj (.data:g_sMenuSetPage)
                  2000292c    00000040     user_interface.obj (.data:g_sMenuTypePage)
                  2000296c    00000040     user_interface.obj (.data:g_sSettingPage)
                  200029ac    00000040     empty_min_pem4f.oem4f (.data:ti_sysbios_family_arm_lm4_Timer_Module_State_0_device__A)
                  200029ec    00000040     empty_min_pem4f.oem4f (.data:ti_sysbios_family_arm_lm4_Timer_Object__table__V)
                  20002a2c    00000038     empty_min_pem4f.oem4f (.data:ti_sysbios_gates_GateMutex_Object__table__V)
                  20002a64    00000034     empty_min_pem4f.oem4f (.data:ti_sysbios_family_arm_m3_Hwi_Module__state__V)
                  20002a98    00000030     empty_min_pem4f.oem4f (.data:ti_sysbios_knl_Swi_Object__table__V)
                  20002ac8    0000002d     grlib.lib : widget.obj (.data)
                  20002af5    00000001     --HOLE--
                  20002af6    00000002     empty_min_pem4f.oem4f (.data:ti_sysbios_family_arm_m3_Hwi_Module_State_0_excActive__A)
                  20002af8    0000002c     empty_min_pem4f.oem4f (.data:ti_sysbios_knl_Clock_Module__state__V)
                  20002b24    00000024     rtsv7M4_T_le_v4SPD16_eabi.lib : localtim.c.obj (.data:local_tm)
                  20002b48    00000024     empty_min_pem4f.oem4f (.data:ti_sysbios_BIOS_Module__state__V)
                  20002b6c    00000020     empty_min_pem4f.oem4f (.data:ti_sysbios_family_arm_lm4_Timer_Module_State_0_handles__A)
                  20002b8c    0000001c     EK_TM4C1294XL.obj (.data:gpioPinConfigs)
                  20002ba8    0000001c     empty_min_pem4f.oem4f (.data:ti_sysbios_knl_Swi_Module__state__V)
                  20002bc4    00000018     drivers_tivaware.aem4f : PWMTiva.oem4f (.data)
                  20002bdc    00000018     empty_min_pem4f.oem4f (.data:ti_sysbios_family_arm_m3_Hwi_Object__table__V)
                  20002bf4    00000018     empty_min_pem4f.oem4f (.data:ti_sysbios_heaps_HeapMem_Object__table__V)
                  20002c0c    00000014     EK_TM4C1294XL.obj (.data:gpioCallbackFunctions)
                  20002c20    00000010     rtsv7M4_T_le_v4SPD16_eabi.lib : tmzone.c.obj (.data:_tz)
                  20002c30    0000000c     empty_min_pem4f.oem4f (.data:ti_sysbios_family_arm_lm4_Timer_Module__state__V)
                  20002c3c    0000000c     empty_min_pem4f.oem4f (.data:xdc_runtime_SysMin_Module__state__V)
                  20002c48    0000000a     user_interface.obj (.data)
                  20002c52    00000002     empty_min_pem4f.oem4f (.data:xdc_runtime_Error_Module__state__V)
                  20002c54    00000008     rtsv7M4_T_le_v4SPD16_eabi.lib : _lock.c.obj (.data:$O1$$)
                  20002c5c    00000008     empty_min_pem4f.oem4f (.data:ti_sysbios_family_arm_m3_Hwi_Module__root__V)
                  20002c64    00000008     empty_min_pem4f.oem4f (.data:ti_sysbios_gates_GateHwi_Module__root__V)
                  20002c6c    00000008     empty_min_pem4f.oem4f (.data:ti_sysbios_gates_GateMutex_Module__root__V)
                  20002c74    00000008     empty_min_pem4f.oem4f (.data:ti_sysbios_hal_Hwi_Module__root__V)
                  20002c7c    00000008     empty_min_pem4f.oem4f (.data:ti_sysbios_heaps_HeapMem_Module__root__V)
                  20002c84    00000008     empty_min_pem4f.oem4f (.data:ti_sysbios_knl_Queue_Module__root__V)
                  20002c8c    00000008     empty_min_pem4f.oem4f (.data:ti_sysbios_knl_Semaphore_Module__root__V)
                  20002c94    00000008     empty_min_pem4f.oem4f (.data:ti_sysbios_knl_Task_Module__root__V)
                  20002c9c    00000008     empty_min_pem4f.oem4f (.data:xdc_runtime_Registry_Module__state__V)
[...]
0000d8ae  xdc_runtime_Text_nodeTab__A                                          
0000d96a  ti_sysbios_heaps_HeapMem_Module__id__C                               
0000dba4  PWM_config                                                           
0000dc58  motorLibPWMTivaHWAttrs                                               
0000ddd4  ti_sysbios_knl_Task_Object__PARAMS__C                                
0000de70  ti_sysbios_family_arm_m3_Hwi_Object__PARAMS__C                       
0000dea0  ti_sysbios_hal_Hwi_Object__PARAMS__C                                 
0000decc  g_sKentec320x240x16_SSD2119                                          
0000def4  ti_sysbios_heaps_HeapMem_Module__FXNS__C                             
0000df1c  ti_sysbios_gates_GateHwi_Module__FXNS__C                             
0000df40  ti_sysbios_gates_GateMutex_Module__FXNS__C                           
0000df64  ti_sysbios_heaps_HeapMem_Object__PARAMS__C                           
0000df88  ti_sysbios_knl_Clock_Object__PARAMS__C                               
0000dfac  ti_sysbios_knl_Semaphore_Object__PARAMS__C                           
0000dfd0  PWMTimerTiva_fxnTable                                                
0000dfec  PWMTimerTiva_MAX_PRESCALAR_VALUE                                     
0000dfee  PWMTimerTiva_MAX_MATCH_VALUE                                         
0000dff0  PWMTiva_fxnTable                                                     
0000e00c  PWMTiva_MAX_PRESCALAR                                                
0000e00e  PWMTiva_MAX_MATCH_VALUE                                              
0000e010  ti_sysbios_family_arm_m3_Hwi_Object__DESC__C                         
0000e030  ti_sysbios_gates_GateHwi_Object__DESC__C                             
0000e050  ti_sysbios_gates_GateMutex_Object__DESC__C                           
0000e070  ti_sysbios_hal_Hwi_Object__DESC__C                                   
0000e090  ti_sysbios_heaps_HeapMem_Object__DESC__C                             
0000e0b0  ti_sysbios_knl_Queue_Object__DESC__C                                 
0000e0d0  ti_sysbios_knl_Semaphore_Object__DESC__C                             
0000e0f0  ti_sysbios_knl_Task_Object__DESC__C                                  
0000e110  xdc_runtime_Startup_sfxnTab__A                                       
0000e130  g_pi32TouchParameters                                                
0000e14c  ti_sysbios_gates_GateHwi_Object__PARAMS__C                           
0000e164  ti_sysbios_gates_GateMutex_Object__PARAMS__C                         
0000e17c  ti_sysbios_knl_Queue_Object__PARAMS__C                               
0000e194  GPIOTiva_config                                                      
0000e1a8  xdc_runtime_Startup_firstFxns__A                                     
0000e1bc  g_psDefaultCodePointMapTable                                         
0000e1cc  motorLibPWMTimerTivaHWAttrs                                          
0000e1dc  xdc_runtime_Startup_sfxnRts__A                                       
0000e1ec  PWM_defaultParams                                                    
0000e208  ti_sysbios_family_arm_m3_Hwi_excHookFuncs__A                         
0000e210  ti_sysbios_knl_Idle_funcList__C                                      
0000e218  xdc_runtime_Startup_firstFxns__C                                     
0000e220  xdc_runtime_Startup_lastFxns__C                                      
0000e228  ti_catalog_arm_cortexm4_tiva_ce_Boot_A_mustNotUseEnhancedClockMode__C
0000e22c  ti_catalog_arm_cortexm4_tiva_ce_Boot_Module__diagsEnabled__C         
0000e230  ti_catalog_arm_cortexm4_tiva_ce_Boot_Module__diagsIncluded__C        
0000e234  ti_catalog_arm_cortexm4_tiva_ce_Boot_Module__diagsMask__C            
0000e238  ti_sysbios_family_arm_lm4_Timer_enableFunc__C                        
0000e23c  ti_sysbios_family_arm_lm4_Timer_numTimerDevices__C                   
0000e240  ti_sysbios_family_arm_lm4_Timer_startupNeeded__C                     
0000e244  ti_sysbios_family_arm_m3_Hwi_E_NMI__C                                
0000e248  ti_sysbios_family_arm_m3_Hwi_E_alreadyDefined__C                     
0000e24c  ti_sysbios_family_arm_m3_Hwi_E_busFault__C                           
0000e250  ti_sysbios_family_arm_m3_Hwi_E_debugMon__C                           
0000e254  ti_sysbios_family_arm_m3_Hwi_E_hardFault__C                          
0000e258  ti_sysbios_family_arm_m3_Hwi_E_memFault__C                           
0000e25c  ti_sysbios_family_arm_m3_Hwi_E_noIsr__C                              
0000e260  ti_sysbios_family_arm_m3_Hwi_E_reserved__C                           
0000e264  ti_sysbios_family_arm_m3_Hwi_E_svCall__C                             
0000e268  ti_sysbios_family_arm_m3_Hwi_E_usageFault__C                         
0000e26c  ti_sysbios_family_arm_m3_Hwi_NUM_INTERRUPTS__C                       
0000e270  ti_sysbios_family_arm_m3_Hwi_Object__count__C                        
0000e274  ti_sysbios_family_arm_m3_Hwi_ccr__C                                  
0000e278  ti_sysbios_family_arm_m3_Hwi_excHandlerFunc__C                       
0000e27c  ti_sysbios_family_arm_m3_Hwi_excHookFuncs__C                         
0000e280  ti_sysbios_family_arm_m3_Hwi_nullIsrFunc__C                          
0000e284  ti_sysbios_family_arm_m3_Hwi_priGroup__C                             
0000e288  ti_sysbios_family_arm_m3_TaskSupport_stackAlignment__C               
0000e28c  ti_sysbios_gates_GateMutex_Instance_State_sem__O                     
0000e290  ti_sysbios_heaps_HeapMem_E_memory__C                                 
0000e294  ti_sysbios_heaps_HeapMem_Module__gateObj__C                          
0000e298  ti_sysbios_heaps_HeapMem_Object__count__C                            
0000e29c  ti_sysbios_heaps_HeapMem_reqAlign__C                                 
0000e2a0  ti_sysbios_knl_Clock_Module_State_clockQ__O                          
0000e2a4  ti_sysbios_knl_Idle_funcList__A                                      
0000e2a8  ti_sysbios_knl_Semaphore_Instance_State_pendQ__O                     
0000e2ac  ti_sysbios_knl_Swi_Object__count__C                                  
0000e2b0  ti_sysbios_knl_Task_Module_State_inactiveQ__O                        
0000e2b4  ti_sysbios_knl_Task_Object__count__C                                 
0000e2b8  ti_sysbios_knl_Task_allBlockedFunc__C                                
0000e2bc  ti_sysbios_knl_Task_defaultStackHeap__C                              
0000e2c0  ti_sysbios_knl_Task_defaultStackSize__C                              
0000e2c4  ti_sysbios_knl_Task_numConstructedTasks__C                           
0000e2c8  xdc_runtime_Assert_E_assertFailed__C                                 
0000e2cc  xdc_runtime_Core_A_initializedParams__C                              
0000e2d0  xdc_runtime_Core_Module__diagsEnabled__C                             
0000e2d4  xdc_runtime_Core_Module__diagsIncluded__C                            
0000e2d8  xdc_runtime_Core_Module__diagsMask__C                                
0000e2dc  xdc_runtime_Error_E_generic__C                                       
0000e2e0  xdc_runtime_Error_E_memory__C                                        
0000e2e4  xdc_runtime_Error_Module__diagsEnabled__C                            
0000e2e8  xdc_runtime_Error_Module__diagsIncluded__C                           
0000e2ec  xdc_runtime_Error_Module__diagsMask__C                               
0000e2f0  xdc_runtime_Error_Module__loggerFxn8__C                              
0000e2f4  xdc_runtime_Error_Module__loggerObj__C                               
0000e2f8  xdc_runtime_Error_policyFxn__C                                       
0000e2fc  xdc_runtime_Error_raiseHook__C                                       
0000e300  xdc_runtime_IGateProvider_Interface__BASE__C                         
0000e304  xdc_runtime_IHeap_Interface__BASE__C                                 
0000e308  xdc_runtime_IModule_Interface__BASE__C                               
0000e30c  xdc_runtime_Log_L_error__C                                           
0000e310  xdc_runtime_Memory_defaultHeapInstance__C                            
0000e314  xdc_runtime_Startup_execImpl__C                                      
0000e318  xdc_runtime_Startup_maxPasses__C                                     
0000e31c  xdc_runtime_Startup_sfxnRts__C                                       
0000e320  xdc_runtime_Startup_sfxnTab__C                                       
0000e324  xdc_runtime_SysMin_bufSize__C                                        
0000e328  xdc_runtime_SysMin_outputFunc__C                                     
0000e32c  xdc_runtime_System_Module__gateObj__C                                
0000e330  xdc_runtime_System_abortFxn__C                                       
0000e334  xdc_runtime_System_exitFxn__C                                        
0000e338  xdc_runtime_System_extendFxn__C                                      
0000e33c  xdc_runtime_System_maxAtexitHandlers__C                              
0000e340  xdc_runtime_Text_charTab__C                                          
0000e344  xdc_runtime_Text_nameEmpty__C                                        
0000e348  xdc_runtime_Text_nameStatic__C                                       
0000e34c  xdc_runtime_Text_nameUnknown__C                                      
0000e350  xdc_runtime_Text_nodeTab__C                                          
0000e354  xdc_runtime_Text_visitRopeFxn__C                                     
0000e358  xdc_runtime_Core_Module__id__C                                       
0000e35a  xdc_runtime_Error_Module__loggerDefined__C                           
0000e35c  xdc_runtime_Error_maxDepth__C                                        
0000e35e  xdc_runtime_Main_Module__id__C                                       
0000e360  xdc_runtime_Memory_Module__id__C                                     
0000e362  xdc_runtime_SysMin_flushAtExit__C                                    
0000e364  xdc_runtime_Text_charCnt__C                                          
0000e366  xdc_runtime_Text_isLoaded__C                                         
0000e368  xdc_runtime_Text_registryModsLastId__C                               
0000e36a  xdc_runtime_Text_unnamedModsLastId__C                                
0000e370  __TI_static_base__                                                   
0000e720  __TI_Handler_Table_Base                                              
0000e72c  __TI_Handler_Table_Limit                                             
0000e740  __TI_CINIT_Base                                                      
0000e758  __TI_CINIT_Limit                                                     
20000000  ti_sysbios_family_arm_m3_Hwi_ramVectors                              
20000360  taskStack                                                            
20001360  ti_sysbios_heaps_HeapMem_Instance_State_0_buf__A                     
20001760  ti_sysbios_family_arm_m3_Hwi_dispatchTable                           
20001c00  __CIOBUF_                                                            
20001d20  adcGraphSamples                                                      
20001e78  xdc_runtime_SysMin_Module_State_0_outbuf__A                          
20001ef8  motorLibPWMObjects                                                   
20001f30  sContext                                                             
20001fd8  motorLibPWMTimerObjects                                              
20001ff0  textBuffer                                                           
2000201c  highLimit                                                            
20002024  lowLimit                                                             
2000202c  parmbuf                                                              
20002034  g_pi32ParmSet                                                        
20002040  motorAccelerationLimit                                               
20002044  motorCurrentLimit                                                    
20002048  motorSpeedLimit                                                      
2000204c  motorTemperatureLimit                                                
20002050  drawingGraph                                                         
20002052  g_i16TouchX                                                          
20002054  g_i16TouchY                                                          
20002058  ti_sysbios_knl_Swi_Module_State_0_readyQ__A                          
200020d8  ti_sysbios_knl_Task_Module_State_0_readyQ__A                         
20002158  g_sGraphAccel                                                        
200021a8  g_sGraphActBack                                                      
200021f8  g_sGraphAmbientTemp                                                  
20002248  g_sGraphBack                                                         
20002298  g_sGraphLight                                                        
200022e8  g_sGraphMotorTemp                                                    
20002338  g_sGraphOption                                                       
20002388  g_sGraphPower                                                        
200023d8  g_sGraphSpeed                                                        
20002428  g_sMotorOption                                                       
20002478  g_sSetAccel                                                          
200024c8  g_sSetAdd                                                            
20002518  g_sSetBack                                                           
20002568  g_sSetCurrent                                                        
200025b8  g_sSetMotor                                                          
20002608  g_sSetName                                                           
20002658  g_sSetOption                                                         
200026a8  g_sSetSave                                                           
200026f8  g_sSetSub                                                            
20002748  g_sSetTemp                                                           
20002798  g_sSetValue                                                          
200027e8  ti_sysbios_knl_Task_Module__state__V                                 
2000282c  g_sGraph                                                             
2000286c  g_sGraphPage                                                         
200028ac  g_sMenuGraphPage                                                     
200028ec  g_sMenuSetPage                                                       
2000292c  g_sMenuTypePage                                                      
2000296c  g_sSettingPage                                                       
200029ac  ti_sysbios_family_arm_lm4_Timer_Module_State_0_device__A             
200029ec  ti_sysbios_family_arm_lm4_Timer_Object__table__V                     
20002a2c  ti_sysbios_gates_GateMutex_Object__table__V                          
20002a64  ti_sysbios_family_arm_m3_Hwi_Module__state__V                        
20002a98  ti_sysbios_knl_Swi_Object__table__V                                  
20002ac8  g_sRoot                                                              
20002af6  ti_sysbios_family_arm_m3_Hwi_Module_State_0_excActive__A             
20002af8  ti_sysbios_knl_Clock_Module__state__V                                
20002b48  ti_sysbios_BIOS_Module__state__V                                     
20002b6c  ti_sysbios_family_arm_lm4_Timer_Module_State_0_handles__A            
20002b8c  gpioPinConfigs                                                       
20002ba8  ti_sysbios_knl_Swi_Module__state__V                                  
20002bdc  ti_sysbios_family_arm_m3_Hwi_Object__table__V                        
20002bf4  ti_sysbios_heaps_HeapMem_Object__table__V                            
20002c0c  gpioCallbackFunctions                                                
20002c20  _tz                                                                  
20002c30  ti_sysbios_family_arm_lm4_Timer_Module__state__V                     
20002c3c  xdc_runtime_SysMin_Module__state__V                                  
20002c48  settingsPageIdentifier                                               
20002c4c  motorState                                                           
20002c50  graphedPointsCount                                                   
20002c52  xdc_runtime_Error_Module__state__V                                   
20002c54  _lock                                                                
20002c58  _unlock                                                              
20002c5c  ti_sysbios_family_arm_m3_Hwi_Module__root__V                         
20002c64  ti_sysbios_gates_GateHwi_Module__root__V                             
20002c6c  ti_sysbios_gates_GateMutex_Module__root__V                           
20002c74  ti_sysbios_hal_Hwi_Module__root__V                                   
20002c7c  ti_sysbios_heaps_HeapMem_Module__root__V                             
20002c84  ti_sysbios_knl_Queue_Module__root__V                                 
20002c8c  ti_sysbios_knl_Semaphore_Module__root__V                             
20002c94  ti_sysbios_knl_Task_Module__root__V                                  
20002c9c  xdc_runtime_Registry_Module__state__V                                
20002ca4  xdc_runtime_Startup_Module__state__V                                 
20002cac  xdc_runtime_System_Module_State_0_atexitHandlers__A                  
20002cb4  xdc_runtime_System_Module__state__V                                  
20002cc8  errno                                                                
20002cd0  main_func_sp                                                         
20002cd4  ti_sysbios_family_arm_m3_Hwi_Module_State_0_excContext__A            
20002cd8  ti_sysbios_family_arm_m3_Hwi_Module_State_0_excStack__A              
20002cdc  ti_sysbios_gates_GateHwi_Object__table__V                            
20002ce0  ti_sysbios_knl_Task_Module_State_0_idleTask__A                       
20002ce4  g_i16TouchMin                                                        
20002ce8  xdc_runtime_Memory_Module__state__V                                  
20002cf0  __stack                                                              
20002ff0  __STACK_END                                                          
e000e000  ti_sysbios_family_arm_m3_Hwi_nvic                                    
ffffffff  __TI_pprof_out_hndl                                                  
ffffffff  __TI_prof_data_size                                                  
ffffffff  __TI_prof_data_start                                                 
ffffffff  __binit__                                                            
ffffffff  __c_args__                                                           
ffffffff  binit                                                                
UNDEFED   ROM_GPIOPinConfigure                                                 
UNDEFED   ROM_GPIOPinTypeGPIOInput                                             
UNDEFED   ROM_GPIOPinTypeGPIOOutput                                            
UNDEFED   ROM_GPIOPinTypeUART                                                  
UNDEFED   ROM_GPIOPinTypeUSBAnalog                                             
UNDEFED   ROM_GPIOPinTypeUSBDigital                                            
UNDEFED   ROM_GPIOPinWrite                                                     
UNDEFED   ROM_SysCtlPeripheralEnable                                           
UNDEFED   SHT$$INIT_ARRAY$$Base                                                
UNDEFED   SHT$$INIT_ARRAY$$Limit                                               

[745 symbols]
